TMS320C6x COFF Assembler         Version 4.10     Tue Jun 16 16:19:03 2026
Copyright (c) 1996-2001 Texas Instruments Incorporated
temp\interrupt.asm                                                   PAGE    1

       1                    ;******************************************************************************
       2                    ;* TMS320C6x ANSI C Codegen                                      Version 4.10 *
       3                    ;* Date/Time created: Tue Jun 16 16:19:03 2026                                *
       4                    ;******************************************************************************
       5                    
       6                    ;******************************************************************************
       7                    ;* GLOBAL FILE PARAMETERS                                                     *
       8                    ;*                                                                            *
       9                    ;*   Architecture      : TMS320C670x                                          *
      10                    ;*   Optimization      : Disabled                                             *
      11                    ;*   Optimizing for    : Compile time, Ease of Development                    *
      12                    ;*                       Based on options: no -o, no -ms                      *
      13                    ;*   Endian            : Little                                               *
      14                    ;*   Interrupt Thrshld : Disabled                                             *
      15                    ;*   Memory Model      : Large                                                *
      16                    ;*   Calls to RTS      : Far                                                  *
      17                    ;*   Pipelining        : Disabled                                             *
      18                    ;*   Memory Aliases    : Presume are aliases (pessimistic)                    *
      19                    ;*   Debug Info        : No Debug Info                                        *
      20                    ;*                                                                            *
      21                    ;******************************************************************************
      22                    
      23                            .asg    A15, FP
      24                            .asg    B14, DP
      25                            .asg    B15, SP
      26                            .global $bss
      27                    
      28                    
      29 00000000                   .sect   ".cinit"
      30                            .align  8
      31 00000000 00000004          .field          4,32
      32 00000004 00000000-         .field          _TFlag+0,32
      33 00000008 00000000          .field          0,32                    ; _TFlag @ 0
      34 00000000                   .sect   ".text"
      35                            .global _TFlag
      36 00000000           _TFlag: .usect  .far,4,4
      37                    
      38 0000000c                   .sect   ".cinit"
      39                            .align  8
      40 00000010 00000004          .field          4,32
      41 00000014 00000004-         .field          _theta_speed$1+0,32
      42 00000018 00000000          .word   000000000h              ; _theta_speed$1 @ 0
      43 00000000                   .sect   ".text"
      44 00000004           _theta_speed$1: .usect  .far,4,4
      45                    
      46 0000001c                   .sect   ".cinit"
      47                            .align  8
      48 00000020 00000004          .field          4,32
      49 00000024 00000008-         .field          _theta_angle_p$2+0,32
      50 00000028 00000000          .word   000000000h              ; _theta_angle_p$2 @ 0
      51 00000000                   .sect   ".text"
      52 00000008           _theta_angle_p$2:       .usect  .far,4,4
      53                    
      54 0000002c                   .sect   ".cinit"
      55                            .align  8
TMS320C6x COFF Assembler         Version 4.10     Tue Jun 16 16:19:03 2026
Copyright (c) 1996-2001 Texas Instruments Incorporated
temp\interrupt.asm                                                   PAGE    2

      56 00000030 00000004          .field          4,32
      57 00000034 0000000C-         .field          _angle_initialized$3+0,32
      58 00000038 00000000          .field          0,32                    ; _angle_initialized$3 @ 0
      59 00000000                   .sect   ".text"
      60 0000000c           _angle_initialized$3:   .usect  .far,4,4
      61                    
      62 0000003c                   .sect   ".cinit"
      63                            .align  8
      64 00000040 00000004          .field          4,32
      65 00000044 00000010-         .field          _x_p$4+0,32
      66 00000048 00000000          .word   000000000h              ; _x_p$4 @ 0
      67 00000000                   .sect   ".text"
      68 00000010           _x_p$4: .usect  .far,4,4
      69                    
      70 0000004c                   .sect   ".cinit"
      71                            .align  8
      72 00000050 00000004          .field          4,32
      73 00000054 00000014-         .field          _x_i$5+0,32
      74 00000058 00000000          .word   000000000h              ; _x_i$5 @ 0
      75 00000000                   .sect   ".text"
      76 00000014           _x_i$5: .usect  .far,4,4
      77                    
      78 0000005c                   .sect   ".cinit"
      79                            .align  8
      80 00000060 00000004          .field          4,32
      81 00000064 00000018-         .field          _theta_p$6+0,32
      82 00000068 00000000          .word   000000000h              ; _theta_p$6 @ 0
      83 00000000                   .sect   ".text"
      84 00000018           _theta_p$6:     .usect  .far,4,4
      85                    
      86 0000006c                   .sect   ".cinit"
      87                            .align  8
      88 00000070 00000004          .field          4,32
      89 00000074 0000001C-         .field          _theta_i$7+0,32
      90 00000078 00000000          .word   000000000h              ; _theta_i$7 @ 0
      91 00000000                   .sect   ".text"
      92 0000001c           _theta_i$7:     .usect  .far,4,4
      93                    
      94 0000007c                   .sect   ".cinit"
      95                            .align  8
      96 00000080 00000004          .field          4,32
      97 00000084 00000020-         .field          _swing_direction$8+0,32
      98 00000088 3F800000          .word   03f800000h              ; _swing_direction$8 @ 0
      99 00000000                   .sect   ".text"
     100 00000020           _swing_direction$8:     .usect  .far,4,4
     101                    
     102 0000008c                   .sect   ".cinit"
     103                            .align  8
     104 00000090 00000004          .field          4,32
     105 00000094 00000024-         .field          _swing_hold_cnt$9+0,32
     106 00000098 00000000          .field          0,32                    ; _swing_hold_cnt$9 @ 0
     107 00000000                   .sect   ".text"
     108 00000024           _swing_hold_cnt$9:      .usect  .far,4,4
     109                    
     110 0000009c                   .sect   ".cinit"
TMS320C6x COFF Assembler         Version 4.10     Tue Jun 16 16:19:03 2026
Copyright (c) 1996-2001 Texas Instruments Incorporated
temp\interrupt.asm                                                   PAGE    3

     111                            .align  8
     112 000000a0 00000004          .field          4,32
     113 000000a4 00000028-         .field          _mode$10+0,32
     114 000000a8 00000000          .field          0,32                    ; _mode$10 @ 0
     115 00000000                   .sect   ".text"
     116 00000028           _mode$10:       .usect  .far,4,4
     117                    
     118 000000ac                   .sect   ".cinit"
     119                            .align  8
     120 000000b0 00000004          .field          4,32
     121 000000b4 0000002C-         .field          _swing_state$11+0,32
     122 000000b8 00000000          .field          0,32                    ; _swing_state$11 @ 0
     123 00000000                   .sect   ".text"
     124 0000002c           _swing_state$11:        .usect  .far,4,4
     125                    ;       acp6x -q -D_FAR_RTS=1 --large_model=3 --version=6701 -m --i_output_file C:\Users\W10\AppData\L
     126 00000000                   .sect   ".text"
     127                            .global _ISRextint4
     128                    
     129                    ;******************************************************************************
     130                    ;* FUNCTION NAME: _ISRextint4                                                 *
     131                    ;*                                                                            *
     132                    ;*   Regs Modified     :                                                      *
     133                    ;*   Regs Used         :                                                      *
     134                    ;*   Local Frame Size  : 0 Args + 0 Auto + 0 Save = 0 byte                    *
     135                    ;******************************************************************************
     136 00000000           _ISRextint4:
     137                    ;** --------------------------------------------------------------------------*
     138 00000000 001800E2             B       .S2     IRP               ; |11| 
     139 00000004 00008000             NOP             5
     140                               ; BRANCH OCCURS                   ; |11| 
     141                    
     142                    
     143 00000008                   .sect   ".text"
     144                            .global _ISRextint5
     145                    
     146                    ;******************************************************************************
     147                    ;* FUNCTION NAME: _ISRextint5                                                 *
     148                    ;*                                                                            *
     149                    ;*   Regs Modified     :                                                      *
     150                    ;*   Regs Used         :                                                      *
     151                    ;*   Local Frame Size  : 0 Args + 0 Auto + 0 Save = 0 byte                    *
     152                    ;******************************************************************************
     153 00000008           _ISRextint5:
     154                    ;** --------------------------------------------------------------------------*
     155 00000008 001800E2             B       .S2     IRP               ; |17| 
     156 0000000c 00008000             NOP             5
     157                               ; BRANCH OCCURS                   ; |17| 
     158                    
     159                    
     160 00000010                   .sect   ".text"
     161                            .global _c_int08
     162                    
     163                    ;******************************************************************************
     164                    ;* FUNCTION NAME: _c_int08                                                    *
     165                    ;*                                                                            *
TMS320C6x COFF Assembler         Version 4.10     Tue Jun 16 16:19:03 2026
Copyright (c) 1996-2001 Texas Instruments Incorporated
temp\interrupt.asm                                                   PAGE    4

     166                    ;*   Regs Modified     :                                                      *
     167                    ;*   Regs Used         :                                                      *
     168                    ;*   Local Frame Size  : 0 Args + 0 Auto + 0 Save = 0 byte                    *
     169                    ;******************************************************************************
     170 00000010           _c_int08:
     171                    ;** --------------------------------------------------------------------------*
     172 00000010 001800E2             B       .S2     IRP               ; |29| 
     173 00000014 00008000             NOP             5
     174                               ; BRANCH OCCURS                   ; |29| 
     175                    
     176                    
     177 00000018                   .sect   ".text"
     178                            .global _c_int09
     179                    
     180                    ;******************************************************************************
     181                    ;* FUNCTION NAME: _c_int09                                                    *
     182                    ;*                                                                            *
     183                    ;*   Regs Modified     :                                                      *
     184                    ;*   Regs Used         :                                                      *
     185                    ;*   Local Frame Size  : 0 Args + 0 Auto + 0 Save = 0 byte                    *
     186                    ;******************************************************************************
     187 00000018           _c_int09:
     188                    ;** --------------------------------------------------------------------------*
     189 00000018 001800E2             B       .S2     IRP               ; |35| 
     190 0000001c 00008000             NOP             5
     191                               ; BRANCH OCCURS                   ; |35| 
     192                    
     193                    
     194 00000020                   .sect   ".text"
     195                            .global _ISRtimer0
     196                    
     197                    ;******************************************************************************
     198                    ;* FUNCTION NAME: _ISRtimer0                                                  *
     199                    ;*                                                                            *
     200                    ;*   Regs Modified     : A0,A1,A2,A3,A4,A5,A6,A7,A8,A9,A10,A11,B0,B1,B2,B3,B4,*
     201                    ;*                           B5,B6,B7,B8,B9,B10,B11,SP                        *
     202                    ;*   Regs Used         : A0,A1,A2,A3,A4,A5,A6,A7,A8,A9,A10,A11,B0,B1,B2,B3,B4,*
     203                    ;*                           B5,B6,B7,B8,B9,B10,B11,SP                        *
     204                    ;*   Local Frame Size  : 0 Args + 60 Auto + 100 Save = 160 byte               *
     205                    ;******************************************************************************
     206 00000020           _ISRtimer0:
     207                    ;** --------------------------------------------------------------------------*
     208 00000020 07FFB052             ADDK    .S2     -160,SP           ; |57| 
     209 00000024 003E22F4             STW     .D2T1   A0,*+SP(68)       ; |57| 
     210 00000028 01BE82F4             STW     .D2T1   A3,*+SP(80)       ; |57| 
     211 0000002c 023EA2F4             STW     .D2T1   A4,*+SP(84)       ; |57| 
     212 00000030 020021FE             STW     .D2T2   B4,*+SP(132)      ; |57| 
     213 00000034 013E62F4             STW     .D2T1   A2,*+SP(76)       ; |57| 
     214 00000038 02BEC2F4             STW     .D2T1   A5,*+SP(88)       ; |57| 
     215 0000003c 033EE2F4             STW     .D2T1   A6,*+SP(92)       ; |57| 
     216 00000040 03BF02F4             STW     .D2T1   A7,*+SP(96)       ; |57| 
     217 00000044 043F22F4             STW     .D2T1   A8,*+SP(100)      ; |57| 
     218 00000048 04BF42F4             STW     .D2T1   A9,*+SP(104)      ; |57| 
     219 0000004c 053F62F4             STW     .D2T1   A10,*+SP(108)     ; |57| 
     220 00000050 05BF82F4             STW     .D2T1   A11,*+SP(112)     ; |57| 
TMS320C6x COFF Assembler         Version 4.10     Tue Jun 16 16:19:03 2026
Copyright (c) 1996-2001 Texas Instruments Incorporated
temp\interrupt.asm                                                   PAGE    5

     221 00000054 003FA2F6             STW     .D2T2   B0,*+SP(116)      ; |57| 
     222 00000058 00BFC2F6             STW     .D2T2   B1,*+SP(120)      ; |57| 
     223 0000005c 013FE2F6             STW     .D2T2   B2,*+SP(124)      ; |57| 
     224 00000060 018020FE             STW     .D2T2   B3,*+SP(128)      ; |57| 
     225 00000064 028022FE             STW     .D2T2   B5,*+SP(136)      ; |57| 
     226 00000068 030023FE             STW     .D2T2   B6,*+SP(140)      ; |57| 
     227 0000006c 038024FE             STW     .D2T2   B7,*+SP(144)      ; |57| 
     228 00000070 040025FE             STW     .D2T2   B8,*+SP(148)      ; |57| 
     229 00000074 048026FE             STW     .D2T2   B9,*+SP(152)      ; |57| 
     230 00000078 050027FE             STW     .D2T2   B10,*+SP(156)     ; |57| 
     231                    
     232 00000080 058028FF             STW     .D2T2   B11,*+SP(160)     ; |57| 
     233 00000084 00000028- ||         MVKL    .S1     _TFlag,A0         ; |91| 
     234                    
     235 00000088 018000A9             MVK     .S1     1,A3              ; |91| 
     236 0000008c 020848C1  ||         ZERO    .D1     A4                ; |82| 
     237 00000090 00BE42F4  ||         STW     .D2T1   A1,*+SP(72)       ; |57| 
     238                    
     239 00000094 023D82F5             STW     .D2T1   A4,*+SP(48)       ; |82| 
     240 00000098 00000069- ||         MVKH    .S1     _TFlag,A0         ; |91| 
     241 0000009c 0200002A! ||         MVKL    .S2     _TINTCnt,B4       ; |92| 
     242                    
     243 000000a0 00000029!            MVKL    .S1     _GetAngle,A0      ; |95| 
     244 000000a4 01800275  ||         STW     .D1T1   A3,*A0            ; |91| 
     245 000000a8 0200006A! ||         MVKH    .S2     _TINTCnt,B4       ; |92| 
     246                    
     247 000000ac 029002E7             LDW     .D2T2   *B4,B5            ; |92| 
     248 000000b0 00000068! ||         MVKH    .S1     _GetAngle,A0      ; |95| 
     249                    
     250 000000b4 00001362             B       .S2X    A0                ; |95| 
     251 000000b8 0180662A'            MVKL    .S2     RL0,B3            ; |95| 
     252 000000bc 0180006A'            MVKH    .S2     RL0,B3            ; |95| 
     253 000000c0 00000000             NOP             1
     254 000000c4 02942942             ADD     .D2     1,B5,B5           ; |92| 
     255 000000c8 029002F6             STW     .D2T2   B5,*B4            ; |92| 
     256 000000cc           RL0:       ; CALL OCCURS                     ; |95| 
     257                    
     258 000000cc 00005429             MVKL    .S1     0x20000a8,A0      ; |96| 
     259 000000d0 021011A2  ||         MV      .S2X    A4,B4             ; |95| 
     260                    
     261 000000d4 00010069             MVKH    .S1     0x20000a8,A0      ; |96| 
     262 000000d8 023C22F6  ||         STW     .D2T2   B4,*+SP(4)        ; |95| 
     263                    
     264 000000dc 00000264             LDW     .D1T1   *A0,A0            ; |96| 
     265 000000e0 0200062A-            MVKL    .S2     _angle_initialized$3,B4 ; |99| 
     266 000000e4 0200006A-            MVKH    .S2     _angle_initialized$3,B4 ; |99| 
     267 000000e8 03E666AA             MVKL    .S2     0x3e4ccccd,B7     ; |105| 
     268 000000ec 02800228-            MVKL    .S1     _theta_speed$1,A5 ; |105| 
     269 000000f0 01800958             INTSP   .L1     A0,A3             ; |96| 
     270 000000f4 040000AA             MVK     .S2     1,B8              ; |101| 
     271 000000f8 02800068-            MVKH    .S1     _theta_speed$1,A5 ; |105| 
     272 000000fc 039F266A             MVKH    .S2     0x3e4ccccd,B7     ; |105| 
     273 00000100 01BCC2F4             STW     .D2T1   A3,*+SP(24)       ; |96| 
     274 00000104 001002E6             LDW     .D2T2   *B4,B0            ; |99| 
     275 00000108 03000228-            MVKL    .S1     _theta_speed$1,A6 ; |105| 
TMS320C6x COFF Assembler         Version 4.10     Tue Jun 16 16:19:03 2026
Copyright (c) 1996-2001 Texas Instruments Incorporated
temp\interrupt.asm                                                   PAGE    6

     276 0000010c 033C22E6             LDW     .D2T2   *+SP(4),B6        ; |100| 
     277 00000110 03000068-            MVKH    .S1     _theta_speed$1,A6 ; |105| 
     278 00000114 00000428-            MVKL    .S1     _theta_angle_p$2,A0 ; |100| 
     279 00000118 30001712     [!B0]   B       .S2     L1                ; |102| 
     280                    
     281 00000120 0280062B-            MVKL    .S2     _angle_initialized$3,B5 ; |101| 
     282 00000124 00000068- ||         MVKH    .S1     _theta_angle_p$2,A0 ; |100| 
     283                    
     284 00000128 0280006B-            MVKH    .S2     _angle_initialized$3,B5 ; |101| 
     285 0000012c 02000429- ||         MVKL    .S1     _theta_angle_p$2,A4 ; |103| 
     286 00000130 33000277  || [!B0]   STW     .D1T2   B6,*A0            ; |100| 
     287 00000134 003C22E4  ||         LDW     .D2T1   *+SP(4),A0        ; |103| 
     288                    
     289 00000140 030428C3             ZERO    .D2     B6                ; |104| 
     290 00000144 0200042B- ||         MVKL    .S2     _theta_angle_p$2,B4 ; |106| 
     291 00000148 02000068- ||         MVKH    .S1     _theta_angle_p$2,A4 ; |103| 
     292                    
     293 0000014c 01E666A9             MVKL    .S1     0x3f4ccccd,A3     ; |105| 
     294 00000150 03223D6A  ||         MVKH    .S2     0x447a0000,B6     ; |104| 
     295                    
     296 00000160 341402F7     [!B0]   STW     .D2T2   B8,*B5            ; |101| 
     297 00000164 22100265  || [ B0]   LDW     .D1T1   *A4,A4            ; |103| 
     298 00000168 019FA669  ||         MVKH    .S1     0x3f4ccccd,A3     ; |105| 
     299 0000016c 0200006A- ||         MVKH    .S2     _theta_angle_p$2,B4 ; |106| 
     300                    
     301                               ; BRANCH OCCURS                   ; |102| 
     302                    ;** --------------------------------------------------------------------------*
     303 00000170 00006000             NOP             4
     304 00000174 00100238             SUBSP   .L1     A0,A4,A0          ; |103| 
     305 00000178 00004000             NOP             3
     306 0000017c 0280DE02             MPYSP   .M2X    B6,A0,B5
     307 00000180 003CA2F4             STW     .D2T1   A0,*+SP(20)       ; |103| 
     308 00000184 00002000             NOP             2
     309 00000188 02BCA2F6             STW     .D2T2   B5,*+SP(20)       ; |104| 
     310 0000018c 00180264             LDW     .D1T1   *A6,A0            ; |105| 
     311 00000190 00006000             NOP             4
     312                    
     313 00000194 000C0E01             MPYSP   .M1     A0,A3,A0          ; |105| 
     314 00000198 029CAE02  ||         MPYSP   .M2     B5,B7,B5          ; |105| 
     315                    
     316 0000019c 00004000             NOP             3
     317 000001a0 00141218             ADDSP   .L1X    B5,A0,A0          ; |105| 
     318 000001a4 00004000             NOP             3
     319 000001a8 00140274             STW     .D1T1   A0,*A5            ; |105| 
     320 000001ac 02BC22E6             LDW     .D2T2   *+SP(4),B5        ; |106| 
     321 000001b0 00006000             NOP             4
     322 000001b4 029002F6             STW     .D2T2   B5,*B4            ; |106| 
     323                    ;** --------------------------------------------------------------------------*
     324 000001b8           L1:    
     325 000001b8 043C22E6             LDW     .D2T2   *+SP(4),B8        ; |111| 
     326 000001bc 03BCC2E6             LDW     .D2T2   *+SP(24),B7       ; |113| 
     327 000001c0 020008C2             ZERO    .D2     B4                ; |113| 
     328 000001c4 000008C0             ZERO    .D1     A0                ; |111| 
     329 000001c8 00219A68             MVKH    .S1     0x43340000,A0     ; |111| 
     330 000001cc 02A00942             MV      .D2     B8,B5
TMS320C6x COFF Assembler         Version 4.10     Tue Jun 16 16:19:03 2026
Copyright (c) 1996-2001 Texas Instruments Incorporated
temp\interrupt.asm                                                   PAGE    7

     331                    
     332 000001d0 02219A6B             MVKH    .S2     0x43340000,B4     ; |110| 
     333 000001d4 03200943  ||         MV      .D2     B8,B6
     334 000001d8 0390E23A  ||         SUBSP   .L2     B7,B4,B7          ; |113| 
     335                    
     336 000001dc 0210C23A             SUBSP   .L2     B6,B4,B4          ; |110| 
     337                    
     338 000001e0 0401121B             ADDSP   .L2X    A0,B8,B8          ; |111| 
     339 000001e4 000428C0  ||         ZERO    .D1     A0                ; |114| 
     340                    
     341 000001e8 003D42F4             STW     .D2T1   A0,*+SP(40)       ; |114| 
     342                    
     343 000001ec 03BCE2F7             STW     .D2T2   B7,*+SP(28)       ; |113| 
     344 000001f0 00941E60  ||         CMPLTSP .S1X    B5,A0,A1          ; |110| 
     345                    
     346 000001f4 923C42F7     [!A1]   STW     .D2T2   B4,*+SP(8)        ; |110| 
     347 000001f8 00001428- ||         MVKL    .S1     _mode$10,A0       ; |150| 
     348                    
     349 00000200 00000069-            MVKH    .S1     _mode$10,A0       ; |150| 
     350 00000204 843C42F6  || [ A1]   STW     .D2T2   B8,*+SP(8)        ; |111| 
     351                    
     352 00000208 00800264             LDW     .D1T1   *A0,A1            ; |150| 
     353 0000020c 01811C2A'            MVKL    .S2     RL2,B3            ; |151| 
     354 00000210 023C42E4             LDW     .D2T1   *+SP(8),A4        ; |151| 
     355 00000214 00002000             NOP             2
     356 00000218 80001190     [ A1]   B       .S1     L2                ; |150| 
     357 0000021c 050008C2             ZERO    .D2     B10               ; |151| 
     358 00000220 0520B86A             MVKH    .S2     0x41700000,B10    ; |151| 
     359 00000224 0180006A'            MVKH    .S2     RL2,B3            ; |151| 
     360 00000228 0200002A!            MVKL    .S2     _fabsf,B4         ; |151| 
     361 0000022c 0200006A!            MVKH    .S2     _fabsf,B4         ; |151| 
     362                               ; BRANCH OCCURS                   ; |150| 
     363                    ;** --------------------------------------------------------------------------*
     364 00000230 00100362             B       .S2     B4                ; |151| 
     365 00000234 00008000             NOP             5
     366 00000238           RL2:       ; CALL OCCURS                     ; |151| 
     367                    
     368 00000238 00001429-            MVKL    .S1     _mode$10,A0       ; |152| 
     369 0000023c 020000AA  ||         MVK     .S2     1,B4              ; |152| 
     370                    
     371 00000240 00000069-            MVKH    .S1     _mode$10,A0       ; |152| 
     372 00000244 00115E62  ||         CMPLTSP .S2X    A4,B10,B0         ; |151| 
     373                    
     374 00000248 22000276     [ B0]   STW     .D1T2   B4,*A0            ; |152| 
     375 0000024c 21BC42E4     [ B0]   LDW     .D2T1   *+SP(8),A3        ; |153| 
     376 00000250 02000C2A-            MVKL    .S2     _theta_p$6,B4     ; |153| 
     377 00000254 00000E28-            MVKL    .S1     _theta_i$7,A0     ; |154| 
     378 00000258 0200006A-            MVKH    .S2     _theta_p$6,B4     ; |153| 
     379 0000025c 00000068-            MVKH    .S1     _theta_i$7,A0     ; |154| 
     380                    
     381 00000260 219002F5     [ B0]   STW     .D2T1   A3,*B4            ; |153| 
     382 00000264 020425E2  ||         ZERO    .S2     B4                ; |154| 
     383                    
     384 00000268 22000276     [ B0]   STW     .D1T2   B4,*A0            ; |154| 
     385 0000026c 223CE2E6     [ B0]   LDW     .D2T2   *+SP(28),B4       ; |155| 
TMS320C6x COFF Assembler         Version 4.10     Tue Jun 16 16:19:03 2026
Copyright (c) 1996-2001 Texas Instruments Incorporated
temp\interrupt.asm                                                   PAGE    8

     386 00000270 01800A28-            MVKL    .S1     _x_i$5,A3         ; |156| 
     387 00000274 00000828-            MVKL    .S1     _x_p$4,A0         ; |155| 
     388 00000278 00000068-            MVKH    .S1     _x_p$4,A0         ; |155| 
     389 0000027c 01800068-            MVKH    .S1     _x_i$5,A3         ; |156| 
     390                    
     391 00000280 22000277     [ B0]   STW     .D1T2   B4,*A0            ; |155| 
     392 00000284 000420F8  ||         ZERO    .L1     A0                ; |156| 
     393                    
     394 00000288 200C0274     [ B0]   STW     .D1T1   A0,*A3            ; |156| 
     395                    ;** --------------------------------------------------------------------------*
     396 0000028c           L2:    
     397 0000028c 007D1AA8             MVKL    .S1     0x3c8efa35,A0     ; |161| 
     398 00000290 03800C28-            MVKL    .S1     _theta_p$6,A7     ; |234| 
     399                    
     400 00000294 04000829-            MVKL    .S1     _x_p$4,A8         ; |235| 
     401 00000298 0200142A- ||         MVKL    .S2     _mode$10,B4       ; |160| 
     402                    
     403 000002a0 02000E29-            MVKL    .S1     _theta_i$7,A4     ; |228| 
     404 000002a4 04800E2A- ||         MVKL    .S2     _theta_i$7,B9     ; |226| 
     405                    
     406 000002a8 03333329             MVKL    .S1     0x3f666666,A6     ; |228| 
     407 000002ac 0500002A! ||         MVKL    .S2     _fabsf,B10        ; |164| 
     408                    
     409 000002b0 02800A29-            MVKL    .S1     _x_i$5,A5         ; |219| 
     410 000002b4 0300002A! ||         MVKL    .S2     _cos,B6           ; |162| 
     411                    
     412 000002b8 05000229-            MVKL    .S1     _theta_speed$1,A10 ; |162| 
     413 000002bc 0200006A- ||         MVKH    .S2     _mode$10,B4       ; |160| 
     414                    
     415 000002c0 001002E7             LDW     .D2T2   *B4,B0            ; |160| 
     416 000002c4 01800A29- ||         MVKL    .S1     _x_i$5,A3         ; |217| 
     417 000002c8 0181BA2A' ||         MVKL    .S2     RL4,B3            ; |162| 
     418                    
     419 000002cc 04800C29-            MVKL    .S1     _theta_p$6,A9     ; |228| 
     420 000002d0 0580162A- ||         MVKL    .S2     _swing_state$11,B11 ; |166| 
     421                    
     422 000002d4 001E4769             MVKH    .S1     0x3c8efa35,A0     ; |161| 
     423 000002d8 0080082A- ||         MVKL    .S2     _x_p$4,B1         ; |219| 
     424                    
     425 000002e0 03800069-            MVKH    .S1     _theta_p$6,A7     ; |234| 
     426 000002e4 0480006A- ||         MVKH    .S2     _theta_i$7,B9     ; |226| 
     427                    
     428 000002e8 04000069-            MVKH    .S1     _x_p$4,A8         ; |235| 
     429 000002ec 0500006B! ||         MVKH    .S2     _fabsf,B10        ; |164| 
     430 000002f0 02BC22E6  ||         LDW     .D2T2   *+SP(4),B5        ; |161| 
     431                    
     432 000002f4 20004413     [ B0]   B       .S2     L6                ; |160| 
     433 000002f8 02000068- ||         MVKH    .S1     _theta_i$7,A4     ; |228| 
     434                    
     435 00000300 0300006B!            MVKH    .S2     _cos,B6           ; |162| 
     436 00000304 031FB368  ||         MVKH    .S1     0x3f666666,A6     ; |228| 
     437                    
     438 00000308 0180006B'            MVKH    .S2     RL4,B3            ; |162| 
     439 0000030c 02800068- ||         MVKH    .S1     _x_i$5,A5         ; |219| 
     440                    
TMS320C6x COFF Assembler         Version 4.10     Tue Jun 16 16:19:03 2026
Copyright (c) 1996-2001 Texas Instruments Incorporated
temp\interrupt.asm                                                   PAGE    9

     441 00000310 05000069-            MVKH    .S1     _theta_speed$1,A10 ; |162| 
     442 00000314 0580006B- ||         MVKH    .S2     _swing_state$11,B11 ; |166| 
     443 00000318 038428C2  ||         ZERO    .D2     B7                ; |228| 
     444                    
     445 00000320 0200BE03             MPYSP   .M2X    A0,B5,B4          ; |161| 
     446 00000324 01800069- ||         MVKH    .S1     _x_i$5,A3         ; |217| 
     447 00000328 0080006B- ||         MVKH    .S2     _x_p$4,B1         ; |219| 
     448 0000032c 010840FB  ||         ZERO    .L2     B2                ; |223| 
     449 00000330 05BCE2E5  ||         LDW     .D2T1   *+SP(28),A11      ; |217| 
     450 00000334 010428C0  ||         ZERO    .D1     A2                ; |228| 
     451                    
     452 00000340 028428C3             ZERO    .D2     B5                ; |219| 
     453 00000344 000428C1  ||         ZERO    .D1     A0                ; |219| 
     454 00000348 00A41059  ||         MV      .L1X    B9,A1             ; |226| 
     455 0000034c 04800069- ||         MVKH    .S1     _theta_p$6,A9     ; |228| 
     456 00000350 03A0E46B  ||         MVKH    .S2     0x41c80000,B7     ; |228| 
     457 00000354 040840FA  ||         ZERO    .L2     B8                ; |219| 
     458                    
     459                               ; BRANCH OCCURS                   ; |160| 
     460                    ;** --------------------------------------------------------------------------*
     461 00000358 00180362             B       .S2     B6                ; |162| 
     462 0000035c 00000000             NOP             1
     463                    
     464 00000360 021000A3             SPDP    .S2     B4,B5:B4          ; |162| 
     465 00000364 023C82F6  ||         STW     .D2T2   B4,*+SP(16)       ; |161| 
     466                    
     467 00000368 00000000             NOP             1
     468 0000036c 029411A0             MV      .S1X    B5,A5             ; |162| 
     469 00000370 021011A0             MV      .S1X    B4,A4             ; |162| 
     470 00000374           RL4:       ; CALL OCCURS                     ; |162| 
     471 00000374 00280264             LDW     .D1T1   *A10,A0           ; |162| 
     472 00000378 00006000             NOP             4
     473 0000037c 000000A0             SPDP    .S1     A0,A1:A0          ; |162| 
     474 00000380 00000000             NOP             1
     475 00000384 00008700             MPYDP   .M1     A5:A4,A1:A0,A1:A0 ; |162| 
     476 00000388 0000E000             NOP             8
     477 0000038c 00280362             B       .S2     B10               ; |164| 
     478                    
     479 00000390 00040139             DPSP    .L1     A1:A0,A0          ; |162| 
     480 00000394 023C42E4  ||         LDW     .D2T1   *+SP(8),A4        ; |164| 
     481                    
     482 00000398 00002000             NOP             2
     483 0000039c 0181D42A'            MVKL    .S2     RL6,B3            ; |164| 
     484                    
     485 000003a0 003D82F5             STW     .D2T1   A0,*+SP(48)       ; |162| 
     486 000003a4 0180006A' ||         MVKH    .S2     RL6,B3            ; |164| 
     487                    
     488 000003a8           RL6:       ; CALL OCCURS                     ; |164| 
     489 000003a8 023DA2F4             STW     .D2T1   A4,*+SP(52)       ; |164| 
     490 000003ac 00AC02E6             LDW     .D2T2   *B11,B1           ; |166| 
     491 000003b0 00006000             NOP             4
     492 000003b4 40000A10     [ B1]   B       .S1     L3                ; |166| 
     493 000003b8 00002000             NOP             2
     494 000003bc 028008C2             ZERO    .D2     B5                ; |167| 
     495                    
TMS320C6x COFF Assembler         Version 4.10     Tue Jun 16 16:19:03 2026
Copyright (c) 1996-2001 Texas Instruments Incorporated
temp\interrupt.asm                                                   PAGE   10

     496 000003c0 0210105B             MV      .L2X    A4,B4             ; |164| 
     497 000003c4 02A1106A  ||         MVKH    .S2     0x42200000,B5     ; |167| 
     498                    
     499 000003c8 00148EA2             CMPLTSP .S2     B4,B5,B0          ; |167| 
     500                               ; BRANCH OCCURS                   ; |166| 
     501                    ;** --------------------------------------------------------------------------*
     502 000003cc 0200162A-            MVKL    .S2     _swing_state$11,B4 ; |168| 
     503 000003d0 028000AA             MVK     .S2     1,B5              ; |168| 
     504                    
     505 000003d4 0200006B-            MVKH    .S2     _swing_state$11,B4 ; |168| 
     506 000003d8 00001228- ||         MVKL    .S1     _swing_hold_cnt$9,A0 ; |169| 
     507                    
     508 000003e0 229002F7     [ B0]   STW     .D2T2   B5,*B4            ; |168| 
     509 000003e4 00000069- ||         MVKH    .S1     _swing_hold_cnt$9,A0 ; |169| 
     510 000003e8 018428C0  ||         ZERO    .D1     A3                ; |169| 
     511                    
     512 000003ec 21800274     [ B0]   STW     .D1T1   A3,*A0            ; |169| 
     513                    ;** --------------------------------------------------------------------------*
     514 000003f0           L3:    
     515 000003f0 00001628-            MVKL    .S1     _swing_state$11,A0 ; |173| 
     516 000003f4 00000068-            MVKH    .S1     _swing_state$11,A0 ; |173| 
     517 000003f8 00800264             LDW     .D1T1   *A0,A1            ; |173| 
     518 000003fc 043D82E6             LDW     .D2T2   *+SP(48),B8       ; |190| 
     519 00000400 02802D2A             MVK     .S2     90,B5             ; |175| 
     520 00000404 030008C2             ZERO    .D2     B6                ; |189| 
     521 00000408 0320E46A             MVKH    .S2     0x41c80000,B6     ; |189| 
     522 0000040c 80001610     [ A1]   B       .S1     L4                ; |173| 
     523 00000410 020008C2             ZERO    .D2     B4                ; |174| 
     524 00000414 00001228-            MVKL    .S1     _swing_hold_cnt$9,A0 ; |177| 
     525 00000418 0220F86A             MVKH    .S2     0x41f00000,B4     ; |174| 
     526 0000041c 038008C2             ZERO    .D2     B7                ; |190| 
     527                    
     528 00000420 00000069-            MVKH    .S1     _swing_hold_cnt$9,A0 ; |177| 
     529 00000424 001D0E63  ||         CMPGTSP .S2     B8,B7,B0          ; |190| 
     530 00000428 92BDE2F6  || [!A1]   STW     .D2T2   B5,*+SP(60)       ; |175| 
     531                    
     532                               ; BRANCH OCCURS                   ; |173| 
     533                    ;** --------------------------------------------------------------------------*
     534 0000042c 023DC2F6             STW     .D2T2   B4,*+SP(56)       ; |174| 
     535 00000430 01800264             LDW     .D1T1   *A0,A3            ; |177| 
     536 00000434 00001228-            MVKL    .S1     _swing_hold_cnt$9,A0 ; |178| 
     537 00000438 00000068-            MVKH    .S1     _swing_hold_cnt$9,A0 ; |178| 
     538 0000043c 020005E2             ZERO    .S2     B4                ; |180| 
     539 00000440 00000000             NOP             1
     540 00000444 000CB8FA             CMPLT   .L2X    A3,B5,B0
     541 00000448 21800264     [ B0]   LDW     .D1T1   *A0,A3            ; |178| 
     542 0000044c 20001390     [ B0]   B       .S1     L5                ; |179| 
     543 00000450 02A00942             MV      .D2     B8,B5             ; |178| 
     544 00000454 0090AE62             CMPGTSP .S2     B5,B4,B1          ; |180| 
     545 00000458 00000000             NOP             1
     546 0000045c 218C2940     [ B0]   ADD     .D1     1,A3,A3           ; |178| 
     547 00000460 21800274     [ B0]   STW     .D1T1   A3,*A0            ; |178| 
     548                               ; BRANCH OCCURS                   ; |179| 
     549                    ;** --------------------------------------------------------------------------*
     550 00000464 0280102A-            MVKL    .S2     _swing_direction$8,B5 ; |181| 
TMS320C6x COFF Assembler         Version 4.10     Tue Jun 16 16:19:03 2026
Copyright (c) 1996-2001 Texas Instruments Incorporated
temp\interrupt.asm                                                   PAGE   11

     551                    
     552 00000468 00000F91             B       .S1     L5                ; |187| 
     553 0000046c 0200102A- ||         MVKL    .S2     _swing_direction$8,B4 ; |183| 
     554                    
     555 00000470 0280006B-            MVKH    .S2     _swing_direction$8,B5 ; |181| 
     556 00000474 000428C0  ||         ZERO    .D1     A0                ; |181| 
     557                    
     558 00000480 0200006B-            MVKH    .S2     _swing_direction$8,B4 ; |183| 
     559 00000484 001FC069  ||         MVKH    .S1     0x3f800000,A0     ; |181| 
     560 00000488 030428C2  ||         ZERO    .D2     B6                ; |183| 
     561                    
     562 0000048c 00001229-            MVKL    .S1     _swing_hold_cnt$9,A0 ; |185| 
     563 00000490 401402F5  || [ B1]   STW     .D2T1   A0,*B5            ; |181| 
     564 00000494 035FC06A  ||         MVKH    .S2     0xbf800000,B6     ; |183| 
     565                    
     566 000004a0 00000069-            MVKH    .S1     _swing_hold_cnt$9,A0 ; |185| 
     567 000004a4 531002F7  || [!B1]   STW     .D2T2   B6,*B4            ; |183| 
     568 000004a8 018428C0  ||         ZERO    .D1     A3                ; |185| 
     569                    
     570 000004ac 01800274             STW     .D1T1   A3,*A0            ; |185| 
     571                               ; BRANCH OCCURS                   ; |187| 
     572                    ;** --------------------------------------------------------------------------*
     573 000004b0           L4:    
     574                    
     575 000004b0 0200102B-            MVKL    .S2     _swing_direction$8,B4 ; |191| 
     576 000004b4 00001029- ||         MVKL    .S1     _swing_direction$8,A0 ; |193| 
     577 000004b8 028428C3  ||         ZERO    .D2     B5                ; |193| 
     578 000004bc 018428C0  ||         ZERO    .D1     A3                ; |191| 
     579                    
     580 000004c0 019FC069             MVKH    .S1     0x3f800000,A3     ; |191| 
     581 000004c4 02DFC06A  ||         MVKH    .S2     0xbf800000,B5     ; |193| 
     582                    
     583 000004c8 0200006B-            MVKH    .S2     _swing_direction$8,B4 ; |191| 
     584 000004cc 00000069- ||         MVKH    .S1     _swing_direction$8,A0 ; |193| 
     585 000004d0 033DC2F6  ||         STW     .D2T2   B6,*+SP(56)       ; |189| 
     586                    
     587 000004d4 219002F5     [ B0]   STW     .D2T1   A3,*B4            ; |191| 
     588 000004d8 32800276  || [!B0]   STW     .D1T2   B5,*A0            ; |193| 
     589                    
     590                    ;** --------------------------------------------------------------------------*
     591 000004dc           L5:    
     592 000004dc 00001028-            MVKL    .S1     _swing_direction$8,A0 ; |215| 
     593 000004e0 00000068-            MVKH    .S1     _swing_direction$8,A0 ; |215| 
     594                    
     595 000004e4 00000265             LDW     .D1T1   *A0,A0            ; |215| 
     596 000004e8 023DC2E6  ||         LDW     .D2T2   *+SP(56),B4       ; |215| 
     597                    
     598 000004ec 00004000             NOP             3
     599 000004f0 00002010             B       .S1     L7                ; |216| 
     600 000004f4 02009E02             MPYSP   .M2X    A0,B4,B4          ; |215| 
     601 000004f8 00004000             NOP             3
     602 000004fc 023D42F6             STW     .D2T2   B4,*+SP(40)       ; |215| 
     603                               ; BRANCH OCCURS                   ; |216| 
     604                    ;** --------------------------------------------------------------------------*
     605 00000500           L6:    
TMS320C6x COFF Assembler         Version 4.10     Tue Jun 16 16:19:03 2026
Copyright (c) 1996-2001 Texas Instruments Incorporated
temp\interrupt.asm                                                   PAGE   12

     606 00000500 050C0264             LDW     .D1T1   *A3,A10           ; |217| 
     607 00000504 00006000             NOP             4
     608 00000508 05296218             ADDSP   .L1     A11,A10,A10       ; |217| 
     609 0000050c 00004000             NOP             3
     610 00000510 050C0274             STW     .D1T1   A10,*A3           ; |217| 
     611 00000514 020402E6             LDW     .D2T2   *B1,B4            ; |219| 
     612 00000518 033CE2E6             LDW     .D2T2   *+SP(28),B6       ; |219| 
     613 0000051c 01940264             LDW     .D1T1   *A5,A3            ; |219| 
     614 00000520 00004000             NOP             3
     615 00000524 0210C23A             SUBSP   .L2     B6,B4,B4          ; |219| 
     616 00000528 00002000             NOP             2
     617 0000052c 0294CE02             MPYSP   .M2     B6,B5,B5
     618 00000530 02208E02             MPYSP   .M2     B4,B8,B4          ; |219| 
     619 00000534 00004000             NOP             3
     620                    
     621 00000538 00006E01             MPYSP   .M1     A3,A0,A0          ; |219| 
     622 0000053c 0214821A  ||         ADDSP   .L2     B4,B5,B4          ; |219| 
     623                    
     624 00000540 02BC42E6             LDW     .D2T2   *+SP(8),B5        ; |225| 
     625 00000544 00002000             NOP             2
     626 00000548 0200921A             ADDSP   .L2X    A0,B4,B4          ; |219| 
     627 0000054c 00004000             NOP             3
     628                    
     629 00000550 0208821B             ADDSP   .L2     B4,B2,B4          ; |223| 
     630 00000554 023D22F6  ||         STW     .D2T2   B4,*+SP(36)       ; |219| 
     631                    
     632 00000558 00004000             NOP             3
     633                    
     634 00000560 0210A23B             SUBSP   .L2     B5,B4,B4          ; |225| 
     635 00000564 023C62F6  ||         STW     .D2T2   B4,*+SP(12)       ; |223| 
     636                    
     637 00000568 00004000             NOP             3
     638 0000056c 023C42F6             STW     .D2T2   B4,*+SP(8)        ; |225| 
     639 00000570 00040264             LDW     .D1T1   *A1,A0            ; |226| 
     640 00000574 00006000             NOP             4
     641 00000578 00101218             ADDSP   .L1X    B4,A0,A0          ; |226| 
     642 0000057c 00004000             NOP             3
     643 00000580 00040274             STW     .D1T1   A0,*A1            ; |226| 
     644                    
     645 00000584 023C42E7             LDW     .D2T2   *+SP(8),B4        ; |228| 
     646 00000588 00240264  ||         LDW     .D1T1   *A9,A0            ; |228| 
     647                    
     648 0000058c 00006000             NOP             4
     649 00000590 018092B8             SUBSP   .L1X    B4,A0,A3          ; |228| 
     650 00000594 00100264             LDW     .D1T1   *A4,A0            ; |228| 
     651 00000598 02900942             MV      .D2     B4,B5
     652 0000059c 00000000             NOP             1
     653                    
     654 000005a0 021C8E03             MPYSP   .M2     B4,B7,B4
     655 000005a4 01986E00  ||         MPYSP   .M1     A3,A6,A3          ; |228| 
     656                    
     657 000005a8 00004000             NOP             3
     658                    
     659 000005ac 00080E01             MPYSP   .M1     A0,A2,A0          ; |228| 
     660 000005b0 01907218  ||         ADDSP   .L1X    A3,B4,A3          ; |228| 
TMS320C6x COFF Assembler         Version 4.10     Tue Jun 16 16:19:03 2026
Copyright (c) 1996-2001 Texas Instruments Incorporated
temp\interrupt.asm                                                   PAGE   13

     661                    
     662 000005b4 00004000             NOP             3
     663 000005b8 000C0218             ADDSP   .L1     A0,A3,A0          ; |228| 
     664 000005bc 00004000             NOP             3
     665 000005c0 020011A2             MV      .S2X    A0,B4             ; |228| 
     666 000005c4 023D42F6             STW     .D2T2   B4,*+SP(40)       ; |232| 
     667                    
     668 000005c8 001411A1             MV      .S1X    B5,A0             ; |228| 
     669 000005cc 003D02F4  ||         STW     .D2T1   A0,*+SP(32)       ; |228| 
     670                    
     671 000005d0 001C0274             STW     .D1T1   A0,*A7            ; |234| 
     672 000005d4 003CE2E4             LDW     .D2T1   *+SP(28),A0       ; |235| 
     673 000005d8 00006000             NOP             4
     674 000005dc 00200274             STW     .D1T1   A0,*A8            ; |235| 
     675                    ;** --------------------------------------------------------------------------*
     676 000005e0           L7:    
     677 000005e0 033D42E6             LDW     .D2T2   *+SP(40),B6       ; |240| 
     678 000005e4 028008C2             ZERO    .D2     B5                ; |240| 
     679 000005e8 02A1206A             MVKH    .S2     0x42400000,B5     ; |240| 
     680 000005ec 000008C0             ZERO    .D1     A0                ; |241| 
     681 000005f0 00612068             MVKH    .S1     0xc2400000,A0     ; |241| 
     682 000005f4 0014CE62             CMPGTSP .S2     B6,B5,B0          ; |240| 
     683 000005f8 20000910     [ B0]   B       .S1     L8                ; |240| 
     684 000005fc 018008C0             ZERO    .D1     A3                ; |240| 
     685 00000600 01A12068             MVKH    .S1     0x42400000,A3     ; |240| 
     686 00000604 02180942             MV      .D2     B6,B4             ; |240| 
     687                    
     688 00000608 21BD62F5     [ B0]   STW     .D2T1   A3,*+SP(44)       ; |240| 
     689 0000060c 00809EA2  ||         CMPLTSP .S2X    B4,A0,B1          ; |241| 
     690                    
     691 00000610 300428C1     [!B0]   ZERO    .D1     A0                ; |241| 
     692 00000614 2200002A! || [ B0]   MVKL    .S2     _PWMOut,B4        ; |244| 
     693                    
     694                               ; BRANCH OCCURS                   ; |240| 
     695                    ;** --------------------------------------------------------------------------*
     696                    
     697 00000618 00612069             MVKH    .S1     0xc2400000,A0     ; |241| 
     698 0000061c 523D62F6  || [!B1]   STW     .D2T2   B4,*+SP(44)       ; |242| 
     699                    
     700 00000620 403D62F4     [ B1]   STW     .D2T1   A0,*+SP(44)       ; |241| 
     701 00000624 0200002A!            MVKL    .S2     _PWMOut,B4        ; |244| 
     702                    ;** --------------------------------------------------------------------------*
     703 00000628           L8:    
     704 00000628 0200006A!            MVKH    .S2     _PWMOut,B4        ; |244| 
     705 0000062c 00100362             B       .S2     B4                ; |244| 
     706 00000630 023D62E4             LDW     .D2T1   *+SP(44),A4       ; |244| 
     707 00000634 0183202A'            MVKL    .S2     RL8,B3            ; |244| 
     708 00000638 0180006A'            MVKH    .S2     RL8,B3            ; |244| 
     709 0000063c 00002000             NOP             2
     710 00000640           RL8:       ; CALL OCCURS                     ; |244| 
     711                    
     712 00000640 00000029!            MVKL    .S1     _UMAddData,A0     ; |246| 
     713 00000644 033C42E4  ||         LDW     .D2T1   *+SP(8),A6        ; |246| 
     714                    
     715 00000648 00000069!            MVKH    .S1     _UMAddData,A0     ; |246| 
TMS320C6x COFF Assembler         Version 4.10     Tue Jun 16 16:19:03 2026
Copyright (c) 1996-2001 Texas Instruments Incorporated
temp\interrupt.asm                                                   PAGE   14

     716 0000064c 033D62E6  ||         LDW     .D2T2   *+SP(44),B6       ; |246| 
     717                    
     718 00000650 023CE2E7             LDW     .D2T2   *+SP(28),B4       ; |246| 
     719 00000654 00001362  ||         B       .S2X    A0                ; |246| 
     720                    
     721 00000658 023C22E4             LDW     .D2T1   *+SP(4),A4        ; |246| 
     722 0000065c 0183342A'            MVKL    .S2     RL10,B3           ; |246| 
     723 00000660 0180006A'            MVKH    .S2     RL10,B3           ; |246| 
     724 00000664 00002000             NOP             2
     725 00000668           RL10:      ; CALL OCCURS                     ; |246| 
     726 00000668 058028EE             LDW     .D2T2   *+SP(160),B11     ; |247| 
     727 0000066c 050027EE             LDW     .D2T2   *+SP(156),B10     ; |247| 
     728 00000670 048026EE             LDW     .D2T2   *+SP(152),B9      ; |247| 
     729 00000674 040025EE             LDW     .D2T2   *+SP(148),B8      ; |247| 
     730 00000678 038024EE             LDW     .D2T2   *+SP(144),B7      ; |247| 
     731 0000067c 028022EE             LDW     .D2T2   *+SP(136),B5      ; |247| 
     732 00000680 013FE2E6             LDW     .D2T2   *+SP(124),B2      ; |247| 
     733 00000684 00BFC2E6             LDW     .D2T2   *+SP(120),B1      ; |247| 
     734 00000688 003FA2E6             LDW     .D2T2   *+SP(116),B0      ; |247| 
     735 0000068c 05BF82E4             LDW     .D2T1   *+SP(112),A11     ; |247| 
     736 00000690 053F62E4             LDW     .D2T1   *+SP(108),A10     ; |247| 
     737 00000694 04BF42E4             LDW     .D2T1   *+SP(104),A9      ; |247| 
     738 00000698 043F22E4             LDW     .D2T1   *+SP(100),A8      ; |247| 
     739 0000069c 03BF02E4             LDW     .D2T1   *+SP(96),A7       ; |247| 
     740 000006a0 02BEC2E4             LDW     .D2T1   *+SP(88),A5       ; |247| 
     741 000006a4 01BE82E4             LDW     .D2T1   *+SP(80),A3       ; |247| 
     742 000006a8 013E62E4             LDW     .D2T1   *+SP(76),A2       ; |247| 
     743 000006ac 00BE42E4             LDW     .D2T1   *+SP(72),A1       ; |247| 
     744 000006b0 003E22E4             LDW     .D2T1   *+SP(68),A0       ; |247| 
     745 000006b4 018020EE             LDW     .D2T2   *+SP(128),B3      ; |247| 
     746 000006b8 020021EE             LDW     .D2T2   *+SP(132),B4      ; |247| 
     747 000006bc 033EE2E4             LDW     .D2T1   *+SP(92),A6       ; |247| 
     748                    
     749 000006c0 001800E3             B       .S2     IRP               ; |247| 
     750 000006c4 030023EE  ||         LDW     .D2T2   *+SP(140),B6      ; |247| 
     751                    
     752 000006c8 023EA2E4             LDW     .D2T1   *+SP(84),A4       ; |247| 
     753 000006cc 07805052             ADDK    .S2     160,SP            ; |247| 
     754 000006d0 00004000             NOP             3
     755                               ; BRANCH OCCURS                   ; |247| 
     756                    
     757                    
     758 000006d4                   .sect   ".text"
     759                            .global _ISRNMI
     760                    
     761                    ;******************************************************************************
     762                    ;* FUNCTION NAME: _ISRNMI                                                     *
     763                    ;*                                                                            *
     764                    ;*   Regs Modified     :                                                      *
     765                    ;*   Regs Used         :                                                      *
     766                    ;*   Local Frame Size  : 0 Args + 0 Auto + 0 Save = 0 byte                    *
     767                    ;******************************************************************************
     768 000006d4           _ISRNMI:
     769                    ;** --------------------------------------------------------------------------*
     770 000006d4 001800E2             B       .S2     IRP               ; |251| 
TMS320C6x COFF Assembler         Version 4.10     Tue Jun 16 16:19:03 2026
Copyright (c) 1996-2001 Texas Instruments Incorporated
temp\interrupt.asm                                                   PAGE   15

     771 000006d8 00008000             NOP             5
     772                               ; BRANCH OCCURS                   ; |251| 
     773                    
     774                    
     775 000006dc                   .sect   ".text"
     776                            .global _ISRextint6
     777                    
     778                    ;******************************************************************************
     779                    ;* FUNCTION NAME: _ISRextint6                                                 *
     780                    ;*                                                                            *
     781                    ;*   Regs Modified     : A0,A1,A2,A3,A4,A5,A6,A7,A8,A9,B0,B1,B2,B3,B4,B5,B6,  *
     782                    ;*                           B7,B8,B9,SP                                      *
     783                    ;*   Regs Used         : A0,A1,A2,A3,A4,A5,A6,A7,A8,A9,B0,B1,B2,B3,B4,B5,B6,  *
     784                    ;*                           B7,B8,B9,SP                                      *
     785                    ;*   Local Frame Size  : 0 Args + 4 Auto + 84 Save = 88 byte                  *
     786                    ;******************************************************************************
     787 000006dc           _ISRextint6:
     788                    ;** --------------------------------------------------------------------------*
     789 000006dc 04BED4F6             STW     .D2T2   B9,*SP--(88)      ; |254| 
     790 000006e0 003C62F4             STW     .D2T1   A0,*+SP(12)       ; |254| 
     791 000006e4 03BE82F6             STW     .D2T2   B7,*+SP(80)       ; |254| 
     792 000006e8 033E62F6             STW     .D2T2   B6,*+SP(76)       ; |254| 
     793 000006ec 02BE42F6             STW     .D2T2   B5,*+SP(72)       ; |254| 
     794 000006f0 023E22F6             STW     .D2T2   B4,*+SP(68)       ; |254| 
     795 000006f4 01BE02F6             STW     .D2T2   B3,*+SP(64)       ; |254| 
     796 000006f8 013DE2F6             STW     .D2T2   B2,*+SP(60)       ; |254| 
     797 000006fc 00BDC2F6             STW     .D2T2   B1,*+SP(56)       ; |254| 
     798 00000700 003DA2F6             STW     .D2T2   B0,*+SP(52)       ; |254| 
     799 00000704 04BD82F4             STW     .D2T1   A9,*+SP(48)       ; |254| 
     800 00000708 043D62F4             STW     .D2T1   A8,*+SP(44)       ; |254| 
     801 0000070c 03BD42F4             STW     .D2T1   A7,*+SP(40)       ; |254| 
     802 00000710 033D22F4             STW     .D2T1   A6,*+SP(36)       ; |254| 
     803 00000714 02BD02F4             STW     .D2T1   A5,*+SP(32)       ; |254| 
     804 00000718 023CE2F4             STW     .D2T1   A4,*+SP(28)       ; |254| 
     805 0000071c 01BCC2F4             STW     .D2T1   A3,*+SP(24)       ; |254| 
     806 00000720 013CA2F4             STW     .D2T1   A2,*+SP(20)       ; |254| 
     807                    
     808 00000724 00BC82F5             STW     .D2T1   A1,*+SP(16)       ; |254| 
     809 00000728 00000428  ||         MVKL    .S1     0x2000008,A0      ; |257| 
     810                    
     811 0000072c 00010069             MVKH    .S1     0x2000008,A0      ; |257| 
     812 00000730 043EA2F6  ||         STW     .D2T2   B8,*+SP(84)       ; |254| 
     813                    
     814 00000734 00000264             LDW     .D1T1   *A0,A0            ; |257| 
     815 00000738 00006000             NOP             4
     816 0000073c 0001E7A0             AND     .S1     15,A0,A0          ; |257| 
     817 00000740 00802A58             CMPEQ   .L1     A0,1,A1           ; |257| 
     818 00000744 80005590     [ A1]   B       .S1     L16               ; |257| 
     819 00000748 003C22F4             STW     .D2T1   A0,*+SP(4)        ; |257| 
     820 0000074c 83BE82E6     [ A1]   LDW     .D2T2   *+SP(80),B7       ; |291| 
     821 00000750 833E62E6     [ A1]   LDW     .D2T2   *+SP(76),B6       ; |291| 
     822 00000754 82BE42E6     [ A1]   LDW     .D2T2   *+SP(72),B5       ; |291| 
     823 00000758 823E22E6     [ A1]   LDW     .D2T2   *+SP(68),B4       ; |291| 
     824                               ; BRANCH OCCURS                   ; |257| 
     825                    ;** --------------------------------------------------------------------------*
TMS320C6x COFF Assembler         Version 4.10     Tue Jun 16 16:19:03 2026
Copyright (c) 1996-2001 Texas Instruments Incorporated
temp\interrupt.asm                                                   PAGE   16

     826 0000075c 023C22E6             LDW     .D2T2   *+SP(4),B4        ; |258| 
     827 00000760 00004000             NOP             3
     828                    ;** --------------------------------------------------------------------------*
     829                    ;**   BEGIN LOOP L9
     830                    ;** --------------------------------------------------------------------------*
     831 00000764           L9:    
     832 00000764 00000000             NOP             1
     833 00000768 00108A5A             CMPEQ   .L2     B4,4,B0           ; |258| 
     834 0000076c 30002390     [!B0]   B       .S1     L11               ; |258| 
     835                    
     836 00000770 323C22E7     [!B0]   LDW     .D2T2   *+SP(4),B4        ; |270| 
     837 00000774 20000A28  || [ B0]   MVKL    .S1     0x2000014,A0      ; |259| 
     838                    
     839 00000778 20010068     [ B0]   MVKH    .S1     0x2000014,A0      ; |259| 
     840 0000077c 20000264     [ B0]   LDW     .D1T1   *A0,A0            ; |259| 
     841 00000780 00002000             NOP             2
     842                               ; BRANCH OCCURS                   ; |258| 
     843                    ;** --------------------------------------------------------------------------*
     844 00000784 00002000             NOP             2
     845 00000788 008027A0             AND     .S1     1,A0,A1           ; |259| 
     846 0000078c 90004890     [!A1]   B       .S1     L15               ; |259| 
     847 00000790 90000428     [!A1]   MVKL    .S1     0x2000008,A0      ; |290| 
     848 00000794 90010068     [!A1]   MVKH    .S1     0x2000008,A0      ; |290| 
     849                    
     850 000007a0 820428C3     [ A1]   ZERO    .D2     B4                ; |260| 
     851 000007a4 82803E2B! || [ A1]   MVKL    .S2     _compacket+124,B5 ; |260| 
     852 000007a8 90000264  || [!A1]   LDW     .D1T1   *A0,A0            ; |290| 
     853                    
     854 000007ac 8201006A     [ A1]   MVKH    .S2     0x2000000,B4      ; |260| 
     855                    
     856 000007b0 8280006B!    [ A1]   MVKH    .S2     _compacket+124,B5 ; |260| 
     857 000007b4 821002E6  || [ A1]   LDW     .D2T2   *B4,B4            ; |260| 
     858                    
     859                               ; BRANCH OCCURS                   ; |259| 
     860                    ;** --------------------------------------------------------------------------*
     861 000007b8 029402E6             LDW     .D2T2   *B5,B5            ; |260| 
     862 000007bc 00000000             NOP             1
     863                    ;*----------------------------------------------------------------------------*
     864                    ;*   SOFTWARE PIPELINE INFORMATION
     865                    ;*      Disqualified loop: software pipelining disabled
     866                    ;*----------------------------------------------------------------------------*
     867 000007c0           L10:    
     868 000007c0 00003E28!            MVKL    .S1     _compacket+124,A0 ; |261| 
     869 000007c4 00000068!            MVKH    .S1     _compacket+124,A0 ; |261| 
     870 000007c8 0213180A             EXTU    .S2     B4,24,24,B4       ; |260| 
     871 000007cc 021402B6             STB     .D2T2   B4,*B5            ; |260| 
     872 000007d0 01800264             LDW     .D1T1   *A0,A3            ; |261| 
     873 000007d4 00000028!            MVKL    .S1     _SendByte,A0      ; |261| 
     874 000007d8 00000068!            MVKH    .S1     _SendByte,A0      ; |261| 
     875 000007dc 0183F82A'            MVKL    .S2     RL12,B3           ; |261| 
     876 000007e0 00001362             B       .S2X    A0                ; |261| 
     877 000007e4 020C0224             LDB     .D1T1   *A3,A4            ; |261| 
     878 000007e8 0180006A'            MVKH    .S2     RL12,B3           ; |261| 
     879 000007ec 00004000             NOP             3
     880 000007f0           RL12:      ; CALL OCCURS                     ; |261| 
TMS320C6x COFF Assembler         Version 4.10     Tue Jun 16 16:19:03 2026
Copyright (c) 1996-2001 Texas Instruments Incorporated
temp\interrupt.asm                                                   PAGE   17

     881 000007f0 02003E2A!            MVKL    .S2     _compacket+124,B4 ; |262| 
     882 000007f4 0200006A!            MVKH    .S2     _compacket+124,B4 ; |262| 
     883 000007f8 021002E6             LDW     .D2T2   *B4,B4            ; |262| 
     884 000007fc 000031A8!            MVKL    .S1     _compacket+99,A0  ; |262| 
     885 00000800 00000068!            MVKH    .S1     _compacket+99,A0  ; |262| 
     886 00000804 00002000             NOP             2
     887 00000808 00901A78             CMPEQ   .L1X    B4,A0,A1          ; |262| 
     888 0000080c 92003E2A!    [!A1]   MVKL    .S2     _compacket+124,B4 ; |266| 
     889 00000810 9200006A!    [!A1]   MVKH    .S2     _compacket+124,B4 ; |266| 
     890 00000814 929002E6     [!A1]   LDW     .D2T2   *B4,B5            ; |266| 
     891 00000818 82003E2A!    [ A1]   MVKL    .S2     _compacket+124,B4 ; |263| 
     892 0000081c 80000028!    [ A1]   MVKL    .S1     _compacket,A0     ; |263| 
     893 00000820 8200006A!    [ A1]   MVKH    .S2     _compacket+124,B4 ; |263| 
     894 00000824 80000068!    [ A1]   MVKH    .S1     _compacket,A0     ; |263| 
     895                    
     896 00000828 02800A2B             MVKL    .S2     0x2000014,B5      ; |268| 
     897 0000082c 93142942  || [!A1]   ADD     .D2     1,B5,B6           ; |266| 
     898                    
     899 00000830 931002F6     [!A1]   STW     .D2T2   B6,*B4            ; |266| 
     900                    
     901 00000834 801002F5     [ A1]   STW     .D2T1   A0,*B4            ; |263| 
     902 00000838 0281006A  ||         MVKH    .S2     0x2000014,B5      ; |268| 
     903                    
     904 0000083c 021402E6             LDW     .D2T2   *B5,B4            ; |268| 
     905 00000840 00006000             NOP             4
     906 00000844 001027A2             AND     .S2     1,B4,B0           ; |268| 
     907 00000848 2FFFF010     [ B0]   B       .S1     L10               ; |268| 
     908                    
     909 0000084c 220428C3     [ B0]   ZERO    .D2     B4                ; |260| 
     910 00000850 22803E2A! || [ B0]   MVKL    .S2     _compacket+124,B5 ; |260| 
     911                    
     912 00000854 2201006A     [ B0]   MVKH    .S2     0x2000000,B4      ; |260| 
     913                    
     914 00000858 2280006B!    [ B0]   MVKH    .S2     _compacket+124,B5 ; |260| 
     915 0000085c 221002E6  || [ B0]   LDW     .D2T2   *B4,B4            ; |260| 
     916                    
     917 00000860 229402E6     [ B0]   LDW     .D2T2   *B5,B5            ; |260| 
     918 00000864 00000000             NOP             1
     919                               ; BRANCH OCCURS                   ; |268| 
     920                    ;** --------------------------------------------------------------------------*
     921 00000868 00002C90             B       .S1     L15               ; |269| 
     922 0000086c 00000428             MVKL    .S1     0x2000008,A0      ; |290| 
     923 00000870 00010068             MVKH    .S1     0x2000008,A0      ; |290| 
     924 00000874 00000264             LDW     .D1T1   *A0,A0            ; |290| 
     925 00000878 00002000             NOP             2
     926                               ; BRANCH OCCURS                   ; |269| 
     927                    ;** --------------------------------------------------------------------------*
     928 0000087c           L11:    
     929 0000087c 00104A5A             CMPEQ   .L2     B4,2,B0           ; |270| 
     930 00000880 30000F90     [!B0]   B       .S1     L12               ; |270| 
     931 00000884 2200642A!    [ B0]   MVKL    .S2     _respacket+200,B4 ; |271| 
     932 00000888 00004000             NOP             3
     933 0000088c 323C22E6     [!B0]   LDW     .D2T2   *+SP(4),B4        ; |279| 
     934                               ; BRANCH OCCURS                   ; |270| 
     935                    ;** --------------------------------------------------------------------------*
TMS320C6x COFF Assembler         Version 4.10     Tue Jun 16 16:19:03 2026
Copyright (c) 1996-2001 Texas Instruments Incorporated
temp\interrupt.asm                                                   PAGE   18

     936 00000890 0200006A!            MVKH    .S2     _respacket+200,B4 ; |271| 
     937 00000894 029002E6             LDW     .D2T2   *B4,B5            ; |271| 
     938 00000898 00006000             NOP             4
     939 0000089c 00140ADA             CMPGT   .L2     B5,0,B0           ; |271| 
     940                    
     941 000008a0 20006629!    [ B0]   MVKL    .S1     _respacket+204,A0 ; |272| 
     942 000008a4 029429C2  ||         SUB     .D2     B5,1,B5           ; |271| 
     943                    
     944 000008a8 20000069!    [ B0]   MVKH    .S1     _respacket+204,A0 ; |272| 
     945 000008ac 029002F6  ||         STW     .D2T2   B5,*B4            ; |271| 
     946                    
     947 000008b0 21800264     [ B0]   LDW     .D1T1   *A0,A3            ; |272| 
     948 000008b4 22000028!    [ B0]   MVKL    .S1     _respacket,A4     ; |272| 
     949 000008b8 22000068!    [ B0]   MVKH    .S1     _respacket,A4     ; |272| 
     950 000008bc 30000228     [!B0]   MVKL    .S1     0x2000004,A0      ; |275| 
     951 000008c0 3200682A!    [!B0]   MVKL    .S2     _respacket+208,B4 ; |276| 
     952 000008c4 228C2940     [ B0]   ADD     .D1     1,A3,A5           ; |272| 
     953 000008c8 22800274     [ B0]   STW     .D1T1   A5,*A0            ; |272| 
     954                    
     955 000008cc 00001E91             B       .S1     L14               ; |278| 
     956 000008d0 200C8A24  || [ B0]   LDB     .D1T1   *+A3[A4],A0       ; |272| 
     957                    
     958 000008d4 30010068     [!B0]   MVKH    .S1     0x2000004,A0      ; |275| 
     959 000008d8 328000AA     [!B0]   MVK     .S2     1,B5              ; |275| 
     960                    
     961 000008e0 328428C3     [!B0]   ZERO    .D2     B5                ; |276| 
     962 000008e4 220840FB  || [ B0]   ZERO    .L2     B4                ; |272| 
     963 000008e8 3200006B! || [!B0]   MVKH    .S2     _respacket+208,B4 ; |276| 
     964 000008ec 32800276  || [!B0]   STW     .D1T2   B5,*A0            ; |275| 
     965                    
     966 000008f0 2201006B     [ B0]   MVKH    .S2     0x2000000,B4      ; |272| 
     967 000008f4 329002F6  || [!B0]   STW     .D2T2   B5,*B4            ; |276| 
     968                    
     969 000008f8 201002F4     [ B0]   STW     .D2T1   A0,*B4            ; |272| 
     970                               ; BRANCH OCCURS                   ; |278| 
     971                    ;** --------------------------------------------------------------------------*
     972 000008fc           L12:    
     973 000008fc 00006000             NOP             4
     974 00000900 00118A5A             CMPEQ   .L2     B4,12,B0          ; |279| 
     975 00000904 30001690     [!B0]   B       .S1     L14               ; |279| 
     976 00000908 00002000             NOP             2
     977 0000090c 20000A28     [ B0]   MVKL    .S1     0x2000014,A0      ; |280| 
     978 00000910 20010068     [ B0]   MVKH    .S1     0x2000014,A0      ; |280| 
     979 00000914 20000264     [ B0]   LDW     .D1T1   *A0,A0            ; |280| 
     980                               ; BRANCH OCCURS                   ; |279| 
     981                    ;** --------------------------------------------------------------------------*
     982 00000918 00006000             NOP             4
     983 0000091c 008027A0             AND     .S1     1,A0,A1           ; |280| 
     984 00000920 90001290     [!A1]   B       .S1     L14               ; |280| 
     985 00000924 00006000             NOP             4
     986 00000928 820008C2     [ A1]   ZERO    .D2     B4                ; |281| 
     987                               ; BRANCH OCCURS                   ; |280| 
     988                    ;*----------------------------------------------------------------------------*
     989                    ;*   SOFTWARE PIPELINE INFORMATION
     990                    ;*      Disqualified loop: software pipelining disabled
TMS320C6x COFF Assembler         Version 4.10     Tue Jun 16 16:19:03 2026
Copyright (c) 1996-2001 Texas Instruments Incorporated
temp\interrupt.asm                                                   PAGE   19

     991                    ;*----------------------------------------------------------------------------*
     992 0000092c           L13:    
     993                    
     994 0000092c 0201006B             MVKH    .S2     0x2000000,B4      ; |281| 
     995 00000930 00003E28! ||         MVKL    .S1     _compacket+124,A0 ; |281| 
     996                    
     997 00000934 021002E7             LDW     .D2T2   *B4,B4            ; |281| 
     998 00000938 00000068! ||         MVKH    .S1     _compacket+124,A0 ; |281| 
     999                    
    1000 0000093c 01800264             LDW     .D1T1   *A0,A3            ; |281| 
    1001 00000940 00003E28!            MVKL    .S1     _compacket+124,A0 ; |282| 
    1002 00000944 00000068!            MVKH    .S1     _compacket+124,A0 ; |282| 
    1003 00000948 00000000             NOP             1
    1004 0000094c 0213180A             EXTU    .S2     B4,24,24,B4       ; |281| 
    1005 00000950 020C0236             STB     .D1T2   B4,*A3            ; |281| 
    1006 00000954 00000264             LDW     .D1T1   *A0,A0            ; |282| 
    1007 00000958 020031AA!            MVKL    .S2     _compacket+99,B4  ; |282| 
    1008 0000095c 0200006A!            MVKH    .S2     _compacket+99,B4  ; |282| 
    1009 00000960 00002000             NOP             2
    1010 00000964 00009A7A             CMPEQ   .L2X    A0,B4,B0          ; |282| 
    1011 00000968 30003E28!    [!B0]   MVKL    .S1     _compacket+124,A0 ; |286| 
    1012 0000096c 30000068!    [!B0]   MVKH    .S1     _compacket+124,A0 ; |286| 
    1013 00000970 32000940     [!B0]   MV      .D1     A0,A4             ; |286| 
    1014 00000974 30100264     [!B0]   LDW     .D1T1   *A4,A0            ; |286| 
    1015 00000978 20003E28!    [ B0]   MVKL    .S1     _compacket+124,A0 ; |283| 
    1016 0000097c 2200002A!    [ B0]   MVKL    .S2     _compacket,B4     ; |283| 
    1017 00000980 20000068!    [ B0]   MVKH    .S1     _compacket+124,A0 ; |283| 
    1018 00000984 2200006A!    [ B0]   MVKH    .S2     _compacket,B4     ; |283| 
    1019                    
    1020 00000988 00000A29             MVKL    .S1     0x2000014,A0      ; |288| 
    1021 0000098c 31802059  || [!B0]   ADD     .L1     1,A0,A3           ; |286| 
    1022 00000990 22000276  || [ B0]   STW     .D1T2   B4,*A0            ; |283| 
    1023                    
    1024 00000994 00010069             MVKH    .S1     0x2000014,A0      ; |288| 
    1025 00000998 31900274  || [!B0]   STW     .D1T1   A3,*A4            ; |286| 
    1026                    
    1027 0000099c 00000264             LDW     .D1T1   *A0,A0            ; |288| 
    1028 000009a0 00006000             NOP             4
    1029 000009a4 008027A0             AND     .S1     1,A0,A1           ; |288| 
    1030 000009a8 8FFFF190     [ A1]   B       .S1     L13               ; |288| 
    1031 000009ac 00006000             NOP             4
    1032 000009b0 820008C2     [ A1]   ZERO    .D2     B4                ; |281| 
    1033                               ; BRANCH OCCURS                   ; |288| 
    1034                    ;** --------------------------------------------------------------------------*
    1035 000009b4           L14:    
    1036 000009b4 00000428             MVKL    .S1     0x2000008,A0      ; |290| 
    1037 000009b8 00010068             MVKH    .S1     0x2000008,A0      ; |290| 
    1038 000009bc 00000264             LDW     .D1T1   *A0,A0            ; |290| 
    1039 000009c0 00002000             NOP             2
    1040                    ;** --------------------------------------------------------------------------*
    1041 000009c4           L15:    
    1042 000009c4 00002000             NOP             2
    1043 000009c8 0001E7A0             AND     .S1     15,A0,A0          ; |290| 
    1044 000009cc 00802A58             CMPEQ   .L1     A0,1,A1           ; |290| 
    1045 000009d0 9FFFB490     [!A1]   B       .S1     L9                ; |290| 
TMS320C6x COFF Assembler         Version 4.10     Tue Jun 16 16:19:03 2026
Copyright (c) 1996-2001 Texas Instruments Incorporated
temp\interrupt.asm                                                   PAGE   20

    1046 000009d4 003C22F4             STW     .D2T1   A0,*+SP(4)        ; |290| 
    1047 000009d8 923C22E6     [!A1]   LDW     .D2T2   *+SP(4),B4        ; |258| 
    1048 000009dc 83BE82E6     [ A1]   LDW     .D2T2   *+SP(80),B7       ; |291| 
    1049 000009e0 833E62E6     [ A1]   LDW     .D2T2   *+SP(76),B6       ; |291| 
    1050 000009e4 82BE42E6     [ A1]   LDW     .D2T2   *+SP(72),B5       ; |291| 
    1051                               ; BRANCH OCCURS                   ; |290| 
    1052                    ;** --------------------------------------------------------------------------*
    1053 000009e8 023E22E6             LDW     .D2T2   *+SP(68),B4       ; |291| 
    1054                    ;** --------------------------------------------------------------------------*
    1055 000009ec           L16:    
    1056 000009ec 01BE02E6             LDW     .D2T2   *+SP(64),B3       ; |291| 
    1057 000009f0 013DE2E6             LDW     .D2T2   *+SP(60),B2       ; |291| 
    1058 000009f4 00BDC2E6             LDW     .D2T2   *+SP(56),B1       ; |291| 
    1059 000009f8 003DA2E6             LDW     .D2T2   *+SP(52),B0       ; |291| 
    1060 000009fc 04BD82E4             LDW     .D2T1   *+SP(48),A9       ; |291| 
    1061 00000a00 043D62E4             LDW     .D2T1   *+SP(44),A8       ; |291| 
    1062 00000a04 03BD42E4             LDW     .D2T1   *+SP(40),A7       ; |291| 
    1063 00000a08 033D22E4             LDW     .D2T1   *+SP(36),A6       ; |291| 
    1064 00000a0c 02BD02E4             LDW     .D2T1   *+SP(32),A5       ; |291| 
    1065 00000a10 023CE2E4             LDW     .D2T1   *+SP(28),A4       ; |291| 
    1066 00000a14 01BCC2E4             LDW     .D2T1   *+SP(24),A3       ; |291| 
    1067 00000a18 013CA2E4             LDW     .D2T1   *+SP(20),A2       ; |291| 
    1068 00000a1c 00BC82E4             LDW     .D2T1   *+SP(16),A1       ; |291| 
    1069 00000a20 003C62E4             LDW     .D2T1   *+SP(12),A0       ; |291| 
    1070                    
    1071 00000a24 001800E3             B       .S2     IRP               ; |291| 
    1072 00000a28 043EA2E6  ||         LDW     .D2T2   *+SP(84),B8       ; |291| 
    1073                    
    1074 00000a2c 04BED2E6             LDW     .D2T2   *++SP(88),B9      ; |291| 
    1075 00000a30 00006000             NOP             4
    1076                               ; BRANCH OCCURS                   ; |291| 
    1077                    
    1078                    
    1079                    ;******************************************************************************
    1080                    ;* UNDEFINED EXTERNAL REFERENCES                                              *
    1081                    ;******************************************************************************
    1082                            .global _cos
    1083                            .global _fabsf
    1084                            .global _PWMOut
    1085                            .global _GetAngle
    1086                            .global _SendByte
    1087                            .global _UMAddData
    1088                            .global _compacket
    1089                            .global _respacket
    1090                            .global _TINTCnt

No Assembly Errors, No Assembly Warnings
