******************************************************************************
          TMS320C6x COFF Linker PC Version 4.10                
******************************************************************************
>> Linked Fri Jun 12 17:47:25 2026

OUTPUT FILE NAME:   <ram_main.out>
ENTRY POINT SYMBOL: "_c_int00"  address: 00007c80


MEMORY CONFIGURATION

                  name            origin    length      used    attr    fill
         ----------------------  --------  ---------  --------  ----  --------
         VECT                    00000000   00000200  00000200  RWIX
         IPRAM                   00000200   0000fe00  00007ce0  RWIX
         EXRAM                   00400000   00040000  0000800c  RWIX
         CE1VECS                 01400000   00000200  00000000  RWIX
         CE1MEM                  01400200   0000fe00  00000000  RWIX
         IOCE2                   02000000   00010000  00000000  RWIX
         IDRAM                   80000000   00010000  000027cc  RWIX


SECTION ALLOCATION MAP

 output                                  attributes/
section   page    origin      length       input sections
--------  ----  ----------  ----------   ----------------
.vector    0    00000000    00000200     
                  00000000    00000200     initvec.obj (.vector)

.text      0    00000200    00007ce0     
                  00000200    000029a0     rts6701.lib : _printfi.obj (.text)
                  00002ba0    00000000     initvec.obj (.text)
                  00002ba0    00000000     rts6701.lib : ctype.obj (.text)
                  00002ba0    00000000                 : errno.obj (.text)
                  00002ba0    00000000                 : sysmem.obj (.text)
                  00002ba0    00000fc0                 : memory.obj (.text)
                  00003b60    00000ba0     interrupt.obj (.text)
                  00004700    00000660     main.obj (.text)
                  00004d60    00000480     serial.obj (.text)
                  000051e0    00000460     rts6701.lib : imath40.obj (.text)
                  00005640    00000440                 : cos.obj (.text)
                  00005a80    00000420                 : ecvt.obj (.text)
                  00005ea0    000003e0                 : fcvt.obj (.text)
                  00006280    000002e0                 : frcdivd.obj (.text)
                  00006560    000002a0                 : memcpy.obj (.text)
                  00006800    00000240                 : exit.obj (.text)
                  00006a40    00000220                 : divd.obj (.text)
                  00006c60    00000200                 : round.obj (.text)
                  00006e60    000001c0                 : sprintf.obj (.text)
                  00007020    000001c0     USBMon.obj (.text)
                  000071e0    000001a0     rts6701.lib : divf.obj (.text)
                  00007380    00000180                 : ldexp.obj (.text)
                  00007500    00000140                 : ltoa.obj (.text)
                  00007640    00000140                 : atoi.obj (.text)
                  00007780    00000120                 : frcdivf.obj (.text)
                  000078a0    00000100                 : autoinit.obj (.text)
                  000079a0    000000c0                 : fixdli.obj (.text)
                  00007a60    000000c0                 : divu.obj (.text)
                  00007b20    000000c0                 : modf.obj (.text)
                  00007be0    000000a0                 : remi.obj (.text)
                  00007c80    000000a0                 : boot.obj (.text)
                  00007d20    00000080                 : strcpy.obj (.text)
                  00007da0    00000060                 : memccpy.obj (.text)
                  00007e00    00000060                 : strlen.obj (.text)
                  00007e60    00000040                 : _lock.obj (.text)
                  00007ea0    00000040                 : trunc.obj (.text)

.cinit     0    80000000    0000018c     
                  80000000    000000ac     interrupt.obj (.cinit)
                  800000ac    00000004     --HOLE-- [fill = 00000000]
                  800000b0    00000048     rts6701.lib : cos.obj (.cinit)
                  800000f8    0000002c                 : exit.obj (.cinit)
                  80000124    00000004     --HOLE-- [fill = 00000000]
                  80000128    0000001c                 : sysmem.obj (.cinit)
                  80000144    00000004     --HOLE-- [fill = 00000000]
                  80000148    0000001c                 : _lock.obj (.cinit)
                  80000164    00000004     --HOLE-- [fill = 00000000]
                  80000168    0000000c                 : errno.obj (.cinit)
                  80000174    00000004     --HOLE-- [fill = 00000000]
                  80000178    0000000c                 : memory.obj (.cinit)
                  80000184    00000008     --HOLE-- [fill = 00000000]

.const     0    8000018c    0000015c     
                  8000018c    00000101     rts6701.lib : ctype.obj (.const)
                  8000028d    00000031     main.obj (.const)
                  800002be    0000002a     rts6701.lib : _printfi.obj (.const)

.switch    0    80000000    00000000     UNINITIALIZED

.bss       0    80000000    00000000     UNINITIALIZED
                  80000000    00000000     initvec.obj (.bss)
                  80000000    00000000     rts6701.lib : errno.obj (.bss)
                  80000000    00000000                 : sysmem.obj (.bss)
                  80000000    00000000                 : memory.obj (.bss)
                  80000000    00000000                 : memcpy.obj (.bss)
                  80000000    00000000                 : memccpy.obj (.bss)
                  80000000    00000000                 : ltoa.obj (.bss)
                  80000000    00000000                 : ldexp.obj (.bss)
                  80000000    00000000                 : imath40.obj (.bss)
                  80000000    00000000                 : frcdivd.obj (.bss)
                  80000000    00000000                 : fixdli.obj (.bss)
                  80000000    00000000                 : fcvt.obj (.bss)
                  80000000    00000000                 : ecvt.obj (.bss)
                  80000000    00000000                 : divu.obj (.bss)
                  80000000    00000000                 : divd.obj (.bss)
                  80000000    00000000                 : autoinit.obj (.bss)
                  80000000    00000000                 : _printfi.obj (.bss)
                  80000000    00000000                 : _lock.obj (.bss)
                  80000000    00000000                 : trunc.obj (.bss)
                  80000000    00000000                 : strlen.obj (.bss)
                  80000000    00000000                 : strcpy.obj (.bss)
                  80000000    00000000                 : sprintf.obj (.bss)
                  80000000    00000000                 : round.obj (.bss)
                  80000000    00000000                 : remi.obj (.bss)
                  80000000    00000000                 : modf.obj (.bss)
                  80000000    00000000                 : frcdivf.obj (.bss)
                  80000000    00000000                 : exit.obj (.bss)
                  80000000    00000000                 : divf.obj (.bss)
                  80000000    00000000                 : ctype.obj (.bss)
                  80000000    00000000                 : cos.obj (.bss)
                  80000000    00000000                 : boot.obj (.bss)
                  80000000    00000000                 : atoi.obj (.bss)
                  80000000    00000000     USBMon.obj (.bss)
                  80000000    00000000     serial.obj (.bss)
                  80000000    00000000     interrupt.obj (.bss)
                  80000000    00000000     main.obj (.bss)

.cio       0    80000000    00000000     UNINITIALIZED

.data      0    80000000    00000000     UNINITIALIZED
                  80000000    00000000     initvec.obj (.data)
                  80000000    00000000     rts6701.lib : errno.obj (.data)
                  80000000    00000000                 : sysmem.obj (.data)
                  80000000    00000000                 : memory.obj (.data)
                  80000000    00000000                 : memcpy.obj (.data)
                  80000000    00000000                 : memccpy.obj (.data)
                  80000000    00000000                 : ltoa.obj (.data)
                  80000000    00000000                 : ldexp.obj (.data)
                  80000000    00000000                 : imath40.obj (.data)
                  80000000    00000000                 : frcdivd.obj (.data)
                  80000000    00000000                 : fixdli.obj (.data)
                  80000000    00000000                 : fcvt.obj (.data)
                  80000000    00000000                 : ecvt.obj (.data)
                  80000000    00000000                 : divu.obj (.data)
                  80000000    00000000                 : divd.obj (.data)
                  80000000    00000000                 : autoinit.obj (.data)
                  80000000    00000000                 : _printfi.obj (.data)
                  80000000    00000000                 : _lock.obj (.data)
                  80000000    00000000                 : trunc.obj (.data)
                  80000000    00000000                 : strlen.obj (.data)
                  80000000    00000000                 : strcpy.obj (.data)
                  80000000    00000000                 : sprintf.obj (.data)
                  80000000    00000000                 : round.obj (.data)
                  80000000    00000000                 : remi.obj (.data)
                  80000000    00000000                 : modf.obj (.data)
                  80000000    00000000                 : frcdivf.obj (.data)
                  80000000    00000000                 : exit.obj (.data)
                  80000000    00000000                 : divf.obj (.data)
                  80000000    00000000                 : ctype.obj (.data)
                  80000000    00000000                 : cos.obj (.data)
                  80000000    00000000                 : boot.obj (.data)
                  80000000    00000000                 : atoi.obj (.data)
                  80000000    00000000     USBMon.obj (.data)
                  80000000    00000000     serial.obj (.data)
                  80000000    00000000     interrupt.obj (.data)
                  80000000    00000000     main.obj (.data)

.far       0    800002e8    000004e4     UNINITIALIZED
                  800002e8    00000288     serial.obj (.far)
                  80000570    0000008c     rts6701.lib : exit.obj (.far)
                  800005fc    00000080                 : _printfi.obj (.far)
                  8000067c    00000064                 : ecvt.obj (.far)
                  800006e0    00000064                 : fcvt.obj (.far)
                  80000744    00000004                 : errno.obj (.far)
                  80000748    00000040                 : cos.obj (.far)
                  80000788    0000002c     interrupt.obj (.far)
                  800007b4    00000008     rts6701.lib : memory.obj (.far)
                  800007bc    00000008                 : _lock.obj (.far)
                  800007c4    00000004     main.obj (.far)
                  800007c8    00000004     rts6701.lib : sprintf.obj (.far)

.stack     0    800007d0    00001000     UNINITIALIZED
                  800007d0    00000000     rts6701.lib : boot.obj (.stack)

.sysmem    0    800017d0    00001000     UNINITIALIZED
                  800017d0    00000000     rts6701.lib : sysmem.obj (.sysmem)

.USBMON    0    00400000    0000800c     UNINITIALIZED
                  00400000    0000800c     USBMon.obj (.USBMON)


GLOBAL SYMBOLS: SORTED ALPHABETICALLY BY Name 

address    name
--------   ----
80000000   $bss
80000000   .bss
80000000   .data
00000200   .text
00006a28   C$$EXIT
00004ef0   _CheckSum
00004798   _GIE
00004a10   _GetAngle
00004388   _ISRNMI
00003b60   _ISRextint4
00003b68   _ISRextint5
00004390   _ISRextint6
00003b80   _ISRtimer0
00004700   _InitEXINTF
00004780   _InitINT
00004740   _InitTimer
00004d60   _InitUART
00007020   _InitUSBMon
0000493c   _PWMOut
00004e6c   _ReceiveByte
0000507c   _Report
00004e88   _SendByte
00004fe4   _SendData
80000788   _TFlag
800007c4   _TINTCnt
0000705c   _UMAddData
00400000   _USBMonStuff
00004864   _WaitTFlag
000048b8   _WaitTFlagCnt
00001000   __STACK_SIZE
00001000   __SYSMEM_SIZE
80000000   ___bss__
80000000   ___cinit__
80000000   ___data__
80000000   ___edata__
80000000   ___end__
00007ee0   ___etext__
ffffffff   ___pinit__
00000200   ___text__
000078a0   __auto_init
800005f4   __cleanup_ptr
8000018c   __ctypes_
00006a40   __divd
000071e0   __divf
00005578   __divli
00007a60   __divu
00005278   __divul
800005f8   __dtors_ptr
000079a0   __fixdli
00006280   __frcdivd
00007780   __frcdivf
800007bc   __lock
800007b4   __memory_size
00007e60   __nop
00000200   __printfi
00007e68   __register_lock
00007e7c   __register_unlock
00007be0   __remi
000054d8   __remli
000051e0   __remul
00006c60   __round
800007d0   __stack
800017d0   __sys_memory
00007ea0   __trunc
800007c0   __unlock
00006a28   _abort
00006950   _atexit
00007640   _atoi
00007c80   _c_int00
00003b70   _c_int08
00003b78   _c_int09
00002f44   _calloc
800002e8   _compacket
00005640   _cos
00004804   _delay_ms
000047ac   _delay_us
00005a80   _ecvt
80000744   _errno
00006800   _exit
00005ea0   _fcvt
000033c8   _free
00007380   _ldexp
00007500   _ltoa
00004b08   _main
00002d7c   _malloc
00003790   _memalign
00007da0   _memccpy
00006560   _memcpy
00002d14   _minit
00007b20   _modf
00002fec   _realloc
800003d4   _respacket
00006e60   _sprintf
00007d20   _strcpy
00007e00   _strlen
800004a8   _tmp_string
80000000   cinit
80000000   edata
80000000   end
00007ee0   etext
ffffffff   pinit


GLOBAL SYMBOLS: SORTED BY Symbol Address 

address    name
--------   ----
00000200   .text
00000200   ___text__
00000200   __printfi
00001000   __STACK_SIZE
00001000   __SYSMEM_SIZE
00002d14   _minit
00002d7c   _malloc
00002f44   _calloc
00002fec   _realloc
000033c8   _free
00003790   _memalign
00003b60   _ISRextint4
00003b68   _ISRextint5
00003b70   _c_int08
00003b78   _c_int09
00003b80   _ISRtimer0
00004388   _ISRNMI
00004390   _ISRextint6
00004700   _InitEXINTF
00004740   _InitTimer
00004780   _InitINT
00004798   _GIE
000047ac   _delay_us
00004804   _delay_ms
00004864   _WaitTFlag
000048b8   _WaitTFlagCnt
0000493c   _PWMOut
00004a10   _GetAngle
00004b08   _main
00004d60   _InitUART
00004e6c   _ReceiveByte
00004e88   _SendByte
00004ef0   _CheckSum
00004fe4   _SendData
0000507c   _Report
000051e0   __remul
00005278   __divul
000054d8   __remli
00005578   __divli
00005640   _cos
00005a80   _ecvt
00005ea0   _fcvt
00006280   __frcdivd
00006560   _memcpy
00006800   _exit
00006950   _atexit
00006a28   C$$EXIT
00006a28   _abort
00006a40   __divd
00006c60   __round
00006e60   _sprintf
00007020   _InitUSBMon
0000705c   _UMAddData
000071e0   __divf
00007380   _ldexp
00007500   _ltoa
00007640   _atoi
00007780   __frcdivf
000078a0   __auto_init
000079a0   __fixdli
00007a60   __divu
00007b20   _modf
00007be0   __remi
00007c80   _c_int00
00007d20   _strcpy
00007da0   _memccpy
00007e00   _strlen
00007e60   __nop
00007e68   __register_lock
00007e7c   __register_unlock
00007ea0   __trunc
00007ee0   etext
00007ee0   ___etext__
00400000   _USBMonStuff
80000000   edata
80000000   ___cinit__
80000000   ___bss__
80000000   .bss
80000000   $bss
80000000   cinit
80000000   .data
80000000   ___data__
80000000   end
80000000   ___end__
80000000   ___edata__
8000018c   __ctypes_
800002e8   _compacket
800003d4   _respacket
800004a8   _tmp_string
800005f4   __cleanup_ptr
800005f8   __dtors_ptr
80000744   _errno
80000788   _TFlag
800007b4   __memory_size
800007bc   __lock
800007c0   __unlock
800007c4   _TINTCnt
800007d0   __stack
800017d0   __sys_memory
ffffffff   pinit
ffffffff   ___pinit__

[101 symbols]
