******************************************************************************
          TMS320C6x COFF Linker PC Version 4.10                
******************************************************************************
>> Linked Wed May 06 12:49:37 2026

OUTPUT FILE NAME:   <ram_main.out>
ENTRY POINT SYMBOL: "_c_int00"  address: 00007680


MEMORY CONFIGURATION

                  name            origin    length      used    attr    fill
         ----------------------  --------  ---------  --------  ----  --------
         VECT                    00000000   00000200  00000200  RWIX
         IPRAM                   00000200   0000fe00  000077e0  RWIX
         EXRAM                   00400000   00040000  0000800c  RWIX
         CE1VECS                 01400000   00000200  00000000  RWIX
         CE1MEM                  01400200   0000fe00  00000000  RWIX
         IOCE2                   02000000   00010000  00000000  RWIX
         IDRAM                   80000000   00010000  00002a55  RWIX


SECTION ALLOCATION MAP

 output                                  attributes/
section   page    origin      length       input sections
--------  ----  ----------  ----------   ----------------
.vector    0    00000000    00000200     
                  00000000    00000200     initvec.obj (.vector)

.text      0    00000200    000077e0     
                  00000200    000029a0     rts6701.lib : _printfi.obj (.text)
                  00002ba0    00000000                 : ctype.obj (.text)
                  00002ba0    00000000                 : errno.obj (.text)
                  00002ba0    00000000                 : sysmem.obj (.text)
                  00002ba0    00000000     initvec.obj (.text)
                  00002ba0    00000fc0     rts6701.lib : memory.obj (.text)
                  00003b60    00000c00     main.obj (.text)
                  00004760    00000580     interrupt.obj (.text)
                  00004ce0    00000460     rts6701.lib : imath40.obj (.text)
                  00005140    00000440     serial.obj (.text)
                  00005580    00000420     rts6701.lib : ecvt.obj (.text)
                  000059a0    000003e0                 : fcvt.obj (.text)
                  00005d80    000002e0                 : frcdivd.obj (.text)
                  00006060    000002a0                 : memcpy.obj (.text)
                  00006300    00000240                 : exit.obj (.text)
                  00006540    00000220                 : divd.obj (.text)
                  00006760    000001c0                 : sprintf.obj (.text)
                  00006920    000001c0     USBMon.obj (.text)
                  00006ae0    000001a0     rts6701.lib : sqrtf.obj (.text)
                  00006c80    000001a0                 : divf.obj (.text)
                  00006e20    00000140                 : ltoa.obj (.text)
                  00006f60    00000140                 : ldexpf.obj (.text)
                  000070a0    00000140                 : atoi.obj (.text)
                  000071e0    00000120                 : frcdivf.obj (.text)
                  00007300    00000100                 : autoinit.obj (.text)
                  00007400    00000100                 : frexpf.obj (.text)
                  00007500    000000c0                 : fixdli.obj (.text)
                  000075c0    000000c0                 : divu.obj (.text)
                  00007680    000000a0                 : boot.obj (.text)
                  00007720    000000a0                 : remi.obj (.text)
                  000077c0    000000a0                 : remu.obj (.text)
                  00007860    00000080                 : strcpy.obj (.text)
                  000078e0    00000060                 : strlen.obj (.text)
                  00007940    00000060                 : memccpy.obj (.text)
                  000079a0    00000040                 : _lock.obj (.text)

.cinit     0    80000000    00000104     
                  80000000    0000003c     interrupt.obj (.cinit)
                  8000003c    00000004     --HOLE-- [fill = 00000000]
                  80000040    0000002c     rts6701.lib : exit.obj (.cinit)
                  8000006c    00000004     --HOLE-- [fill = 00000000]
                  80000070    0000002c     main.obj (.cinit)
                  8000009c    00000004     --HOLE-- [fill = 00000000]
                  800000a0    0000001c     rts6701.lib : sysmem.obj (.cinit)
                  800000bc    00000004     --HOLE-- [fill = 00000000]
                  800000c0    0000001c                 : _lock.obj (.cinit)
                  800000dc    00000004     --HOLE-- [fill = 00000000]
                  800000e0    0000000c                 : memory.obj (.cinit)
                  800000ec    00000004     --HOLE-- [fill = 00000000]
                  800000f0    0000000c                 : errno.obj (.cinit)
                  800000fc    00000008     --HOLE-- [fill = 00000000]

.const     0    80000104    000001a1     
                  80000104    00000101     rts6701.lib : ctype.obj (.const)
                  80000205    00000003     --HOLE-- [fill = 00000000]
                  80000208    00000073     main.obj (.const)
                  8000027b    0000002a     rts6701.lib : _printfi.obj (.const)

.switch    0    80000000    00000000     UNINITIALIZED

.bss       0    80000000    00000000     UNINITIALIZED
                  80000000    00000000     initvec.obj (.bss)
                  80000000    00000000     rts6701.lib : sysmem.obj (.bss)
                  80000000    00000000                 : memory.obj (.bss)
                  80000000    00000000                 : memcpy.obj (.bss)
                  80000000    00000000                 : memccpy.obj (.bss)
                  80000000    00000000                 : ltoa.obj (.bss)
                  80000000    00000000                 : ldexpf.obj (.bss)
                  80000000    00000000                 : imath40.obj (.bss)
                  80000000    00000000                 : frexpf.obj (.bss)
                  80000000    00000000                 : frcdivd.obj (.bss)
                  80000000    00000000                 : fixdli.obj (.bss)
                  80000000    00000000                 : fcvt.obj (.bss)
                  80000000    00000000                 : errno.obj (.bss)
                  80000000    00000000                 : ecvt.obj (.bss)
                  80000000    00000000                 : divu.obj (.bss)
                  80000000    00000000                 : divd.obj (.bss)
                  80000000    00000000                 : autoinit.obj (.bss)
                  80000000    00000000                 : _printfi.obj (.bss)
                  80000000    00000000                 : _lock.obj (.bss)
                  80000000    00000000                 : strlen.obj (.bss)
                  80000000    00000000                 : strcpy.obj (.bss)
                  80000000    00000000                 : sqrtf.obj (.bss)
                  80000000    00000000                 : sprintf.obj (.bss)
                  80000000    00000000                 : remu.obj (.bss)
                  80000000    00000000                 : remi.obj (.bss)
                  80000000    00000000                 : frcdivf.obj (.bss)
                  80000000    00000000                 : exit.obj (.bss)
                  80000000    00000000                 : divf.obj (.bss)
                  80000000    00000000                 : ctype.obj (.bss)
                  80000000    00000000                 : boot.obj (.bss)
                  80000000    00000000                 : atoi.obj (.bss)
                  80000000    00000000     USBMon.obj (.bss)
                  80000000    00000000     serial.obj (.bss)
                  80000000    00000000     interrupt.obj (.bss)
                  80000000    00000000     main.obj (.bss)

.cio       0    80000000    00000000     UNINITIALIZED

.data      0    80000000    00000000     UNINITIALIZED
                  80000000    00000000     initvec.obj (.data)
                  80000000    00000000     rts6701.lib : sysmem.obj (.data)
                  80000000    00000000                 : memory.obj (.data)
                  80000000    00000000                 : memcpy.obj (.data)
                  80000000    00000000                 : memccpy.obj (.data)
                  80000000    00000000                 : ltoa.obj (.data)
                  80000000    00000000                 : ldexpf.obj (.data)
                  80000000    00000000                 : imath40.obj (.data)
                  80000000    00000000                 : frexpf.obj (.data)
                  80000000    00000000                 : frcdivd.obj (.data)
                  80000000    00000000                 : fixdli.obj (.data)
                  80000000    00000000                 : fcvt.obj (.data)
                  80000000    00000000                 : errno.obj (.data)
                  80000000    00000000                 : ecvt.obj (.data)
                  80000000    00000000                 : divu.obj (.data)
                  80000000    00000000                 : divd.obj (.data)
                  80000000    00000000                 : autoinit.obj (.data)
                  80000000    00000000                 : _printfi.obj (.data)
                  80000000    00000000                 : _lock.obj (.data)
                  80000000    00000000                 : strlen.obj (.data)
                  80000000    00000000                 : strcpy.obj (.data)
                  80000000    00000000                 : sqrtf.obj (.data)
                  80000000    00000000                 : sprintf.obj (.data)
                  80000000    00000000                 : remu.obj (.data)
                  80000000    00000000                 : remi.obj (.data)
                  80000000    00000000                 : frcdivf.obj (.data)
                  80000000    00000000                 : exit.obj (.data)
                  80000000    00000000                 : divf.obj (.data)
                  80000000    00000000                 : ctype.obj (.data)
                  80000000    00000000                 : boot.obj (.data)
                  80000000    00000000                 : atoi.obj (.data)
                  80000000    00000000     USBMon.obj (.data)
                  80000000    00000000     serial.obj (.data)
                  80000000    00000000     interrupt.obj (.data)
                  80000000    00000000     main.obj (.data)

.far       0    800002a8    000007b0     UNINITIALIZED
                  800002a8    0000032c     main.obj (.far)
                  800005d4    00000288     serial.obj (.far)
                  8000085c    0000008c     rts6701.lib : exit.obj (.far)
                  800008e8    00000080                 : _printfi.obj (.far)
                  80000968    00000064                 : ecvt.obj (.far)
                  800009cc    00000064                 : fcvt.obj (.far)
                  80000a30    00000010     interrupt.obj (.far)
                  80000a40    00000008     rts6701.lib : memory.obj (.far)
                  80000a48    00000008                 : _lock.obj (.far)
                  80000a50    00000004                 : sprintf.obj (.far)
                  80000a54    00000004                 : errno.obj (.far)

.stack     0    80000a58    00001000     UNINITIALIZED
                  80000a58    00000000     rts6701.lib : boot.obj (.stack)

.sysmem    0    80001a58    00001000     UNINITIALIZED
                  80001a58    00000000     rts6701.lib : sysmem.obj (.sysmem)

.USBMON    0    00400000    0000800c     UNINITIALIZED
                  00400000    0000800c     USBMon.obj (.USBMON)


GLOBAL SYMBOLS: SORTED ALPHABETICALLY BY Name 

address    name
--------   ----
80000000   $bss
80000000   .bss
80000000   .data
00000200   .text
00006528   C$$EXIT
000052ec   _CheckSum
00003bf8   _GIE
00004968   _ISRNMI
00004760   _ISRextint4
00004768   _ISRextint5
00004970   _ISRextint6
00004780   _ISRtimer0
00003b60   _InitEXINTF
00003be0   _InitINT
00003ba0   _InitTimer
00005140   _InitUART
00006920   _InitUSBMon
00003fe4   _MakeVelProfile
00003d9c   _OneStepMove
0000524c   _ReceiveByte
0000547c   _Report
00005268   _SendByte
000053dc   _SendData
00003e8c   _StepMoveCV
00004200   _StepMoveVP
80000a30   _TFlag
0000695c   _UMAddData
00400000   _USBMonStuff
00003cc4   _WaitTFlag
00003d18   _WaitTFlagCnt
00001000   __STACK_SIZE
00001000   __SYSMEM_SIZE
80000000   ___bss__
80000000   ___cinit__
80000000   ___data__
80000000   ___edata__
80000000   ___end__
000079e0   ___etext__
ffffffff   ___pinit__
00000200   ___text__
00007300   __auto_init
800008e0   __cleanup_ptr
80000104   __ctypes_
00006540   __divd
00006c80   __divf
00005078   __divli
000075c0   __divu
00004d78   __divul
800008e4   __dtors_ptr
00007500   __fixdli
00005d80   __frcdivd
000071e0   __frcdivf
80000a48   __lock
80000a40   __memory_size
000079a0   __nop
00000200   __printfi
000079a8   __register_lock
000079bc   __register_unlock
00007720   __remi
00004fd8   __remli
000077c0   __remu
00004ce0   __remul
80000a58   __stack
80001a58   __sys_memory
80000a4c   __unlock
00006528   _abort
00006450   _atexit
000070a0   _atoi
00007680   _c_int00
00004770   _c_int08
00004778   _c_int09
00002f44   _calloc
800005d4   _compacket
00003c64   _delay_ms
00003c0c   _delay_us
00005580   _ecvt
80000a54   _errno
00006300   _exit
000059a0   _fcvt
000033c8   _free
00007400   _frexpf
80000208   _full_step_phase
00006f60   _ldexpf
00006e20   _ltoa
00004528   _main
00002d7c   _malloc
00003790   _memalign
00007940   _memccpy
00006060   _memcpy
00002d14   _minit
800005c8   _mon_angle
800005cc   _mon_vel
00002fec   _realloc
800006c0   _respacket
00006760   _sprintf
00006ae0   _sqrtf
00007860   _strcpy
000078e0   _strlen
80000794   _tmp_string
800002a8   _vel_profile
80000000   cinit
80000000   edata
80000000   end
000079e0   etext
ffffffff   pinit


GLOBAL SYMBOLS: SORTED BY Symbol Address 

address    name
--------   ----
00000200   .text
00000200   ___text__
00000200   __printfi
00001000   __STACK_SIZE
00001000   __SYSMEM_SIZE
00002d14   _minit
00002d7c   _malloc
00002f44   _calloc
00002fec   _realloc
000033c8   _free
00003790   _memalign
00003b60   _InitEXINTF
00003ba0   _InitTimer
00003be0   _InitINT
00003bf8   _GIE
00003c0c   _delay_us
00003c64   _delay_ms
00003cc4   _WaitTFlag
00003d18   _WaitTFlagCnt
00003d9c   _OneStepMove
00003e8c   _StepMoveCV
00003fe4   _MakeVelProfile
00004200   _StepMoveVP
00004528   _main
00004760   _ISRextint4
00004768   _ISRextint5
00004770   _c_int08
00004778   _c_int09
00004780   _ISRtimer0
00004968   _ISRNMI
00004970   _ISRextint6
00004ce0   __remul
00004d78   __divul
00004fd8   __remli
00005078   __divli
00005140   _InitUART
0000524c   _ReceiveByte
00005268   _SendByte
000052ec   _CheckSum
000053dc   _SendData
0000547c   _Report
00005580   _ecvt
000059a0   _fcvt
00005d80   __frcdivd
00006060   _memcpy
00006300   _exit
00006450   _atexit
00006528   _abort
00006528   C$$EXIT
00006540   __divd
00006760   _sprintf
00006920   _InitUSBMon
0000695c   _UMAddData
00006ae0   _sqrtf
00006c80   __divf
00006e20   _ltoa
00006f60   _ldexpf
000070a0   _atoi
000071e0   __frcdivf
00007300   __auto_init
00007400   _frexpf
00007500   __fixdli
000075c0   __divu
00007680   _c_int00
00007720   __remi
000077c0   __remu
00007860   _strcpy
000078e0   _strlen
00007940   _memccpy
000079a0   __nop
000079a8   __register_lock
000079bc   __register_unlock
000079e0   etext
000079e0   ___etext__
00400000   _USBMonStuff
80000000   $bss
80000000   .bss
80000000   .data
80000000   edata
80000000   cinit
80000000   ___cinit__
80000000   end
80000000   ___edata__
80000000   ___data__
80000000   ___bss__
80000000   ___end__
80000104   __ctypes_
80000208   _full_step_phase
800002a8   _vel_profile
800005c8   _mon_angle
800005cc   _mon_vel
800005d4   _compacket
800006c0   _respacket
80000794   _tmp_string
800008e0   __cleanup_ptr
800008e4   __dtors_ptr
80000a30   _TFlag
80000a40   __memory_size
80000a48   __lock
80000a4c   __unlock
80000a54   _errno
80000a58   __stack
80001a58   __sys_memory
ffffffff   pinit
ffffffff   ___pinit__

[105 symbols]
