******************************************************************************
          TMS320C6x COFF Linker PC Version 4.10                
******************************************************************************
>> Linked Mon May 25 14:24:59 2026

OUTPUT FILE NAME:   <ram_main.out>
ENTRY POINT SYMBOL: "_c_int00"  address: 00007120


MEMORY CONFIGURATION

                  name            origin    length      used    attr    fill
         ----------------------  --------  ---------  --------  ----  --------
         VECT                    00000000   00000200  00000200  RWIX
         IPRAM                   00000200   0000fe00  000071e0  RWIX
         EXRAM                   00400000   00040000  0000800c  RWIX
         CE1VECS                 01400000   00000200  00000000  RWIX
         CE1MEM                  01400200   0000fe00  00000000  RWIX
         IOCE2                   02000000   00010000  00000000  RWIX
         IDRAM                   80000000   00010000  000026f2  RWIX


SECTION ALLOCATION MAP

 output                                  attributes/
section   page    origin      length       input sections
--------  ----  ----------  ----------   ----------------
.vector    0    00000000    00000200     
                  00000000    00000200     initvec.obj (.vector)

.text      0    00000200    000071e0     
                  00000200    000029a0     rts6701.lib : _printfi.obj (.text)
                  00002ba0    00000000                 : ctype.obj (.text)
                  00002ba0    00000000     initvec.obj (.text)
                  00002ba0    00000000     rts6701.lib : sysmem.obj (.text)
                  00002ba0    00000fc0                 : memory.obj (.text)
                  00003b60    00000a60     main.obj (.text)
                  000045c0    000005a0     interrupt.obj (.text)
                  00004b60    00000460     rts6701.lib : imath40.obj (.text)
                  00004fc0    00000440     serial.obj (.text)
                  00005400    00000420     rts6701.lib : ecvt.obj (.text)
                  00005820    000003e0                 : fcvt.obj (.text)
                  00005c00    000002e0                 : frcdivd.obj (.text)
                  00005ee0    000002a0                 : memcpy.obj (.text)
                  00006180    00000240                 : exit.obj (.text)
                  000063c0    00000220                 : divd.obj (.text)
                  000065e0    000001c0                 : sprintf.obj (.text)
                  000067a0    000001c0     USBMon.obj (.text)
                  00006960    000001a0     rts6701.lib : divf.obj (.text)
                  00006b00    00000140                 : ltoa.obj (.text)
                  00006c40    00000140                 : atoi.obj (.text)
                  00006d80    00000120                 : frcdivf.obj (.text)
                  00006ea0    00000100                 : autoinit.obj (.text)
                  00006fa0    000000c0                 : fixdli.obj (.text)
                  00007060    000000c0                 : divu.obj (.text)
                  00007120    000000a0                 : boot.obj (.text)
                  000071c0    000000a0                 : remi.obj (.text)
                  00007260    00000080                 : strcpy.obj (.text)
                  000072e0    00000060                 : memccpy.obj (.text)
                  00007340    00000060                 : strlen.obj (.text)
                  000073a0    00000040                 : _lock.obj (.text)

.cinit     0    80000000    00000104     
                  80000000    0000004c     main.obj (.cinit)
                  8000004c    00000004     --HOLE-- [fill = 00000000]
                  80000050    0000002c     rts6701.lib : exit.obj (.cinit)
                  8000007c    00000004     --HOLE-- [fill = 00000000]
                  80000080    0000002c     interrupt.obj (.cinit)
                  800000ac    00000004     --HOLE-- [fill = 00000000]
                  800000b0    0000001c     rts6701.lib : sysmem.obj (.cinit)
                  800000cc    00000004     --HOLE-- [fill = 00000000]
                  800000d0    0000001c                 : _lock.obj (.cinit)
                  800000ec    00000004     --HOLE-- [fill = 00000000]
                  800000f0    0000000c                 : memory.obj (.cinit)
                  800000fc    00000008     --HOLE-- [fill = 00000000]

.const     0    80000104    0000015e     
                  80000104    00000101     rts6701.lib : ctype.obj (.const)
                  80000205    00000033     main.obj (.const)
                  80000238    0000002a     rts6701.lib : _printfi.obj (.const)

.switch    0    80000000    00000000     UNINITIALIZED

.bss       0    80000000    00000000     UNINITIALIZED
                  80000000    00000000     initvec.obj (.bss)
                  80000000    00000000     rts6701.lib : sysmem.obj (.bss)
                  80000000    00000000                 : memory.obj (.bss)
                  80000000    00000000                 : memcpy.obj (.bss)
                  80000000    00000000                 : memccpy.obj (.bss)
                  80000000    00000000                 : ltoa.obj (.bss)
                  80000000    00000000                 : imath40.obj (.bss)
                  80000000    00000000                 : frcdivd.obj (.bss)
                  80000000    00000000                 : fixdli.obj (.bss)
                  80000000    00000000                 : fcvt.obj (.bss)
                  80000000    00000000                 : ecvt.obj (.bss)
                  80000000    00000000                 : divu.obj (.bss)
                  80000000    00000000                 : divd.obj (.bss)
                  80000000    00000000                 : autoinit.obj (.bss)
                  80000000    00000000                 : _printfi.obj (.bss)
                  80000000    00000000                 : _lock.obj (.bss)
                  80000000    00000000                 : strlen.obj (.bss)
                  80000000    00000000                 : strcpy.obj (.bss)
                  80000000    00000000                 : sprintf.obj (.bss)
                  80000000    00000000                 : remi.obj (.bss)
                  80000000    00000000                 : frcdivf.obj (.bss)
                  80000000    00000000                 : exit.obj (.bss)
                  80000000    00000000                 : divf.obj (.bss)
                  80000000    00000000                 : ctype.obj (.bss)
                  80000000    00000000                 : boot.obj (.bss)
                  80000000    00000000                 : atoi.obj (.bss)
                  80000000    00000000     USBMon.obj (.bss)
                  80000000    00000000     serial.obj (.bss)
                  80000000    00000000     interrupt.obj (.bss)
                  80000000    00000000     main.obj (.bss)

.cio       0    80000000    00000000     UNINITIALIZED

.data      0    80000000    00000000     UNINITIALIZED
                  80000000    00000000     initvec.obj (.data)
                  80000000    00000000     rts6701.lib : sysmem.obj (.data)
                  80000000    00000000                 : memory.obj (.data)
                  80000000    00000000                 : memcpy.obj (.data)
                  80000000    00000000                 : memccpy.obj (.data)
                  80000000    00000000                 : ltoa.obj (.data)
                  80000000    00000000                 : imath40.obj (.data)
                  80000000    00000000                 : frcdivd.obj (.data)
                  80000000    00000000                 : fixdli.obj (.data)
                  80000000    00000000                 : fcvt.obj (.data)
                  80000000    00000000                 : ecvt.obj (.data)
                  80000000    00000000                 : divu.obj (.data)
                  80000000    00000000                 : divd.obj (.data)
                  80000000    00000000                 : autoinit.obj (.data)
                  80000000    00000000                 : _printfi.obj (.data)
                  80000000    00000000                 : _lock.obj (.data)
                  80000000    00000000                 : strlen.obj (.data)
                  80000000    00000000                 : strcpy.obj (.data)
                  80000000    00000000                 : sprintf.obj (.data)
                  80000000    00000000                 : remi.obj (.data)
                  80000000    00000000                 : frcdivf.obj (.data)
                  80000000    00000000                 : exit.obj (.data)
                  80000000    00000000                 : divf.obj (.data)
                  80000000    00000000                 : ctype.obj (.data)
                  80000000    00000000                 : boot.obj (.data)
                  80000000    00000000                 : atoi.obj (.data)
                  80000000    00000000     USBMon.obj (.data)
                  80000000    00000000     serial.obj (.data)
                  80000000    00000000     interrupt.obj (.data)
                  80000000    00000000     main.obj (.data)

.far       0    80000264    00000490     UNINITIALIZED
                  80000264    00000288     serial.obj (.far)
                  800004ec    0000008c     rts6701.lib : exit.obj (.far)
                  80000578    00000080                 : _printfi.obj (.far)
                  800005f8    00000064                 : ecvt.obj (.far)
                  8000065c    00000064                 : fcvt.obj (.far)
                  800006c0    00000014     main.obj (.far)
                  800006d4    0000000c     interrupt.obj (.far)
                  800006e0    00000008     rts6701.lib : memory.obj (.far)
                  800006e8    00000008                 : _lock.obj (.far)
                  800006f0    00000004                 : sprintf.obj (.far)

.stack     0    800006f8    00001000     UNINITIALIZED
                  800006f8    00000000     rts6701.lib : boot.obj (.stack)

.sysmem    0    800016f8    00001000     UNINITIALIZED
                  800016f8    00000000     rts6701.lib : sysmem.obj (.sysmem)

.USBMON    0    00400000    0000800c     UNINITIALIZED
                  00400000    0000800c     USBMon.obj (.USBMON)


GLOBAL SYMBOLS: SORTED ALPHABETICALLY BY Name 

address    name
--------   ----
80000000   $bss
80000000   .bss
80000000   .data
00000200   .text
000063a8   C$$EXIT
00003da0   _BLDCDrive
0000516c   _CheckSum
00003bf8   _GIE
000047fc   _ISRNMI
000045c0   _ISRextint4
000045c8   _ISRextint5
00004804   _ISRextint6
000045e0   _ISRtimer0
00003b60   _InitEXINTF
00003be0   _InitINT
00003ba0   _InitTimer
00004fc0   _InitUART
000067a0   _InitUSBMon
000050cc   _ReceiveByte
000052fc   _Report
000050e8   _SendByte
0000525c   _SendData
800006d4   _TFlag
000067dc   _UMAddData
00400000   _USBMonStuff
00003cc4   _WaitTFlag
00003d18   _WaitTFlagCnt
00001000   __STACK_SIZE
00001000   __SYSMEM_SIZE
80000000   ___bss__
80000000   ___cinit__
80000000   ___data__
80000000   ___edata__
80000000   ___end__
000073e0   ___etext__
ffffffff   ___pinit__
00000200   ___text__
00006ea0   __auto_init
80000570   __cleanup_ptr
80000104   __ctypes_
000063c0   __divd
00006960   __divf
00004ef8   __divli
00007060   __divu
00004bf8   __divul
80000574   __dtors_ptr
00006fa0   __fixdli
00005c00   __frcdivd
00006d80   __frcdivf
800006e8   __lock
800006e0   __memory_size
000073a0   __nop
00000200   __printfi
000073a8   __register_lock
000073bc   __register_unlock
000071c0   __remi
00004e58   __remli
00004b60   __remul
800006f8   __stack
800016f8   __sys_memory
800006ec   __unlock
000063a8   _abort
000062d0   _atexit
00006c40   _atoi
00007120   _c_int00
000045d0   _c_int08
000045d8   _c_int09
00002f44   _calloc
80000264   _compacket
00003c64   _delay_ms
00003c0c   _delay_us
800006cc   _duty
00005400   _ecvt
00006180   _exit
00005820   _fcvt
000033c8   _free
800006c0   _hall_count
00006b00   _ltoa
00004308   _main
00002d7c   _malloc
00003790   _memalign
000072e0   _memccpy
00005ee0   _memcpy
00002d14   _minit
00002fec   _realloc
800006c4   _ref_angle
800006c8   _ref_count
80000350   _respacket
000065e0   _sprintf
00007260   _strcpy
00007340   _strlen
80000424   _tmp_string
80000000   cinit
80000000   edata
80000000   end
000073e0   etext
ffffffff   pinit


GLOBAL SYMBOLS: SORTED BY Symbol Address 

address    name
--------   ----
00000200   .text
00000200   ___text__
00000200   __printfi
00001000   __STACK_SIZE
00001000   __SYSMEM_SIZE
00002d14   _minit
00002d7c   _malloc
00002f44   _calloc
00002fec   _realloc
000033c8   _free
00003790   _memalign
00003b60   _InitEXINTF
00003ba0   _InitTimer
00003be0   _InitINT
00003bf8   _GIE
00003c0c   _delay_us
00003c64   _delay_ms
00003cc4   _WaitTFlag
00003d18   _WaitTFlagCnt
00003da0   _BLDCDrive
00004308   _main
000045c0   _ISRextint4
000045c8   _ISRextint5
000045d0   _c_int08
000045d8   _c_int09
000045e0   _ISRtimer0
000047fc   _ISRNMI
00004804   _ISRextint6
00004b60   __remul
00004bf8   __divul
00004e58   __remli
00004ef8   __divli
00004fc0   _InitUART
000050cc   _ReceiveByte
000050e8   _SendByte
0000516c   _CheckSum
0000525c   _SendData
000052fc   _Report
00005400   _ecvt
00005820   _fcvt
00005c00   __frcdivd
00005ee0   _memcpy
00006180   _exit
000062d0   _atexit
000063a8   C$$EXIT
000063a8   _abort
000063c0   __divd
000065e0   _sprintf
000067a0   _InitUSBMon
000067dc   _UMAddData
00006960   __divf
00006b00   _ltoa
00006c40   _atoi
00006d80   __frcdivf
00006ea0   __auto_init
00006fa0   __fixdli
00007060   __divu
00007120   _c_int00
000071c0   __remi
00007260   _strcpy
000072e0   _memccpy
00007340   _strlen
000073a0   __nop
000073a8   __register_lock
000073bc   __register_unlock
000073e0   ___etext__
000073e0   etext
00400000   _USBMonStuff
80000000   ___cinit__
80000000   ___bss__
80000000   ___data__
80000000   cinit
80000000   edata
80000000   end
80000000   .data
80000000   .bss
80000000   $bss
80000000   ___end__
80000000   ___edata__
80000104   __ctypes_
80000264   _compacket
80000350   _respacket
80000424   _tmp_string
80000570   __cleanup_ptr
80000574   __dtors_ptr
800006c0   _hall_count
800006c4   _ref_angle
800006c8   _ref_count
800006cc   _duty
800006d4   _TFlag
800006e0   __memory_size
800006e8   __lock
800006ec   __unlock
800006f8   __stack
800016f8   __sys_memory
ffffffff   pinit
ffffffff   ___pinit__

[97 symbols]
