TMS320C6x COFF Assembler         Version 4.10     Mon May 25 14:24:39 2026
Copyright (c) 1996-2001 Texas Instruments Incorporated
temp\interrupt.asm                                                   PAGE    1

       1                    ;******************************************************************************
       2                    ;* TMS320C6x ANSI C Codegen                                      Version 4.10 *
       3                    ;* Date/Time created: Mon May 25 14:24:39 2026                                *
       4                    ;******************************************************************************
       5                    
       6                    ;******************************************************************************
       7                    ;* GLOBAL FILE PARAMETERS                                                     *
       8                    ;*                                                                            *
       9                    ;*   Architecture      : TMS320C670x                                          *
      10                    ;*   Optimization      : Disabled                                             *
      11                    ;*   Optimizing for    : Compile time, Ease of Development                    *
      12                    ;*                       Based on options: no -o, no -ms                      *
      13                    ;*   Endian            : Little                                               *
      14                    ;*   Interrupt Thrshld : Disabled                                             *
      15                    ;*   Memory Model      : Large                                                *
      16                    ;*   Calls to RTS      : Far                                                  *
      17                    ;*   Pipelining        : Disabled                                             *
      18                    ;*   Memory Aliases    : Presume are aliases (pessimistic)                    *
      19                    ;*   Debug Info        : No Debug Info                                        *
      20                    ;*                                                                            *
      21                    ;******************************************************************************
      22                    
      23                            .asg    A15, FP
      24                            .asg    B14, DP
      25                            .asg    B15, SP
      26                            .global $bss
      27                    
      28                    
      29 00000000                   .sect   ".cinit"
      30                            .align  8
      31 00000000 00000004          .field          4,32
      32 00000004 00000000-         .field          _TFlag+0,32
      33 00000008 00000000          .field          0,32                    ; _TFlag @ 0
      34 00000000                   .sect   ".text"
      35                            .global _TFlag
      36 00000000           _TFlag: .usect  .far,4,4
      37                    
      38 0000000c                   .sect   ".cinit"
      39                            .align  8
      40 00000010 00000004          .field          4,32
      41 00000014 00000004-         .field          _s_error$1+0,32
      42 00000018 00000000          .word   000000000h              ; _s_error$1 @ 0
      43 00000000                   .sect   ".text"
      44 00000004           _s_error$1:     .usect  .far,4,4
      45                    
      46 0000001c                   .sect   ".cinit"
      47                            .align  8
      48 00000020 00000004          .field          4,32
      49 00000024 00000008-         .field          _p_error$2+0,32
      50 00000028 00000000          .word   000000000h              ; _p_error$2 @ 0
      51 00000000                   .sect   ".text"
      52 00000008           _p_error$2:     .usect  .far,4,4
      53                    ;       acp6x -q -D_FAR_RTS=1 --large_model=3 --version=6701 -m --i_output_file C:\Users\W10\AppData\L
      54 00000000                   .sect   ".text"
      55                            .global _ISRextint4
TMS320C6x COFF Assembler         Version 4.10     Mon May 25 14:24:39 2026
Copyright (c) 1996-2001 Texas Instruments Incorporated
temp\interrupt.asm                                                   PAGE    2

      56                    
      57                    ;******************************************************************************
      58                    ;* FUNCTION NAME: _ISRextint4                                                 *
      59                    ;*                                                                            *
      60                    ;*   Regs Modified     :                                                      *
      61                    ;*   Regs Used         :                                                      *
      62                    ;*   Local Frame Size  : 0 Args + 0 Auto + 0 Save = 0 byte                    *
      63                    ;******************************************************************************
      64 00000000           _ISRextint4:
      65                    ;** --------------------------------------------------------------------------*
      66 00000000 001800E2             B       .S2     IRP               ; |11| 
      67 00000004 00008000             NOP             5
      68                               ; BRANCH OCCURS                   ; |11| 
      69                    
      70                    
      71 00000008                   .sect   ".text"
      72                            .global _ISRextint5
      73                    
      74                    ;******************************************************************************
      75                    ;* FUNCTION NAME: _ISRextint5                                                 *
      76                    ;*                                                                            *
      77                    ;*   Regs Modified     :                                                      *
      78                    ;*   Regs Used         :                                                      *
      79                    ;*   Local Frame Size  : 0 Args + 0 Auto + 0 Save = 0 byte                    *
      80                    ;******************************************************************************
      81 00000008           _ISRextint5:
      82                    ;** --------------------------------------------------------------------------*
      83 00000008 001800E2             B       .S2     IRP               ; |17| 
      84 0000000c 00008000             NOP             5
      85                               ; BRANCH OCCURS                   ; |17| 
      86                    
      87                    
      88 00000010                   .sect   ".text"
      89                            .global _c_int08
      90                    
      91                    ;******************************************************************************
      92                    ;* FUNCTION NAME: _c_int08                                                    *
      93                    ;*                                                                            *
      94                    ;*   Regs Modified     :                                                      *
      95                    ;*   Regs Used         :                                                      *
      96                    ;*   Local Frame Size  : 0 Args + 0 Auto + 0 Save = 0 byte                    *
      97                    ;******************************************************************************
      98 00000010           _c_int08:
      99                    ;** --------------------------------------------------------------------------*
     100 00000010 001800E2             B       .S2     IRP               ; |29| 
     101 00000014 00008000             NOP             5
     102                               ; BRANCH OCCURS                   ; |29| 
     103                    
     104                    
     105 00000018                   .sect   ".text"
     106                            .global _c_int09
     107                    
     108                    ;******************************************************************************
     109                    ;* FUNCTION NAME: _c_int09                                                    *
     110                    ;*                                                                            *
TMS320C6x COFF Assembler         Version 4.10     Mon May 25 14:24:39 2026
Copyright (c) 1996-2001 Texas Instruments Incorporated
temp\interrupt.asm                                                   PAGE    3

     111                    ;*   Regs Modified     :                                                      *
     112                    ;*   Regs Used         :                                                      *
     113                    ;*   Local Frame Size  : 0 Args + 0 Auto + 0 Save = 0 byte                    *
     114                    ;******************************************************************************
     115 00000018           _c_int09:
     116                    ;** --------------------------------------------------------------------------*
     117 00000018 001800E2             B       .S2     IRP               ; |35| 
     118 0000001c 00008000             NOP             5
     119                               ; BRANCH OCCURS                   ; |35| 
     120                    
     121                    
     122 00000020                   .sect   ".text"
     123                            .global _ISRtimer0
     124                    
     125                    ;******************************************************************************
     126                    ;* FUNCTION NAME: _ISRtimer0                                                  *
     127                    ;*                                                                            *
     128                    ;*   Regs Modified     : A0,A1,A2,A3,A4,A5,A6,A7,A8,A9,B0,B1,B2,B3,B4,B5,B6,  *
     129                    ;*                           B7,B8,B9,SP                                      *
     130                    ;*   Regs Used         : A0,A1,A2,A3,A4,A5,A6,A7,A8,A9,B0,B1,B2,B3,B4,B5,B6,  *
     131                    ;*                           B7,B8,B9,SP                                      *
     132                    ;*   Local Frame Size  : 0 Args + 20 Auto + 84 Save = 104 byte                *
     133                    ;******************************************************************************
     134 00000020           _ISRtimer0:
     135                    ;** --------------------------------------------------------------------------*
     136 00000020 04BF54F6             STW     .D2T2   B9,*SP--(104)     ; |29| 
     137 00000024 02BEC2F6             STW     .D2T2   B5,*+SP(88)       ; |29| 
     138 00000028 003CE2F4             STW     .D2T1   A0,*+SP(28)       ; |29| 
     139 0000002c 023EA2F6             STW     .D2T2   B4,*+SP(84)       ; |29| 
     140 00000030 01BD42F4             STW     .D2T1   A3,*+SP(40)       ; |29| 
     141 00000034 023D62F4             STW     .D2T1   A4,*+SP(44)       ; |29| 
     142 00000038 02BD82F4             STW     .D2T1   A5,*+SP(48)       ; |29| 
     143 0000003c 033DA2F4             STW     .D2T1   A6,*+SP(52)       ; |29| 
     144 00000040 03BDC2F4             STW     .D2T1   A7,*+SP(56)       ; |29| 
     145 00000044 043DE2F4             STW     .D2T1   A8,*+SP(60)       ; |29| 
     146 00000048 04BE02F4             STW     .D2T1   A9,*+SP(64)       ; |29| 
     147 0000004c 003E22F6             STW     .D2T2   B0,*+SP(68)       ; |29| 
     148 00000050 00BE42F6             STW     .D2T2   B1,*+SP(72)       ; |29| 
     149 00000054 013E62F6             STW     .D2T2   B2,*+SP(76)       ; |29| 
     150 00000058 01BE82F6             STW     .D2T2   B3,*+SP(80)       ; |29| 
     151 0000005c 033EE2F6             STW     .D2T2   B6,*+SP(92)       ; |29| 
     152 00000060 03BF02F6             STW     .D2T2   B7,*+SP(96)       ; |29| 
     153 00000064 043F22F6             STW     .D2T2   B8,*+SP(100)      ; |29| 
     154                    
     155 00000068 028000AB             MVK     .S2     1,B5              ; |43| 
     156 0000006c 00000029- ||         MVKL    .S1     _TFlag,A0         ; |43| 
     157 00000070 013D22F4  ||         STW     .D2T1   A2,*+SP(36)       ; |29| 
     158                    
     159 00000074 00000069-            MVKH    .S1     _TFlag,A0         ; |43| 
     160 00000078 0200002B! ||         MVKL    .S2     _hall_count,B4    ; |48| 
     161 0000007c 00BD02F4  ||         STW     .D2T1   A1,*+SP(32)       ; |29| 
     162                    
     163 00000080 02800277             STW     .D1T2   B5,*A0            ; |43| 
     164 00000084 0200006A! ||         MVKH    .S2     _hall_count,B4    ; |48| 
     165                    
TMS320C6x COFF Assembler         Version 4.10     Mon May 25 14:24:39 2026
Copyright (c) 1996-2001 Texas Instruments Incorporated
temp\interrupt.asm                                                   PAGE    4

     166 00000088 021002E6             LDW     .D2T2   *B4,B4            ; |48| 
     167 0000008c 00000028!            MVKL    .S1     _ref_count,A0     ; |48| 
     168 00000090 00000068!            MVKH    .S1     _ref_count,A0     ; |48| 
     169 00000094 01800264             LDW     .D1T1   *A0,A3            ; |48| 
     170 00000098 0180F22A'            MVKL    .S2     RL0,B3            ; |81| 
     171 0000009c 00101958             INTSP   .L1X    B4,A0             ; |48| 
     172 000000a0 0200022A-            MVKL    .S2     _s_error$1,B4     ; |50| 
     173 000000a4 0200006A-            MVKH    .S2     _s_error$1,B4     ; |50| 
     174 000000a8 0180006A'            MVKH    .S2     RL0,B3            ; |81| 
     175 000000ac 01806238             SUBSP   .L1     A3,A0,A3          ; |48| 
     176 000000b0 001011A0             MV      .S1X    B4,A0             ; |50| 
     177 000000b4 00002000             NOP             2
     178 000000b8 01BC22F4             STW     .D2T1   A3,*+SP(4)        ; |48| 
     179 000000bc 02000266             LDW     .D1T2   *A0,B4            ; |50| 
     180 000000c0 00006000             NOP             4
     181 000000c4 01907218             ADDSP   .L1X    A3,B4,A3          ; |50| 
     182 000000c8 020008C2             ZERO    .D2     B4                ; |52| 
     183 000000cc 021FC06A             MVKH    .S2     0x3f800000,B4     ; |52| 
     184 000000d0 00000000             NOP             1
     185 000000d4 01800274             STW     .D1T1   A3,*A0            ; |50| 
     186 000000d8 02BC22E6             LDW     .D2T2   *+SP(4),B5        ; |52| 
     187 000000dc 00000428-            MVKL    .S1     _p_error$2,A0     ; |53| 
     188 000000e0 00000068-            MVKH    .S1     _p_error$2,A0     ; |53| 
     189 000000e4 00002000             NOP             2
     190 000000e8 0210AE02             MPYSP   .M2     B5,B4,B4          ; |52| 
     191 000000ec 00004000             NOP             3
     192 000000f0 023C42F6             STW     .D2T2   B4,*+SP(8)        ; |52| 
     193 000000f4 00000264             LDW     .D1T1   *A0,A0            ; |53| 
     194 000000f8 020008C2             ZERO    .D2     B4                ; |53| 
     195 000000fc 00004000             NOP             3
     196 00000100 0280B23A             SUBSP   .L2X    B5,A0,B5
     197 00000104 00000228-            MVKL    .S1     _s_error$1,A0     ; |54| 
     198 00000108 00000068-            MVKH    .S1     _s_error$1,A0     ; |54| 
     199 0000010c 00000000             NOP             1
     200 00000110 0210AE02             MPYSP   .M2     B5,B4,B4          ; |53| 
     201 00000114 00004000             NOP             3
     202 00000118 023C82F6             STW     .D2T2   B4,*+SP(16)       ; |53| 
     203 0000011c 01800264             LDW     .D1T1   *A0,A3            ; |54| 
     204 00000120 000008C0             ZERO    .D1     A0                ; |54| 
     205 00000124 0200042A-            MVKL    .S2     _p_error$2,B4     ; |56| 
     206 00000128 0200006A-            MVKH    .S2     _p_error$2,B4     ; |56| 
     207 0000012c 00000000             NOP             1
     208                    
     209 00000130 003C22E5             LDW     .D2T1   *+SP(4),A0        ; |56| 
     210 00000134 01806E00  ||         MPYSP   .M1     A3,A0,A3          ; |54| 
     211                    
     212 00000138 00004000             NOP             3
     213 0000013c 01BC62F4             STW     .D2T1   A3,*+SP(12)       ; |54| 
     214 00000140 001002F4             STW     .D2T1   A0,*B4            ; |56| 
     215 00000144 023C62E6             LDW     .D2T2   *+SP(12),B4       ; |58| 
     216 00000148 02BC42E6             LDW     .D2T2   *+SP(8),B5        ; |58| 
     217 0000014c 033C82E6             LDW     .D2T2   *+SP(16),B6       ; |58| 
     218 00000150 000008C0             ZERO    .D1     A0                ; |60| 
     219 00000154 00002000             NOP             2
     220 00000158 0214821A             ADDSP   .L2     B4,B5,B4          ; |58| 
TMS320C6x COFF Assembler         Version 4.10     Mon May 25 14:24:39 2026
Copyright (c) 1996-2001 Texas Instruments Incorporated
temp\interrupt.asm                                                   PAGE    5

     221 0000015c 00004000             NOP             3
     222 00000160 0210C21A             ADDSP   .L2     B6,B4,B4          ; |58| 
     223 00000164 018008C0             ZERO    .D1     A3                ; |60| 
     224 00000168 01A12468             MVKH    .S1     0x42480000,A3     ; |60| 
     225 0000016c 00212468             MVKH    .S1     0x42480000,A0     ; |60| 
     226                    
     227 00000170 00907EA1             CMPGTSP .S1X    B4,A3,A1          ; |60| 
     228 00000174 023CA2F6  ||         STW     .D2T2   B4,*+SP(20)       ; |58| 
     229                    
     230 00000178 803CA2F4     [ A1]   STW     .D2T1   A0,*+SP(20)       ; |60| 
     231 0000017c 02BCA2E6             LDW     .D2T2   *+SP(20),B5       ; |61| 
     232 00000180 020008C2             ZERO    .D2     B4                ; |61| 
     233 00000184 000008C0             ZERO    .D1     A0                ; |61| 
     234 00000188 0261246A             MVKH    .S2     0xc2480000,B4     ; |61| 
     235 0000018c 00612468             MVKH    .S1     0xc2480000,A0     ; |61| 
     236 00000190 0010AEA2             CMPLTSP .S2     B5,B4,B0          ; |61| 
     237 00000194 203CA2F4     [ B0]   STW     .D2T1   A0,*+SP(20)       ; |61| 
     238 00000198 023CA2E4             LDW     .D2T1   *+SP(20),A4       ; |63| 
     239 0000019c 00000028!            MVKL    .S1     _duty,A0          ; |63| 
     240 000001a0 00000068!            MVKH    .S1     _duty,A0          ; |63| 
     241 000001a4 01800028!            MVKL    .S1     _hall_count,A3    ; |81| 
     242 000001a8 01800068!            MVKH    .S1     _hall_count,A3    ; |81| 
     243 000001ac 02000274             STW     .D1T1   A4,*A0            ; |63| 
     244 000001b0 000C0264             LDW     .D1T1   *A3,A0            ; |81| 
     245 000001b4 0300002A!            MVKL    .S2     _duty,B6          ; |81| 
     246 000001b8 0280002A!            MVKL    .S2     _UMAddData,B5     ; |81| 
     247 000001bc 0300006A!            MVKH    .S2     _duty,B6          ; |81| 
     248 000001c0 0280006A!            MVKH    .S2     _UMAddData,B5     ; |81| 
     249                    
     250 000001c4 0200195B             INTSP   .L2X    A0,B4             ; |81| 
     251 000001c8 00000028! ||         MVKL    .S1     _ref_count,A0     ; |81| 
     252                    
     253 000001cc 00140363             B       .S2     B5                ; |81| 
     254 000001d0 00000069! ||         MVKH    .S1     _ref_count,A0     ; |81| 
     255 000001d4 033C22E4  ||         LDW     .D2T1   *+SP(4),A6        ; |81| 
     256                    
     257 000001d8 031802E7             LDW     .D2T2   *B6,B6            ; |81| 
     258 000001dc 02000264  ||         LDW     .D1T1   *A0,A4            ; |81| 
     259                    
     260 000001e0 00006000             NOP             4
     261 000001e4           RL0:       ; CALL OCCURS                     ; |81| 
     262 000001e4 003E22E6             LDW     .D2T2   *+SP(68),B0       ; |82| 
     263 000001e8 02BEC2E6             LDW     .D2T2   *+SP(88),B5       ; |82| 
     264 000001ec 01BE82E6             LDW     .D2T2   *+SP(80),B3       ; |82| 
     265 000001f0 033EE2E6             LDW     .D2T2   *+SP(92),B6       ; |82| 
     266 000001f4 023EA2E6             LDW     .D2T2   *+SP(84),B4       ; |82| 
     267 000001f8 033DA2E4             LDW     .D2T1   *+SP(52),A6       ; |82| 
     268 000001fc 023D62E4             LDW     .D2T1   *+SP(44),A4       ; |82| 
     269 00000200 043F22E6             LDW     .D2T2   *+SP(100),B8      ; |82| 
     270 00000204 03BF02E6             LDW     .D2T2   *+SP(96),B7       ; |82| 
     271 00000208 013E62E6             LDW     .D2T2   *+SP(76),B2       ; |82| 
     272 0000020c 00BE42E6             LDW     .D2T2   *+SP(72),B1       ; |82| 
     273 00000210 04BE02E4             LDW     .D2T1   *+SP(64),A9       ; |82| 
     274 00000214 043DE2E4             LDW     .D2T1   *+SP(60),A8       ; |82| 
     275 00000218 03BDC2E4             LDW     .D2T1   *+SP(56),A7       ; |82| 
TMS320C6x COFF Assembler         Version 4.10     Mon May 25 14:24:39 2026
Copyright (c) 1996-2001 Texas Instruments Incorporated
temp\interrupt.asm                                                   PAGE    6

     276 0000021c 02BD82E4             LDW     .D2T1   *+SP(48),A5       ; |82| 
     277 00000220 013D22E4             LDW     .D2T1   *+SP(36),A2       ; |82| 
     278 00000224 003CE2E4             LDW     .D2T1   *+SP(28),A0       ; |82| 
     279 00000228 01BD42E4             LDW     .D2T1   *+SP(40),A3       ; |82| 
     280                    
     281 0000022c 00BD02E5             LDW     .D2T1   *+SP(32),A1       ; |82| 
     282 00000230 001800E2  ||         B       .S2     IRP               ; |82| 
     283                    
     284 00000234 04BF52E6             LDW     .D2T2   *++SP(104),B9     ; |82| 
     285 00000238 00006000             NOP             4
     286                               ; BRANCH OCCURS                   ; |82| 
     287                    
     288                    
     289 0000023c                   .sect   ".text"
     290                            .global _ISRNMI
     291                    
     292                    ;******************************************************************************
     293                    ;* FUNCTION NAME: _ISRNMI                                                     *
     294                    ;*                                                                            *
     295                    ;*   Regs Modified     :                                                      *
     296                    ;*   Regs Used         :                                                      *
     297                    ;*   Local Frame Size  : 0 Args + 0 Auto + 0 Save = 0 byte                    *
     298                    ;******************************************************************************
     299 0000023c           _ISRNMI:
     300                    ;** --------------------------------------------------------------------------*
     301 0000023c 001800E2             B       .S2     IRP               ; |86| 
     302 00000240 00008000             NOP             5
     303                               ; BRANCH OCCURS                   ; |86| 
     304                    
     305                    
     306 00000244                   .sect   ".text"
     307                            .global _ISRextint6
     308                    
     309                    ;******************************************************************************
     310                    ;* FUNCTION NAME: _ISRextint6                                                 *
     311                    ;*                                                                            *
     312                    ;*   Regs Modified     : A0,A1,A2,A3,A4,A5,A6,A7,A8,A9,B0,B1,B2,B3,B4,B5,B6,  *
     313                    ;*                           B7,B8,B9,SP                                      *
     314                    ;*   Regs Used         : A0,A1,A2,A3,A4,A5,A6,A7,A8,A9,B0,B1,B2,B3,B4,B5,B6,  *
     315                    ;*                           B7,B8,B9,SP                                      *
     316                    ;*   Local Frame Size  : 0 Args + 4 Auto + 84 Save = 88 byte                  *
     317                    ;******************************************************************************
     318 00000244           _ISRextint6:
     319                    ;** --------------------------------------------------------------------------*
     320 00000244 04BED4F6             STW     .D2T2   B9,*SP--(88)      ; |89| 
     321 00000248 003C62F4             STW     .D2T1   A0,*+SP(12)       ; |89| 
     322 0000024c 03BE82F6             STW     .D2T2   B7,*+SP(80)       ; |89| 
     323 00000250 033E62F6             STW     .D2T2   B6,*+SP(76)       ; |89| 
     324 00000254 02BE42F6             STW     .D2T2   B5,*+SP(72)       ; |89| 
     325 00000258 023E22F6             STW     .D2T2   B4,*+SP(68)       ; |89| 
     326 0000025c 01BE02F6             STW     .D2T2   B3,*+SP(64)       ; |89| 
     327 00000260 013DE2F6             STW     .D2T2   B2,*+SP(60)       ; |89| 
     328 00000264 00BDC2F6             STW     .D2T2   B1,*+SP(56)       ; |89| 
     329 00000268 003DA2F6             STW     .D2T2   B0,*+SP(52)       ; |89| 
     330 0000026c 04BD82F4             STW     .D2T1   A9,*+SP(48)       ; |89| 
TMS320C6x COFF Assembler         Version 4.10     Mon May 25 14:24:39 2026
Copyright (c) 1996-2001 Texas Instruments Incorporated
temp\interrupt.asm                                                   PAGE    7

     331 00000270 043D62F4             STW     .D2T1   A8,*+SP(44)       ; |89| 
     332 00000274 03BD42F4             STW     .D2T1   A7,*+SP(40)       ; |89| 
     333 00000278 033D22F4             STW     .D2T1   A6,*+SP(36)       ; |89| 
     334 0000027c 02BD02F4             STW     .D2T1   A5,*+SP(32)       ; |89| 
     335 00000280 023CE2F4             STW     .D2T1   A4,*+SP(28)       ; |89| 
     336 00000284 01BCC2F4             STW     .D2T1   A3,*+SP(24)       ; |89| 
     337 00000288 013CA2F4             STW     .D2T1   A2,*+SP(20)       ; |89| 
     338                    
     339 0000028c 00BC82F5             STW     .D2T1   A1,*+SP(16)       ; |89| 
     340 00000290 00000428  ||         MVKL    .S1     0x2000008,A0      ; |92| 
     341                    
     342 00000294 00010069             MVKH    .S1     0x2000008,A0      ; |92| 
     343 00000298 043EA2F6  ||         STW     .D2T2   B8,*+SP(84)       ; |89| 
     344                    
     345 0000029c 00000264             LDW     .D1T1   *A0,A0            ; |92| 
     346 000002a0 00006000             NOP             4
     347 000002a4 0001E7A0             AND     .S1     15,A0,A0          ; |92| 
     348 000002a8 00802A58             CMPEQ   .L1     A0,1,A1           ; |92| 
     349 000002ac 80005590     [ A1]   B       .S1     L8                ; |92| 
     350 000002b0 003C22F4             STW     .D2T1   A0,*+SP(4)        ; |92| 
     351 000002b4 83BE82E6     [ A1]   LDW     .D2T2   *+SP(80),B7       ; |126| 
     352 000002b8 833E62E6     [ A1]   LDW     .D2T2   *+SP(76),B6       ; |126| 
     353 000002bc 82BE42E6     [ A1]   LDW     .D2T2   *+SP(72),B5       ; |126| 
     354 000002c0 823E22E6     [ A1]   LDW     .D2T2   *+SP(68),B4       ; |126| 
     355                               ; BRANCH OCCURS                   ; |92| 
     356                    ;** --------------------------------------------------------------------------*
     357 000002c4 023C22E6             LDW     .D2T2   *+SP(4),B4        ; |93| 
     358 000002c8 00004000             NOP             3
     359                    ;** --------------------------------------------------------------------------*
     360                    ;**   BEGIN LOOP L1
     361                    ;** --------------------------------------------------------------------------*
     362 000002cc           L1:    
     363 000002cc 00000000             NOP             1
     364 000002d0 00108A5A             CMPEQ   .L2     B4,4,B0           ; |93| 
     365 000002d4 30002390     [!B0]   B       .S1     L3                ; |93| 
     366                    
     367 000002d8 323C22E7     [!B0]   LDW     .D2T2   *+SP(4),B4        ; |105| 
     368 000002dc 20000A28  || [ B0]   MVKL    .S1     0x2000014,A0      ; |94| 
     369                    
     370 000002e0 20010068     [ B0]   MVKH    .S1     0x2000014,A0      ; |94| 
     371 000002e4 20000264     [ B0]   LDW     .D1T1   *A0,A0            ; |94| 
     372 000002e8 00002000             NOP             2
     373                               ; BRANCH OCCURS                   ; |93| 
     374                    ;** --------------------------------------------------------------------------*
     375 000002ec 00002000             NOP             2
     376 000002f0 008027A0             AND     .S1     1,A0,A1           ; |94| 
     377 000002f4 90004890     [!A1]   B       .S1     L7                ; |94| 
     378 000002f8 90000428     [!A1]   MVKL    .S1     0x2000008,A0      ; |125| 
     379 000002fc 90010068     [!A1]   MVKH    .S1     0x2000008,A0      ; |125| 
     380                    
     381 00000300 820428C3     [ A1]   ZERO    .D2     B4                ; |95| 
     382 00000304 82803E2B! || [ A1]   MVKL    .S2     _compacket+124,B5 ; |95| 
     383 00000308 90000264  || [!A1]   LDW     .D1T1   *A0,A0            ; |125| 
     384                    
     385 0000030c 8201006A     [ A1]   MVKH    .S2     0x2000000,B4      ; |95| 
TMS320C6x COFF Assembler         Version 4.10     Mon May 25 14:24:39 2026
Copyright (c) 1996-2001 Texas Instruments Incorporated
temp\interrupt.asm                                                   PAGE    8

     386                    
     387 00000310 8280006B!    [ A1]   MVKH    .S2     _compacket+124,B5 ; |95| 
     388 00000314 821002E6  || [ A1]   LDW     .D2T2   *B4,B4            ; |95| 
     389                    
     390                               ; BRANCH OCCURS                   ; |94| 
     391                    ;** --------------------------------------------------------------------------*
     392 00000318 029402E6             LDW     .D2T2   *B5,B5            ; |95| 
     393 0000031c 00000000             NOP             1
     394                    ;*----------------------------------------------------------------------------*
     395                    ;*   SOFTWARE PIPELINE INFORMATION
     396                    ;*      Disqualified loop: software pipelining disabled
     397                    ;*----------------------------------------------------------------------------*
     398 00000320           L2:    
     399 00000320 00003E28!            MVKL    .S1     _compacket+124,A0 ; |96| 
     400 00000324 00000068!            MVKH    .S1     _compacket+124,A0 ; |96| 
     401 00000328 0213180A             EXTU    .S2     B4,24,24,B4       ; |95| 
     402 0000032c 021402B6             STB     .D2T2   B4,*B5            ; |95| 
     403 00000330 01800264             LDW     .D1T1   *A0,A3            ; |96| 
     404 00000334 00000028!            MVKL    .S1     _SendByte,A0      ; |96| 
     405 00000338 00000068!            MVKH    .S1     _SendByte,A0      ; |96| 
     406 0000033c 0181A82A'            MVKL    .S2     RL2,B3            ; |96| 
     407 00000340 00001362             B       .S2X    A0                ; |96| 
     408 00000344 020C0224             LDB     .D1T1   *A3,A4            ; |96| 
     409 00000348 0180006A'            MVKH    .S2     RL2,B3            ; |96| 
     410 0000034c 00004000             NOP             3
     411 00000350           RL2:       ; CALL OCCURS                     ; |96| 
     412 00000350 02003E2A!            MVKL    .S2     _compacket+124,B4 ; |97| 
     413 00000354 0200006A!            MVKH    .S2     _compacket+124,B4 ; |97| 
     414 00000358 021002E6             LDW     .D2T2   *B4,B4            ; |97| 
     415 0000035c 000031A8!            MVKL    .S1     _compacket+99,A0  ; |97| 
     416 00000360 00000068!            MVKH    .S1     _compacket+99,A0  ; |97| 
     417 00000364 00002000             NOP             2
     418 00000368 00901A78             CMPEQ   .L1X    B4,A0,A1          ; |97| 
     419 0000036c 92003E2A!    [!A1]   MVKL    .S2     _compacket+124,B4 ; |101| 
     420 00000370 9200006A!    [!A1]   MVKH    .S2     _compacket+124,B4 ; |101| 
     421 00000374 929002E6     [!A1]   LDW     .D2T2   *B4,B5            ; |101| 
     422 00000378 82003E2A!    [ A1]   MVKL    .S2     _compacket+124,B4 ; |98| 
     423 0000037c 80000028!    [ A1]   MVKL    .S1     _compacket,A0     ; |98| 
     424 00000380 8200006A!    [ A1]   MVKH    .S2     _compacket+124,B4 ; |98| 
     425 00000384 80000068!    [ A1]   MVKH    .S1     _compacket,A0     ; |98| 
     426                    
     427 00000388 02800A2B             MVKL    .S2     0x2000014,B5      ; |103| 
     428 0000038c 93142942  || [!A1]   ADD     .D2     1,B5,B6           ; |101| 
     429                    
     430 00000390 931002F6     [!A1]   STW     .D2T2   B6,*B4            ; |101| 
     431                    
     432 00000394 801002F5     [ A1]   STW     .D2T1   A0,*B4            ; |98| 
     433 00000398 0281006A  ||         MVKH    .S2     0x2000014,B5      ; |103| 
     434                    
     435 0000039c 021402E6             LDW     .D2T2   *B5,B4            ; |103| 
     436 000003a0 00006000             NOP             4
     437 000003a4 001027A2             AND     .S2     1,B4,B0           ; |103| 
     438 000003a8 2FFFF010     [ B0]   B       .S1     L2                ; |103| 
     439                    
     440 000003ac 220428C3     [ B0]   ZERO    .D2     B4                ; |95| 
TMS320C6x COFF Assembler         Version 4.10     Mon May 25 14:24:39 2026
Copyright (c) 1996-2001 Texas Instruments Incorporated
temp\interrupt.asm                                                   PAGE    9

     441 000003b0 22803E2A! || [ B0]   MVKL    .S2     _compacket+124,B5 ; |95| 
     442                    
     443 000003b4 2201006A     [ B0]   MVKH    .S2     0x2000000,B4      ; |95| 
     444                    
     445 000003b8 2280006B!    [ B0]   MVKH    .S2     _compacket+124,B5 ; |95| 
     446 000003bc 221002E6  || [ B0]   LDW     .D2T2   *B4,B4            ; |95| 
     447                    
     448 000003c0 229402E6     [ B0]   LDW     .D2T2   *B5,B5            ; |95| 
     449 000003c4 00000000             NOP             1
     450                               ; BRANCH OCCURS                   ; |103| 
     451                    ;** --------------------------------------------------------------------------*
     452 000003c8 00002C90             B       .S1     L7                ; |104| 
     453 000003cc 00000428             MVKL    .S1     0x2000008,A0      ; |125| 
     454 000003d0 00010068             MVKH    .S1     0x2000008,A0      ; |125| 
     455 000003d4 00000264             LDW     .D1T1   *A0,A0            ; |125| 
     456 000003d8 00002000             NOP             2
     457                               ; BRANCH OCCURS                   ; |104| 
     458                    ;** --------------------------------------------------------------------------*
     459 000003dc           L3:    
     460 000003dc 00104A5A             CMPEQ   .L2     B4,2,B0           ; |105| 
     461 000003e0 30000F90     [!B0]   B       .S1     L4                ; |105| 
     462 000003e4 2200642A!    [ B0]   MVKL    .S2     _respacket+200,B4 ; |106| 
     463 000003e8 00004000             NOP             3
     464 000003ec 323C22E6     [!B0]   LDW     .D2T2   *+SP(4),B4        ; |114| 
     465                               ; BRANCH OCCURS                   ; |105| 
     466                    ;** --------------------------------------------------------------------------*
     467 000003f0 0200006A!            MVKH    .S2     _respacket+200,B4 ; |106| 
     468 000003f4 029002E6             LDW     .D2T2   *B4,B5            ; |106| 
     469 000003f8 00006000             NOP             4
     470 000003fc 00140ADA             CMPGT   .L2     B5,0,B0           ; |106| 
     471                    
     472 00000400 20006629!    [ B0]   MVKL    .S1     _respacket+204,A0 ; |107| 
     473 00000404 029429C2  ||         SUB     .D2     B5,1,B5           ; |106| 
     474                    
     475 00000408 20000069!    [ B0]   MVKH    .S1     _respacket+204,A0 ; |107| 
     476 0000040c 029002F6  ||         STW     .D2T2   B5,*B4            ; |106| 
     477                    
     478 00000410 21800264     [ B0]   LDW     .D1T1   *A0,A3            ; |107| 
     479 00000414 22000028!    [ B0]   MVKL    .S1     _respacket,A4     ; |107| 
     480 00000418 22000068!    [ B0]   MVKH    .S1     _respacket,A4     ; |107| 
     481 0000041c 30000228     [!B0]   MVKL    .S1     0x2000004,A0      ; |110| 
     482 00000420 3200682A!    [!B0]   MVKL    .S2     _respacket+208,B4 ; |111| 
     483 00000424 228C2940     [ B0]   ADD     .D1     1,A3,A5           ; |107| 
     484 00000428 22800274     [ B0]   STW     .D1T1   A5,*A0            ; |107| 
     485                    
     486 0000042c 00001E91             B       .S1     L6                ; |113| 
     487 00000430 200C8A24  || [ B0]   LDB     .D1T1   *+A3[A4],A0       ; |107| 
     488                    
     489 00000434 30010068     [!B0]   MVKH    .S1     0x2000004,A0      ; |110| 
     490 00000438 328000AA     [!B0]   MVK     .S2     1,B5              ; |110| 
     491                    
     492 00000440 328428C3     [!B0]   ZERO    .D2     B5                ; |111| 
     493 00000444 220840FB  || [ B0]   ZERO    .L2     B4                ; |107| 
     494 00000448 3200006B! || [!B0]   MVKH    .S2     _respacket+208,B4 ; |111| 
     495 0000044c 32800276  || [!B0]   STW     .D1T2   B5,*A0            ; |110| 
TMS320C6x COFF Assembler         Version 4.10     Mon May 25 14:24:39 2026
Copyright (c) 1996-2001 Texas Instruments Incorporated
temp\interrupt.asm                                                   PAGE   10

     496                    
     497 00000450 2201006B     [ B0]   MVKH    .S2     0x2000000,B4      ; |107| 
     498 00000454 329002F6  || [!B0]   STW     .D2T2   B5,*B4            ; |111| 
     499                    
     500 00000458 201002F4     [ B0]   STW     .D2T1   A0,*B4            ; |107| 
     501                               ; BRANCH OCCURS                   ; |113| 
     502                    ;** --------------------------------------------------------------------------*
     503 0000045c           L4:    
     504 0000045c 00006000             NOP             4
     505 00000460 00118A5A             CMPEQ   .L2     B4,12,B0          ; |114| 
     506 00000464 30001690     [!B0]   B       .S1     L6                ; |114| 
     507 00000468 00002000             NOP             2
     508 0000046c 20000A28     [ B0]   MVKL    .S1     0x2000014,A0      ; |115| 
     509 00000470 20010068     [ B0]   MVKH    .S1     0x2000014,A0      ; |115| 
     510 00000474 20000264     [ B0]   LDW     .D1T1   *A0,A0            ; |115| 
     511                               ; BRANCH OCCURS                   ; |114| 
     512                    ;** --------------------------------------------------------------------------*
     513 00000478 00006000             NOP             4
     514 0000047c 008027A0             AND     .S1     1,A0,A1           ; |115| 
     515 00000480 90001290     [!A1]   B       .S1     L6                ; |115| 
     516 00000484 00006000             NOP             4
     517 00000488 820008C2     [ A1]   ZERO    .D2     B4                ; |116| 
     518                               ; BRANCH OCCURS                   ; |115| 
     519                    ;*----------------------------------------------------------------------------*
     520                    ;*   SOFTWARE PIPELINE INFORMATION
     521                    ;*      Disqualified loop: software pipelining disabled
     522                    ;*----------------------------------------------------------------------------*
     523 0000048c           L5:    
     524                    
     525 0000048c 0201006B             MVKH    .S2     0x2000000,B4      ; |116| 
     526 00000490 00003E28! ||         MVKL    .S1     _compacket+124,A0 ; |116| 
     527                    
     528 00000494 021002E7             LDW     .D2T2   *B4,B4            ; |116| 
     529 00000498 00000068! ||         MVKH    .S1     _compacket+124,A0 ; |116| 
     530                    
     531 0000049c 01800264             LDW     .D1T1   *A0,A3            ; |116| 
     532 000004a0 00003E28!            MVKL    .S1     _compacket+124,A0 ; |117| 
     533 000004a4 00000068!            MVKH    .S1     _compacket+124,A0 ; |117| 
     534 000004a8 00000000             NOP             1
     535 000004ac 0213180A             EXTU    .S2     B4,24,24,B4       ; |116| 
     536 000004b0 020C0236             STB     .D1T2   B4,*A3            ; |116| 
     537 000004b4 00000264             LDW     .D1T1   *A0,A0            ; |117| 
     538 000004b8 020031AA!            MVKL    .S2     _compacket+99,B4  ; |117| 
     539 000004bc 0200006A!            MVKH    .S2     _compacket+99,B4  ; |117| 
     540 000004c0 00002000             NOP             2
     541 000004c4 00009A7A             CMPEQ   .L2X    A0,B4,B0          ; |117| 
     542 000004c8 30003E28!    [!B0]   MVKL    .S1     _compacket+124,A0 ; |121| 
     543 000004cc 30000068!    [!B0]   MVKH    .S1     _compacket+124,A0 ; |121| 
     544 000004d0 32000940     [!B0]   MV      .D1     A0,A4             ; |121| 
     545 000004d4 30100264     [!B0]   LDW     .D1T1   *A4,A0            ; |121| 
     546 000004d8 20003E28!    [ B0]   MVKL    .S1     _compacket+124,A0 ; |118| 
     547 000004dc 2200002A!    [ B0]   MVKL    .S2     _compacket,B4     ; |118| 
     548 000004e0 20000068!    [ B0]   MVKH    .S1     _compacket+124,A0 ; |118| 
     549 000004e4 2200006A!    [ B0]   MVKH    .S2     _compacket,B4     ; |118| 
     550                    
TMS320C6x COFF Assembler         Version 4.10     Mon May 25 14:24:39 2026
Copyright (c) 1996-2001 Texas Instruments Incorporated
temp\interrupt.asm                                                   PAGE   11

     551 000004e8 00000A29             MVKL    .S1     0x2000014,A0      ; |123| 
     552 000004ec 31802059  || [!B0]   ADD     .L1     1,A0,A3           ; |121| 
     553 000004f0 22000276  || [ B0]   STW     .D1T2   B4,*A0            ; |118| 
     554                    
     555 000004f4 00010069             MVKH    .S1     0x2000014,A0      ; |123| 
     556 000004f8 31900274  || [!B0]   STW     .D1T1   A3,*A4            ; |121| 
     557                    
     558 000004fc 00000264             LDW     .D1T1   *A0,A0            ; |123| 
     559 00000500 00006000             NOP             4
     560 00000504 008027A0             AND     .S1     1,A0,A1           ; |123| 
     561 00000508 8FFFF190     [ A1]   B       .S1     L5                ; |123| 
     562 0000050c 00006000             NOP             4
     563 00000510 820008C2     [ A1]   ZERO    .D2     B4                ; |116| 
     564                               ; BRANCH OCCURS                   ; |123| 
     565                    ;** --------------------------------------------------------------------------*
     566 00000514           L6:    
     567 00000514 00000428             MVKL    .S1     0x2000008,A0      ; |125| 
     568 00000518 00010068             MVKH    .S1     0x2000008,A0      ; |125| 
     569 0000051c 00000264             LDW     .D1T1   *A0,A0            ; |125| 
     570 00000520 00002000             NOP             2
     571                    ;** --------------------------------------------------------------------------*
     572 00000524           L7:    
     573 00000524 00002000             NOP             2
     574 00000528 0001E7A0             AND     .S1     15,A0,A0          ; |125| 
     575 0000052c 00802A58             CMPEQ   .L1     A0,1,A1           ; |125| 
     576 00000530 9FFFB590     [!A1]   B       .S1     L1                ; |125| 
     577 00000534 003C22F4             STW     .D2T1   A0,*+SP(4)        ; |125| 
     578 00000538 923C22E6     [!A1]   LDW     .D2T2   *+SP(4),B4        ; |93| 
     579 0000053c 83BE82E6     [ A1]   LDW     .D2T2   *+SP(80),B7       ; |126| 
     580 00000540 833E62E6     [ A1]   LDW     .D2T2   *+SP(76),B6       ; |126| 
     581 00000544 82BE42E6     [ A1]   LDW     .D2T2   *+SP(72),B5       ; |126| 
     582                               ; BRANCH OCCURS                   ; |125| 
     583                    ;** --------------------------------------------------------------------------*
     584 00000548 023E22E6             LDW     .D2T2   *+SP(68),B4       ; |126| 
     585                    ;** --------------------------------------------------------------------------*
     586 0000054c           L8:    
     587 0000054c 01BE02E6             LDW     .D2T2   *+SP(64),B3       ; |126| 
     588 00000550 013DE2E6             LDW     .D2T2   *+SP(60),B2       ; |126| 
     589 00000554 00BDC2E6             LDW     .D2T2   *+SP(56),B1       ; |126| 
     590 00000558 003DA2E6             LDW     .D2T2   *+SP(52),B0       ; |126| 
     591 0000055c 04BD82E4             LDW     .D2T1   *+SP(48),A9       ; |126| 
     592 00000560 043D62E4             LDW     .D2T1   *+SP(44),A8       ; |126| 
     593 00000564 03BD42E4             LDW     .D2T1   *+SP(40),A7       ; |126| 
     594 00000568 033D22E4             LDW     .D2T1   *+SP(36),A6       ; |126| 
     595 0000056c 02BD02E4             LDW     .D2T1   *+SP(32),A5       ; |126| 
     596 00000570 023CE2E4             LDW     .D2T1   *+SP(28),A4       ; |126| 
     597 00000574 01BCC2E4             LDW     .D2T1   *+SP(24),A3       ; |126| 
     598 00000578 013CA2E4             LDW     .D2T1   *+SP(20),A2       ; |126| 
     599 0000057c 00BC82E4             LDW     .D2T1   *+SP(16),A1       ; |126| 
     600 00000580 003C62E4             LDW     .D2T1   *+SP(12),A0       ; |126| 
     601                    
     602 00000584 001800E3             B       .S2     IRP               ; |126| 
     603 00000588 043EA2E6  ||         LDW     .D2T2   *+SP(84),B8       ; |126| 
     604                    
     605 0000058c 04BED2E6             LDW     .D2T2   *++SP(88),B9      ; |126| 
TMS320C6x COFF Assembler         Version 4.10     Mon May 25 14:24:39 2026
Copyright (c) 1996-2001 Texas Instruments Incorporated
temp\interrupt.asm                                                   PAGE   12

     606 00000590 00006000             NOP             4
     607                               ; BRANCH OCCURS                   ; |126| 
     608                    
     609                    
     610                    ;******************************************************************************
     611                    ;* UNDEFINED EXTERNAL REFERENCES                                              *
     612                    ;******************************************************************************
     613                            .global _SendByte
     614                            .global _UMAddData
     615                            .global _compacket
     616                            .global _respacket
     617                            .global _hall_count
     618                            .global _ref_count
     619                            .global _duty

No Assembly Errors, No Assembly Warnings
