TMS320C6x COFF Assembler         Version 4.10     Wed May 06 12:04:41 2026
Copyright (c) 1996-2001 Texas Instruments Incorporated
temp\interrupt.asm                                                   PAGE    1

       1                    ;******************************************************************************
       2                    ;* TMS320C6x ANSI C Codegen                                      Version 4.10 *
       3                    ;* Date/Time created: Wed May 06 12:04:41 2026                                *
       4                    ;******************************************************************************
       5                    
       6                    ;******************************************************************************
       7                    ;* GLOBAL FILE PARAMETERS                                                     *
       8                    ;*                                                                            *
       9                    ;*   Architecture      : TMS320C670x                                          *
      10                    ;*   Optimization      : Disabled                                             *
      11                    ;*   Optimizing for    : Compile time, Ease of Development                    *
      12                    ;*                       Based on options: no -o, no -ms                      *
      13                    ;*   Endian            : Little                                               *
      14                    ;*   Interrupt Thrshld : Disabled                                             *
      15                    ;*   Memory Model      : Large                                                *
      16                    ;*   Calls to RTS      : Far                                                  *
      17                    ;*   Pipelining        : Disabled                                             *
      18                    ;*   Memory Aliases    : Presume are aliases (pessimistic)                    *
      19                    ;*   Debug Info        : No Debug Info                                        *
      20                    ;*                                                                            *
      21                    ;******************************************************************************
      22                    
      23                            .asg    A15, FP
      24                            .asg    B14, DP
      25                            .asg    B15, SP
      26                            .global $bss
      27                    
      28                    
      29 00000000                   .sect   ".cinit"
      30                            .align  8
      31 00000000 00000004          .field          4,32
      32 00000004 00000000-         .field          _TFlag+0,32
      33 00000008 00000000          .field          0,32                    ; _TFlag @ 0
      34 00000000                   .sect   ".text"
      35                            .global _TFlag
      36 00000000           _TFlag: .usect  .far,4,4
      37                    
      38 0000000c                   .sect   ".cinit"
      39                            .align  8
      40 00000010 00000004          .field          4,32
      41 00000014 00000004-         .field          _cnt1K$1+0,32
      42 00000018 00000000          .field          0,32                    ; _cnt1K$1 @ 0
      43 00000000                   .sect   ".text"
      44 00000004           _cnt1K$1:       .usect  .far,4,4
      45                    
      46 0000001c                   .sect   ".cinit"
      47                            .align  8
      48 00000020 00000004          .field          4,32
      49 00000024 00000008-         .field          _cnt$2+0,32
      50 00000028 00000000          .field          0,32                    ; _cnt$2 @ 0
      51 00000000                   .sect   ".text"
      52 00000008           _cnt$2: .usect  .far,4,4
      53                    
      54 0000002c                   .sect   ".cinit"
      55                            .align  8
TMS320C6x COFF Assembler         Version 4.10     Wed May 06 12:04:41 2026
Copyright (c) 1996-2001 Texas Instruments Incorporated
temp\interrupt.asm                                                   PAGE    2

      56 00000030 00000004          .field          4,32
      57 00000034 0000000C-         .field          _mmag$3+0,32
      58 00000038 3E4CCCCD          .word   03e4ccccdh              ; _mmag$3 @ 0
      59 00000000                   .sect   ".text"
      60 0000000c           _mmag$3:        .usect  .far,4,4
      61                    ;       acp6x -q -D_FAR_RTS=1 --large_model=3 --version=6701 -m --i_output_file C:\Users\W10\AppData\L
      62 00000000                   .sect   ".text"
      63                            .global _ISRextint4
      64                    
      65                    ;******************************************************************************
      66                    ;* FUNCTION NAME: _ISRextint4                                                 *
      67                    ;*                                                                            *
      68                    ;*   Regs Modified     :                                                      *
      69                    ;*   Regs Used         :                                                      *
      70                    ;*   Local Frame Size  : 0 Args + 0 Auto + 0 Save = 0 byte                    *
      71                    ;******************************************************************************
      72 00000000           _ISRextint4:
      73                    ;** --------------------------------------------------------------------------*
      74 00000000 001800E2             B       .S2     IRP               ; |11| 
      75 00000004 00008000             NOP             5
      76                               ; BRANCH OCCURS                   ; |11| 
      77                    
      78                    
      79 00000008                   .sect   ".text"
      80                            .global _ISRextint5
      81                    
      82                    ;******************************************************************************
      83                    ;* FUNCTION NAME: _ISRextint5                                                 *
      84                    ;*                                                                            *
      85                    ;*   Regs Modified     :                                                      *
      86                    ;*   Regs Used         :                                                      *
      87                    ;*   Local Frame Size  : 0 Args + 0 Auto + 0 Save = 0 byte                    *
      88                    ;******************************************************************************
      89 00000008           _ISRextint5:
      90                    ;** --------------------------------------------------------------------------*
      91 00000008 001800E2             B       .S2     IRP               ; |17| 
      92 0000000c 00008000             NOP             5
      93                               ; BRANCH OCCURS                   ; |17| 
      94                    
      95                    
      96 00000010                   .sect   ".text"
      97                            .global _c_int08
      98                    
      99                    ;******************************************************************************
     100                    ;* FUNCTION NAME: _c_int08                                                    *
     101                    ;*                                                                            *
     102                    ;*   Regs Modified     :                                                      *
     103                    ;*   Regs Used         :                                                      *
     104                    ;*   Local Frame Size  : 0 Args + 0 Auto + 0 Save = 0 byte                    *
     105                    ;******************************************************************************
     106 00000010           _c_int08:
     107                    ;** --------------------------------------------------------------------------*
     108 00000010 001800E2             B       .S2     IRP               ; |29| 
     109 00000014 00008000             NOP             5
     110                               ; BRANCH OCCURS                   ; |29| 
TMS320C6x COFF Assembler         Version 4.10     Wed May 06 12:04:41 2026
Copyright (c) 1996-2001 Texas Instruments Incorporated
temp\interrupt.asm                                                   PAGE    3

     111                    
     112                    
     113 00000018                   .sect   ".text"
     114                            .global _c_int09
     115                    
     116                    ;******************************************************************************
     117                    ;* FUNCTION NAME: _c_int09                                                    *
     118                    ;*                                                                            *
     119                    ;*   Regs Modified     :                                                      *
     120                    ;*   Regs Used         :                                                      *
     121                    ;*   Local Frame Size  : 0 Args + 0 Auto + 0 Save = 0 byte                    *
     122                    ;******************************************************************************
     123 00000018           _c_int09:
     124                    ;** --------------------------------------------------------------------------*
     125 00000018 001800E2             B       .S2     IRP               ; |35| 
     126 0000001c 00008000             NOP             5
     127                               ; BRANCH OCCURS                   ; |35| 
     128                    
     129                    
     130 00000020                   .sect   ".text"
     131                            .global _ISRtimer0
     132                    
     133                    ;******************************************************************************
     134                    ;* FUNCTION NAME: _ISRtimer0                                                  *
     135                    ;*                                                                            *
     136                    ;*   Regs Modified     : A0,A1,A2,A3,A4,A5,A6,A7,A8,A9,B0,B1,B2,B3,B4,B5,B6,  *
     137                    ;*                           B7,B8,B9,SP                                      *
     138                    ;*   Regs Used         : A0,A1,A2,A3,A4,A5,A6,A7,A8,A9,B0,B1,B2,B3,B4,B5,B6,  *
     139                    ;*                           B7,B8,B9,SP                                      *
     140                    ;*   Local Frame Size  : 0 Args + 0 Auto + 84 Save = 84 byte                  *
     141                    ;******************************************************************************
     142 00000020           _ISRtimer0:
     143                    ;** --------------------------------------------------------------------------*
     144 00000020 04BED4F6             STW     .D2T2   B9,*SP--(88)      ; |19| 
     145 00000024 02BE42F6             STW     .D2T2   B5,*+SP(72)       ; |19| 
     146 00000028 003C62F4             STW     .D2T1   A0,*+SP(12)       ; |19| 
     147 0000002c 023E22F6             STW     .D2T2   B4,*+SP(68)       ; |19| 
     148 00000030 01BCC2F4             STW     .D2T1   A3,*+SP(24)       ; |19| 
     149 00000034 023CE2F4             STW     .D2T1   A4,*+SP(28)       ; |19| 
     150 00000038 02BD02F4             STW     .D2T1   A5,*+SP(32)       ; |19| 
     151 0000003c 033D22F4             STW     .D2T1   A6,*+SP(36)       ; |19| 
     152 00000040 03BD42F4             STW     .D2T1   A7,*+SP(40)       ; |19| 
     153 00000044 043D62F4             STW     .D2T1   A8,*+SP(44)       ; |19| 
     154 00000048 04BD82F4             STW     .D2T1   A9,*+SP(48)       ; |19| 
     155 0000004c 003DA2F6             STW     .D2T2   B0,*+SP(52)       ; |19| 
     156 00000050 00BDC2F6             STW     .D2T2   B1,*+SP(56)       ; |19| 
     157 00000054 013DE2F6             STW     .D2T2   B2,*+SP(60)       ; |19| 
     158 00000058 01BE02F6             STW     .D2T2   B3,*+SP(64)       ; |19| 
     159 0000005c 033E62F6             STW     .D2T2   B6,*+SP(76)       ; |19| 
     160 00000060 03BE82F6             STW     .D2T2   B7,*+SP(80)       ; |19| 
     161 00000064 043EA2F6             STW     .D2T2   B8,*+SP(84)       ; |19| 
     162                    
     163 00000068 028000AB             MVK     .S2     1,B5              ; |26| 
     164 0000006c 00000029- ||         MVKL    .S1     _TFlag,A0         ; |26| 
     165 00000070 013CA2F4  ||         STW     .D2T1   A2,*+SP(20)       ; |19| 
TMS320C6x COFF Assembler         Version 4.10     Wed May 06 12:04:41 2026
Copyright (c) 1996-2001 Texas Instruments Incorporated
temp\interrupt.asm                                                   PAGE    4

     166                    
     167 00000074 00000069-            MVKH    .S1     _TFlag,A0         ; |26| 
     168 00000078 0200202B  ||         MVKL    .S2     0x2000040,B4      ; |28| 
     169 0000007c 00BC82F4  ||         STW     .D2T1   A1,*+SP(16)       ; |19| 
     170                    
     171 00000080 02800277             STW     .D1T2   B5,*A0            ; |26| 
     172 00000084 0201006A  ||         MVKH    .S2     0x2000040,B4      ; |28| 
     173                    
     174 00000088 029002E6             LDW     .D2T2   *B4,B5            ; |28| 
     175 0000008c 0200202A             MVKL    .S2     0x2000040,B4      ; |28| 
     176 00000090 0201006A             MVKH    .S2     0x2000040,B4      ; |28| 
     177 00000094 00000228-            MVKL    .S1     _cnt1K$1,A0       ; |31| 
     178 00000098 00000068-            MVKH    .S1     _cnt1K$1,A0       ; |31| 
     179 0000009c 0297EDDA             NOT     .L2     B5,B5             ; |28| 
     180 000000a0 029002F6             STW     .D2T2   B5,*B4            ; |28| 
     181 000000a4 01800264             LDW     .D1T1   *A0,A3            ; |31| 
     182 000000a8 0300002A!            MVKL    .S2     __remu,B6         ; |44| 
     183 000000ac 01808E2A'            MVKL    .S2     RL0,B3            ; |44| 
     184 000000b0 0180006A'            MVKH    .S2     RL0,B3            ; |44| 
     185 000000b4 02800428-            MVKL    .S1     _cnt$2,A5         ; |44| 
     186                    
     187 000000b8 01800229-            MVKL    .S1     _cnt1K$1,A3       ; |32| 
     188 000000bc 020C2940  ||         ADD     .D1     1,A3,A4           ; |31| 
     189                    
     190 000000c0 01800069-            MVKH    .S1     _cnt1K$1,A3       ; |32| 
     191 000000c4 02000274  ||         STW     .D1T1   A4,*A0            ; |31| 
     192                    
     193 000000c8 020C0264             LDW     .D1T1   *A3,A4            ; |32| 
     194 000000cc 01803228             MVK     .S1     100,A3            ; |32| 
     195 000000d0 0300006A!            MVKH    .S2     __remu,B6         ; |44| 
     196 000000d4 0280042A-            MVKL    .S2     _cnt$2,B5         ; |43| 
     197 000000d8 02800068-            MVKH    .S1     _cnt$2,A5         ; |44| 
     198 000000dc 008C8BF8             CMPLTU  .L1     A4,A3,A1          ; |32| 
     199 000000e0 80001A90     [ A1]   B       .S1     L2                ; |32| 
     200 000000e4 00000228-            MVKL    .S1     _cnt1K$1,A0       ; |35| 
     201 000000e8 0280006A-            MVKH    .S2     _cnt$2,B5         ; |43| 
     202 000000ec 018008C0             ZERO    .D1     A3                ; |35| 
     203 000000f0 00000068-            MVKH    .S1     _cnt1K$1,A0       ; |35| 
     204                    
     205 000000f4 0209C42B             MVK     .S2     0x1388,B4         ; |44| 
     206 000000f8 83BE82E6  || [ A1]   LDW     .D2T2   *+SP(80),B7       ; |54| 
     207                    
     208                               ; BRANCH OCCURS                   ; |32| 
     209                    ;** --------------------------------------------------------------------------*
     210 000000fc 01800274             STW     .D1T1   A3,*A0            ; |35| 
     211 00000100 039402E6             LDW     .D2T2   *B5,B7            ; |43| 
     212 00000104 00006000             NOP             4
     213 00000108 039C2942             ADD     .D2     1,B7,B7           ; |43| 
     214                    
     215 0000010c 039402F7             STW     .D2T2   B7,*B5            ; |43| 
     216 00000110 00180362  ||         B       .S2     B6                ; |44| 
     217                    
     218 00000114 02140264             LDW     .D1T1   *A5,A4            ; |44| 
     219 00000118 00006000             NOP             4
     220 0000011c           RL0:       ; CALL OCCURS                     ; |44| 
TMS320C6x COFF Assembler         Version 4.10     Wed May 06 12:04:41 2026
Copyright (c) 1996-2001 Texas Instruments Incorporated
temp\interrupt.asm                                                   PAGE    5

     221 0000011c 00900940             MV      .D1     A4,A1             ; |44| 
     222 00000120 80000C10     [ A1]   B       .S1     L1                ; |44| 
     223                    
     224 00000124 028428C3             ZERO    .D2     B5                ; |46| 
     225 00000128 01EB8528  ||         MVKL    .S1     0x3c23d70a,A3     ; |45| 
     226                    
     227 0000012c 02A0006B             MVKH    .S2     0x40000000,B5     ; |46| 
     228 00000130 00000628- ||         MVKL    .S1     _mmag$3,A0        ; |45| 
     229                    
     230 00000134 0200062B-            MVKL    .S2     _mmag$3,B4        ; |46| 
     231 00000138 019E11E8  ||         MVKH    .S1     0x3c23d70a,A3     ; |45| 
     232                    
     233 00000140 0200006B-            MVKH    .S2     _mmag$3,B4        ; |46| 
     234 00000144 00000068- ||         MVKH    .S1     _mmag$3,A0        ; |45| 
     235                    
     236 00000148 92000265     [!A1]   LDW     .D1T1   *A0,A4            ; |45| 
     237 0000014c 80000028! || [ A1]   MVKL    .S1     _UMAddData,A0     ; |53| 
     238                    
     239                               ; BRANCH OCCURS                   ; |44| 
     240                    ;** --------------------------------------------------------------------------*
     241 00000150 00006000             NOP             4
     242 00000154 01906218             ADDSP   .L1     A3,A4,A3          ; |45| 
     243 00000158 00004000             NOP             3
     244 0000015c 01800274             STW     .D1T1   A3,*A0            ; |45| 
     245 00000160 031002E6             LDW     .D2T2   *B4,B6            ; |46| 
     246 00000164 0200062A-            MVKL    .S2     _mmag$3,B4        ; |47| 
     247 00000168 0200006A-            MVKH    .S2     _mmag$3,B4        ; |47| 
     248 0000016c 006666A8             MVKL    .S1     0x3e4ccccd,A0     ; |47| 
     249 00000170 001F2668             MVKH    .S1     0x3e4ccccd,A0     ; |47| 
     250 00000174 0014CE62             CMPGTSP .S2     B6,B5,B0          ; |46| 
     251 00000178 201002F4     [ B0]   STW     .D2T1   A0,*B4            ; |47| 
     252 0000017c 00000028!            MVKL    .S1     _UMAddData,A0     ; |53| 
     253                    ;** --------------------------------------------------------------------------*
     254 00000180           L1:    
     255                    
     256 00000180 01800029!            MVKL    .S1     _mon_vel,A3       ; |53| 
     257 00000184 0200002A! ||         MVKL    .S2     _mon_angle,B4     ; |53| 
     258                    
     259 00000188 0200006B!            MVKH    .S2     _mon_angle,B4     ; |53| 
     260 0000018c 00000068! ||         MVKH    .S1     _UMAddData,A0     ; |53| 
     261                    
     262 00000190 00001363             B       .S2X    A0                ; |53| 
     263 00000194 01800068! ||         MVKH    .S1     _mon_vel,A3       ; |53| 
     264                    
     265 00000198 020C0267             LDW     .D1T2   *A3,B4            ; |53| 
     266 0000019c 021002E4  ||         LDW     .D2T1   *B4,A4            ; |53| 
     267                    
     268 000001a0 0180D82A'            MVKL    .S2     RL2,B3            ; |53| 
     269 000001a4 0180006A'            MVKH    .S2     RL2,B3            ; |53| 
     270 000001a8 030008C2             ZERO    .D2     B6                ; |53| 
     271 000001ac 030008C0             ZERO    .D1     A6                ; |53| 
     272 000001b0           RL2:       ; CALL OCCURS                     ; |53| 
     273 000001b0 03BE82E6             LDW     .D2T2   *+SP(80),B7       ; |54| 
     274                    ;** --------------------------------------------------------------------------*
     275 000001b4           L2:    
TMS320C6x COFF Assembler         Version 4.10     Wed May 06 12:04:41 2026
Copyright (c) 1996-2001 Texas Instruments Incorporated
temp\interrupt.asm                                                   PAGE    6

     276 000001b4 033E62E6             LDW     .D2T2   *+SP(76),B6       ; |54| 
     277 000001b8 02BE42E6             LDW     .D2T2   *+SP(72),B5       ; |54| 
     278 000001bc 023E22E6             LDW     .D2T2   *+SP(68),B4       ; |54| 
     279 000001c0 01BE02E6             LDW     .D2T2   *+SP(64),B3       ; |54| 
     280 000001c4 013DE2E6             LDW     .D2T2   *+SP(60),B2       ; |54| 
     281 000001c8 00BDC2E6             LDW     .D2T2   *+SP(56),B1       ; |54| 
     282 000001cc 003DA2E6             LDW     .D2T2   *+SP(52),B0       ; |54| 
     283 000001d0 04BD82E4             LDW     .D2T1   *+SP(48),A9       ; |54| 
     284 000001d4 043D62E4             LDW     .D2T1   *+SP(44),A8       ; |54| 
     285 000001d8 03BD42E4             LDW     .D2T1   *+SP(40),A7       ; |54| 
     286 000001dc 033D22E4             LDW     .D2T1   *+SP(36),A6       ; |54| 
     287 000001e0 02BD02E4             LDW     .D2T1   *+SP(32),A5       ; |54| 
     288 000001e4 023CE2E4             LDW     .D2T1   *+SP(28),A4       ; |54| 
     289 000001e8 01BCC2E4             LDW     .D2T1   *+SP(24),A3       ; |54| 
     290 000001ec 013CA2E4             LDW     .D2T1   *+SP(20),A2       ; |54| 
     291 000001f0 00BC82E4             LDW     .D2T1   *+SP(16),A1       ; |54| 
     292 000001f4 003C62E4             LDW     .D2T1   *+SP(12),A0       ; |54| 
     293                    
     294 000001f8 001800E3             B       .S2     IRP               ; |54| 
     295 000001fc 043EA2E6  ||         LDW     .D2T2   *+SP(84),B8       ; |54| 
     296                    
     297 00000200 04BED2E6             LDW     .D2T2   *++SP(88),B9      ; |54| 
     298 00000204 00006000             NOP             4
     299                               ; BRANCH OCCURS                   ; |54| 
     300                    
     301                    
     302 00000208                   .sect   ".text"
     303                            .global _ISRNMI
     304                    
     305                    ;******************************************************************************
     306                    ;* FUNCTION NAME: _ISRNMI                                                     *
     307                    ;*                                                                            *
     308                    ;*   Regs Modified     :                                                      *
     309                    ;*   Regs Used         :                                                      *
     310                    ;*   Local Frame Size  : 0 Args + 0 Auto + 0 Save = 0 byte                    *
     311                    ;******************************************************************************
     312 00000208           _ISRNMI:
     313                    ;** --------------------------------------------------------------------------*
     314 00000208 001800E2             B       .S2     IRP               ; |58| 
     315 0000020c 00008000             NOP             5
     316                               ; BRANCH OCCURS                   ; |58| 
     317                    
     318                    
     319 00000210                   .sect   ".text"
     320                            .global _ISRextint6
     321                    
     322                    ;******************************************************************************
     323                    ;* FUNCTION NAME: _ISRextint6                                                 *
     324                    ;*                                                                            *
     325                    ;*   Regs Modified     : A0,A1,A2,A3,A4,A5,A6,A7,A8,A9,B0,B1,B2,B3,B4,B5,B6,  *
     326                    ;*                           B7,B8,B9,SP                                      *
     327                    ;*   Regs Used         : A0,A1,A2,A3,A4,A5,A6,A7,A8,A9,B0,B1,B2,B3,B4,B5,B6,  *
     328                    ;*                           B7,B8,B9,SP                                      *
     329                    ;*   Local Frame Size  : 0 Args + 4 Auto + 84 Save = 88 byte                  *
     330                    ;******************************************************************************
TMS320C6x COFF Assembler         Version 4.10     Wed May 06 12:04:41 2026
Copyright (c) 1996-2001 Texas Instruments Incorporated
temp\interrupt.asm                                                   PAGE    7

     331 00000210           _ISRextint6:
     332                    ;** --------------------------------------------------------------------------*
     333 00000210 04BED4F6             STW     .D2T2   B9,*SP--(88)      ; |61| 
     334 00000214 003C62F4             STW     .D2T1   A0,*+SP(12)       ; |61| 
     335 00000218 03BE82F6             STW     .D2T2   B7,*+SP(80)       ; |61| 
     336 0000021c 033E62F6             STW     .D2T2   B6,*+SP(76)       ; |61| 
     337 00000220 02BE42F6             STW     .D2T2   B5,*+SP(72)       ; |61| 
     338 00000224 023E22F6             STW     .D2T2   B4,*+SP(68)       ; |61| 
     339 00000228 01BE02F6             STW     .D2T2   B3,*+SP(64)       ; |61| 
     340 0000022c 013DE2F6             STW     .D2T2   B2,*+SP(60)       ; |61| 
     341 00000230 00BDC2F6             STW     .D2T2   B1,*+SP(56)       ; |61| 
     342 00000234 003DA2F6             STW     .D2T2   B0,*+SP(52)       ; |61| 
     343 00000238 04BD82F4             STW     .D2T1   A9,*+SP(48)       ; |61| 
     344 0000023c 043D62F4             STW     .D2T1   A8,*+SP(44)       ; |61| 
     345 00000240 03BD42F4             STW     .D2T1   A7,*+SP(40)       ; |61| 
     346 00000244 033D22F4             STW     .D2T1   A6,*+SP(36)       ; |61| 
     347 00000248 02BD02F4             STW     .D2T1   A5,*+SP(32)       ; |61| 
     348 0000024c 023CE2F4             STW     .D2T1   A4,*+SP(28)       ; |61| 
     349 00000250 01BCC2F4             STW     .D2T1   A3,*+SP(24)       ; |61| 
     350 00000254 013CA2F4             STW     .D2T1   A2,*+SP(20)       ; |61| 
     351                    
     352 00000258 00BC82F5             STW     .D2T1   A1,*+SP(16)       ; |61| 
     353 0000025c 00000428  ||         MVKL    .S1     0x2000008,A0      ; |64| 
     354                    
     355 00000260 00010069             MVKH    .S1     0x2000008,A0      ; |64| 
     356 00000264 043EA2F6  ||         STW     .D2T2   B8,*+SP(84)       ; |61| 
     357                    
     358 00000268 00000264             LDW     .D1T1   *A0,A0            ; |64| 
     359 0000026c 00006000             NOP             4
     360 00000270 0001E7A0             AND     .S1     15,A0,A0          ; |64| 
     361 00000274 00802A58             CMPEQ   .L1     A0,1,A1           ; |64| 
     362 00000278 80005990     [ A1]   B       .S1     L10               ; |64| 
     363 0000027c 003C22F4             STW     .D2T1   A0,*+SP(4)        ; |64| 
     364 00000280 83BE82E6     [ A1]   LDW     .D2T2   *+SP(80),B7       ; |98| 
     365 00000284 833E62E6     [ A1]   LDW     .D2T2   *+SP(76),B6       ; |98| 
     366 00000288 82BE42E6     [ A1]   LDW     .D2T2   *+SP(72),B5       ; |98| 
     367 0000028c 823E22E6     [ A1]   LDW     .D2T2   *+SP(68),B4       ; |98| 
     368                               ; BRANCH OCCURS                   ; |64| 
     369                    ;** --------------------------------------------------------------------------*
     370 00000290 023C22E6             LDW     .D2T2   *+SP(4),B4        ; |65| 
     371 00000294 00004000             NOP             3
     372                    ;** --------------------------------------------------------------------------*
     373                    ;**   BEGIN LOOP L3
     374                    ;** --------------------------------------------------------------------------*
     375 00000298           L3:    
     376 00000298 00000000             NOP             1
     377 0000029c 00108A5A             CMPEQ   .L2     B4,4,B0           ; |65| 
     378 000002a0 30002210     [!B0]   B       .S1     L5                ; |65| 
     379                    
     380 000002a4 323C22E7     [!B0]   LDW     .D2T2   *+SP(4),B4        ; |77| 
     381 000002a8 20000A28  || [ B0]   MVKL    .S1     0x2000014,A0      ; |66| 
     382                    
     383 000002ac 20010068     [ B0]   MVKH    .S1     0x2000014,A0      ; |66| 
     384 000002b0 20000264     [ B0]   LDW     .D1T1   *A0,A0            ; |66| 
     385 000002b4 00002000             NOP             2
TMS320C6x COFF Assembler         Version 4.10     Wed May 06 12:04:41 2026
Copyright (c) 1996-2001 Texas Instruments Incorporated
temp\interrupt.asm                                                   PAGE    8

     386                               ; BRANCH OCCURS                   ; |65| 
     387                    ;** --------------------------------------------------------------------------*
     388 000002b8 00002000             NOP             2
     389 000002bc 008027A0             AND     .S1     1,A0,A1           ; |66| 
     390 000002c0 90004890     [!A1]   B       .S1     L9                ; |66| 
     391 000002c4 90000428     [!A1]   MVKL    .S1     0x2000008,A0      ; |97| 
     392 000002c8 90010068     [!A1]   MVKH    .S1     0x2000008,A0      ; |97| 
     393                    
     394 000002cc 820428C3     [ A1]   ZERO    .D2     B4                ; |67| 
     395 000002d0 82803E2B! || [ A1]   MVKL    .S2     _compacket+124,B5 ; |67| 
     396 000002d4 90000264  || [!A1]   LDW     .D1T1   *A0,A0            ; |97| 
     397                    
     398 000002d8 8201006A     [ A1]   MVKH    .S2     0x2000000,B4      ; |67| 
     399                    
     400 000002e0 8280006B!    [ A1]   MVKH    .S2     _compacket+124,B5 ; |67| 
     401 000002e4 821002E6  || [ A1]   LDW     .D2T2   *B4,B4            ; |67| 
     402                    
     403                               ; BRANCH OCCURS                   ; |66| 
     404                    ;** --------------------------------------------------------------------------*
     405 000002e8 029402E6             LDW     .D2T2   *B5,B5            ; |67| 
     406 000002ec 00000000             NOP             1
     407                    ;*----------------------------------------------------------------------------*
     408                    ;*   SOFTWARE PIPELINE INFORMATION
     409                    ;*      Disqualified loop: software pipelining disabled
     410                    ;*----------------------------------------------------------------------------*
     411 000002f0           L4:    
     412 000002f0 00003E28!            MVKL    .S1     _compacket+124,A0 ; |68| 
     413 000002f4 00000068!            MVKH    .S1     _compacket+124,A0 ; |68| 
     414 000002f8 0213180A             EXTU    .S2     B4,24,24,B4       ; |67| 
     415 000002fc 021402B6             STB     .D2T2   B4,*B5            ; |67| 
     416 00000300 01800264             LDW     .D1T1   *A0,A3            ; |68| 
     417 00000304 00000028!            MVKL    .S1     _SendByte,A0      ; |68| 
     418 00000308 00000068!            MVKH    .S1     _SendByte,A0      ; |68| 
     419 0000030c 0181902A'            MVKL    .S2     RL4,B3            ; |68| 
     420 00000310 00001362             B       .S2X    A0                ; |68| 
     421 00000314 020C0224             LDB     .D1T1   *A3,A4            ; |68| 
     422 00000318 0180006A'            MVKH    .S2     RL4,B3            ; |68| 
     423 0000031c 00004000             NOP             3
     424 00000320           RL4:       ; CALL OCCURS                     ; |68| 
     425 00000320 02003E2A!            MVKL    .S2     _compacket+124,B4 ; |69| 
     426 00000324 0200006A!            MVKH    .S2     _compacket+124,B4 ; |69| 
     427 00000328 021002E6             LDW     .D2T2   *B4,B4            ; |69| 
     428 0000032c 000031A8!            MVKL    .S1     _compacket+99,A0  ; |69| 
     429 00000330 00000068!            MVKH    .S1     _compacket+99,A0  ; |69| 
     430 00000334 00002000             NOP             2
     431 00000338 00901A78             CMPEQ   .L1X    B4,A0,A1          ; |69| 
     432 0000033c 92003E2A!    [!A1]   MVKL    .S2     _compacket+124,B4 ; |73| 
     433 00000340 9200006A!    [!A1]   MVKH    .S2     _compacket+124,B4 ; |73| 
     434 00000344 929002E6     [!A1]   LDW     .D2T2   *B4,B5            ; |73| 
     435 00000348 82003E2A!    [ A1]   MVKL    .S2     _compacket+124,B4 ; |70| 
     436 0000034c 80000028!    [ A1]   MVKL    .S1     _compacket,A0     ; |70| 
     437 00000350 8200006A!    [ A1]   MVKH    .S2     _compacket+124,B4 ; |70| 
     438 00000354 80000068!    [ A1]   MVKH    .S1     _compacket,A0     ; |70| 
     439                    
     440 00000358 02800A2B             MVKL    .S2     0x2000014,B5      ; |75| 
TMS320C6x COFF Assembler         Version 4.10     Wed May 06 12:04:41 2026
Copyright (c) 1996-2001 Texas Instruments Incorporated
temp\interrupt.asm                                                   PAGE    9

     441 0000035c 93142942  || [!A1]   ADD     .D2     1,B5,B6           ; |73| 
     442                    
     443 00000360 931002F6     [!A1]   STW     .D2T2   B6,*B4            ; |73| 
     444                    
     445 00000364 801002F5     [ A1]   STW     .D2T1   A0,*B4            ; |70| 
     446 00000368 0281006A  ||         MVKH    .S2     0x2000014,B5      ; |75| 
     447                    
     448 0000036c 021402E6             LDW     .D2T2   *B5,B4            ; |75| 
     449 00000370 00006000             NOP             4
     450 00000374 001027A2             AND     .S2     1,B4,B0           ; |75| 
     451 00000378 2FFFF210     [ B0]   B       .S1     L4                ; |75| 
     452                    
     453 00000380 220428C3     [ B0]   ZERO    .D2     B4                ; |67| 
     454 00000384 22803E2A! || [ B0]   MVKL    .S2     _compacket+124,B5 ; |67| 
     455                    
     456 00000388 2201006A     [ B0]   MVKH    .S2     0x2000000,B4      ; |67| 
     457                    
     458 0000038c 2280006B!    [ B0]   MVKH    .S2     _compacket+124,B5 ; |67| 
     459 00000390 221002E6  || [ B0]   LDW     .D2T2   *B4,B4            ; |67| 
     460                    
     461 00000394 229402E6     [ B0]   LDW     .D2T2   *B5,B5            ; |67| 
     462 00000398 00000000             NOP             1
     463                               ; BRANCH OCCURS                   ; |75| 
     464                    ;** --------------------------------------------------------------------------*
     465 0000039c 00003090             B       .S1     L9                ; |76| 
     466 000003a0 00000428             MVKL    .S1     0x2000008,A0      ; |97| 
     467 000003a4 00010068             MVKH    .S1     0x2000008,A0      ; |97| 
     468 000003a8 00000264             LDW     .D1T1   *A0,A0            ; |97| 
     469 000003ac 00002000             NOP             2
     470                               ; BRANCH OCCURS                   ; |76| 
     471                    ;** --------------------------------------------------------------------------*
     472 000003b0           L5:    
     473 000003b0 00104A5A             CMPEQ   .L2     B4,2,B0           ; |77| 
     474 000003b4 30001390     [!B0]   B       .S1     L6                ; |77| 
     475 000003b8 2200642A!    [ B0]   MVKL    .S2     _respacket+200,B4 ; |78| 
     476 000003bc 00004000             NOP             3
     477 000003c0 323C22E6     [!B0]   LDW     .D2T2   *+SP(4),B4        ; |86| 
     478                               ; BRANCH OCCURS                   ; |77| 
     479                    ;** --------------------------------------------------------------------------*
     480 000003c4 0200006A!            MVKH    .S2     _respacket+200,B4 ; |78| 
     481 000003c8 029002E6             LDW     .D2T2   *B4,B5            ; |78| 
     482 000003cc 00006000             NOP             4
     483 000003d0 00140ADA             CMPGT   .L2     B5,0,B0           ; |78| 
     484                    
     485 000003d4 20006629!    [ B0]   MVKL    .S1     _respacket+204,A0 ; |79| 
     486 000003d8 029429C2  ||         SUB     .D2     B5,1,B5           ; |78| 
     487                    
     488 000003e0 20000069!    [ B0]   MVKH    .S1     _respacket+204,A0 ; |79| 
     489 000003e4 029002F6  ||         STW     .D2T2   B5,*B4            ; |78| 
     490                    
     491 000003e8 21800264     [ B0]   LDW     .D1T1   *A0,A3            ; |79| 
     492 000003ec 22000028!    [ B0]   MVKL    .S1     _respacket,A4     ; |79| 
     493 000003f0 22000068!    [ B0]   MVKH    .S1     _respacket,A4     ; |79| 
     494 000003f4 30000228     [!B0]   MVKL    .S1     0x2000004,A0      ; |82| 
     495 000003f8 3200682A!    [!B0]   MVKL    .S2     _respacket+208,B4 ; |83| 
TMS320C6x COFF Assembler         Version 4.10     Wed May 06 12:04:41 2026
Copyright (c) 1996-2001 Texas Instruments Incorporated
temp\interrupt.asm                                                   PAGE   10

     496 000003fc 228C2940     [ B0]   ADD     .D1     1,A3,A5           ; |79| 
     497 00000400 22800274     [ B0]   STW     .D1T1   A5,*A0            ; |79| 
     498                    
     499 00000404 00001E91             B       .S1     L8                ; |85| 
     500 00000408 200C8A24  || [ B0]   LDB     .D1T1   *+A3[A4],A0       ; |79| 
     501                    
     502 0000040c 30010068     [!B0]   MVKH    .S1     0x2000004,A0      ; |82| 
     503 00000410 328000AA     [!B0]   MVK     .S2     1,B5              ; |82| 
     504                    
     505 00000420 328428C3     [!B0]   ZERO    .D2     B5                ; |83| 
     506 00000424 220840FB  || [ B0]   ZERO    .L2     B4                ; |79| 
     507 00000428 3200006B! || [!B0]   MVKH    .S2     _respacket+208,B4 ; |83| 
     508 0000042c 32800276  || [!B0]   STW     .D1T2   B5,*A0            ; |82| 
     509                    
     510 00000430 2201006B     [ B0]   MVKH    .S2     0x2000000,B4      ; |79| 
     511 00000434 329002F6  || [!B0]   STW     .D2T2   B5,*B4            ; |83| 
     512                    
     513 00000438 201002F4     [ B0]   STW     .D2T1   A0,*B4            ; |79| 
     514                               ; BRANCH OCCURS                   ; |85| 
     515                    ;** --------------------------------------------------------------------------*
     516 0000043c           L6:    
     517 0000043c 00006000             NOP             4
     518 00000440 00118A5A             CMPEQ   .L2     B4,12,B0          ; |86| 
     519 00000444 30001690     [!B0]   B       .S1     L8                ; |86| 
     520 00000448 00002000             NOP             2
     521 0000044c 20000A28     [ B0]   MVKL    .S1     0x2000014,A0      ; |87| 
     522 00000450 20010068     [ B0]   MVKH    .S1     0x2000014,A0      ; |87| 
     523 00000454 20000264     [ B0]   LDW     .D1T1   *A0,A0            ; |87| 
     524                               ; BRANCH OCCURS                   ; |86| 
     525                    ;** --------------------------------------------------------------------------*
     526 00000458 00006000             NOP             4
     527 0000045c 008027A0             AND     .S1     1,A0,A1           ; |87| 
     528 00000460 90001290     [!A1]   B       .S1     L8                ; |87| 
     529 00000464 00006000             NOP             4
     530 00000468 820008C2     [ A1]   ZERO    .D2     B4                ; |88| 
     531                               ; BRANCH OCCURS                   ; |87| 
     532                    ;*----------------------------------------------------------------------------*
     533                    ;*   SOFTWARE PIPELINE INFORMATION
     534                    ;*      Disqualified loop: software pipelining disabled
     535                    ;*----------------------------------------------------------------------------*
     536 0000046c           L7:    
     537                    
     538 0000046c 0201006B             MVKH    .S2     0x2000000,B4      ; |88| 
     539 00000470 00003E28! ||         MVKL    .S1     _compacket+124,A0 ; |88| 
     540                    
     541 00000474 021002E7             LDW     .D2T2   *B4,B4            ; |88| 
     542 00000478 00000068! ||         MVKH    .S1     _compacket+124,A0 ; |88| 
     543                    
     544 0000047c 01800264             LDW     .D1T1   *A0,A3            ; |88| 
     545 00000480 00003E28!            MVKL    .S1     _compacket+124,A0 ; |89| 
     546 00000484 00000068!            MVKH    .S1     _compacket+124,A0 ; |89| 
     547 00000488 00000000             NOP             1
     548 0000048c 0213180A             EXTU    .S2     B4,24,24,B4       ; |88| 
     549 00000490 020C0236             STB     .D1T2   B4,*A3            ; |88| 
     550 00000494 00000264             LDW     .D1T1   *A0,A0            ; |89| 
TMS320C6x COFF Assembler         Version 4.10     Wed May 06 12:04:41 2026
Copyright (c) 1996-2001 Texas Instruments Incorporated
temp\interrupt.asm                                                   PAGE   11

     551 00000498 020031AA!            MVKL    .S2     _compacket+99,B4  ; |89| 
     552 0000049c 0200006A!            MVKH    .S2     _compacket+99,B4  ; |89| 
     553 000004a0 00002000             NOP             2
     554 000004a4 00009A7A             CMPEQ   .L2X    A0,B4,B0          ; |89| 
     555 000004a8 30003E28!    [!B0]   MVKL    .S1     _compacket+124,A0 ; |93| 
     556 000004ac 30000068!    [!B0]   MVKH    .S1     _compacket+124,A0 ; |93| 
     557 000004b0 32000940     [!B0]   MV      .D1     A0,A4             ; |93| 
     558 000004b4 30100264     [!B0]   LDW     .D1T1   *A4,A0            ; |93| 
     559 000004b8 20003E28!    [ B0]   MVKL    .S1     _compacket+124,A0 ; |90| 
     560 000004bc 2200002A!    [ B0]   MVKL    .S2     _compacket,B4     ; |90| 
     561 000004c0 20000068!    [ B0]   MVKH    .S1     _compacket+124,A0 ; |90| 
     562 000004c4 2200006A!    [ B0]   MVKH    .S2     _compacket,B4     ; |90| 
     563                    
     564 000004c8 00000A29             MVKL    .S1     0x2000014,A0      ; |95| 
     565 000004cc 31802059  || [!B0]   ADD     .L1     1,A0,A3           ; |93| 
     566 000004d0 22000276  || [ B0]   STW     .D1T2   B4,*A0            ; |90| 
     567                    
     568 000004d4 00010069             MVKH    .S1     0x2000014,A0      ; |95| 
     569 000004d8 31900274  || [!B0]   STW     .D1T1   A3,*A4            ; |93| 
     570                    
     571 000004dc 00000264             LDW     .D1T1   *A0,A0            ; |95| 
     572 000004e0 00006000             NOP             4
     573 000004e4 008027A0             AND     .S1     1,A0,A1           ; |95| 
     574 000004e8 8FFFF190     [ A1]   B       .S1     L7                ; |95| 
     575 000004ec 00006000             NOP             4
     576 000004f0 820008C2     [ A1]   ZERO    .D2     B4                ; |88| 
     577                               ; BRANCH OCCURS                   ; |95| 
     578                    ;** --------------------------------------------------------------------------*
     579 000004f4           L8:    
     580 000004f4 00000428             MVKL    .S1     0x2000008,A0      ; |97| 
     581 000004f8 00010068             MVKH    .S1     0x2000008,A0      ; |97| 
     582 000004fc 00000264             LDW     .D1T1   *A0,A0            ; |97| 
     583 00000500 00002000             NOP             2
     584                    ;** --------------------------------------------------------------------------*
     585 00000504           L9:    
     586 00000504 00002000             NOP             2
     587 00000508 0001E7A0             AND     .S1     15,A0,A0          ; |97| 
     588 0000050c 00802A58             CMPEQ   .L1     A0,1,A1           ; |97| 
     589 00000510 9FFFB310     [!A1]   B       .S1     L3                ; |97| 
     590 00000514 003C22F4             STW     .D2T1   A0,*+SP(4)        ; |97| 
     591 00000518 923C22E6     [!A1]   LDW     .D2T2   *+SP(4),B4        ; |65| 
     592 0000051c 83BE82E6     [ A1]   LDW     .D2T2   *+SP(80),B7       ; |98| 
     593 00000520 833E62E6     [ A1]   LDW     .D2T2   *+SP(76),B6       ; |98| 
     594 00000524 82BE42E6     [ A1]   LDW     .D2T2   *+SP(72),B5       ; |98| 
     595                               ; BRANCH OCCURS                   ; |97| 
     596                    ;** --------------------------------------------------------------------------*
     597 00000528 023E22E6             LDW     .D2T2   *+SP(68),B4       ; |98| 
     598                    ;** --------------------------------------------------------------------------*
     599 0000052c           L10:    
     600 0000052c 01BE02E6             LDW     .D2T2   *+SP(64),B3       ; |98| 
     601 00000530 013DE2E6             LDW     .D2T2   *+SP(60),B2       ; |98| 
     602 00000534 00BDC2E6             LDW     .D2T2   *+SP(56),B1       ; |98| 
     603 00000538 003DA2E6             LDW     .D2T2   *+SP(52),B0       ; |98| 
     604 0000053c 04BD82E4             LDW     .D2T1   *+SP(48),A9       ; |98| 
     605 00000540 043D62E4             LDW     .D2T1   *+SP(44),A8       ; |98| 
TMS320C6x COFF Assembler         Version 4.10     Wed May 06 12:04:41 2026
Copyright (c) 1996-2001 Texas Instruments Incorporated
temp\interrupt.asm                                                   PAGE   12

     606 00000544 03BD42E4             LDW     .D2T1   *+SP(40),A7       ; |98| 
     607 00000548 033D22E4             LDW     .D2T1   *+SP(36),A6       ; |98| 
     608 0000054c 02BD02E4             LDW     .D2T1   *+SP(32),A5       ; |98| 
     609 00000550 023CE2E4             LDW     .D2T1   *+SP(28),A4       ; |98| 
     610 00000554 01BCC2E4             LDW     .D2T1   *+SP(24),A3       ; |98| 
     611 00000558 013CA2E4             LDW     .D2T1   *+SP(20),A2       ; |98| 
     612 0000055c 00BC82E4             LDW     .D2T1   *+SP(16),A1       ; |98| 
     613 00000560 003C62E4             LDW     .D2T1   *+SP(12),A0       ; |98| 
     614                    
     615 00000564 001800E3             B       .S2     IRP               ; |98| 
     616 00000568 043EA2E6  ||         LDW     .D2T2   *+SP(84),B8       ; |98| 
     617                    
     618 0000056c 04BED2E6             LDW     .D2T2   *++SP(88),B9      ; |98| 
     619 00000570 00006000             NOP             4
     620                               ; BRANCH OCCURS                   ; |98| 
     621                    
     622                    
     623                    ;******************************************************************************
     624                    ;* UNDEFINED EXTERNAL REFERENCES                                              *
     625                    ;******************************************************************************
     626                            .global _SendByte
     627                            .global _UMAddData
     628                            .global _compacket
     629                            .global _respacket
     630                            .global _mon_angle
     631                            .global _mon_vel
     632                            .global __remu

No Assembly Errors, No Assembly Warnings
